[    0.000000] Linux version 5.15.0-198-generic (buildd@lcy02-amd64-040) (gcc (Ubuntu 11.4.0-1ubuntu1~22.04.3) 11.4.0, GNU ld (GNU Binutils for Ubuntu) 2.38) #208-Ubuntu SMP Fri Sep 4 10:22:38 UTC 2026 (Ubuntu 5.15.0-198.208-generic 5.15.216)
[    0.000000] Command line: BOOT_IMAGE=/boot/vmlinuz-5.15.0-198-generic root=LABEL=cloudimg-rootfs ro console=tty1 console=ttyS0
[    0.000000] KERNEL supported cpus:
[    0.000000]   Intel GenuineIntel
[    0.000000]   AMD AuthenticAMD
[    0.000000]   Hygon HygonGenuine
[    0.000000]   Centaur CentaurHauls
[    0.000000]   zhaoxin   Shanghai  
[    0.000000] BIOS-provided physical RAM map:
[    0.000000] BIOS-e820: [mem 0x0000000000000000-0x000000000009fbff] usable
[    0.000000] BIOS-e820: [mem 0x000000000009fc00-0x000000000009ffff] reserved
[    0.000000] BIOS-e820: [mem 0x00000000000f0000-0x00000000000fffff] reserved
[    0.000000] BIOS-e820: [mem 0x0000000000100000-0x000000007ffd5fff] usable
[    0.000000] BIOS-e820: [mem 0x000000007ffd6000-0x000000007fffffff] reserved
[    0.000000] BIOS-e820: [mem 0x00000000b0000000-0x00000000bfffffff] reserved
[    0.000000] BIOS-e820: [mem 0x00000000fed1c000-0x00000000fed1ffff] reserved
[    0.000000] BIOS-e820: [mem 0x00000000feffc000-0x00000000feffffff] reserved
[    0.000000] BIOS-e820: [mem 0x00000000fffc0000-0x00000000ffffffff] reserved
[    0.000000] BIOS-e820: [mem 0x000000fd00000000-0x000000ffffffffff] reserved
[    0.000000] NX (Execute Disable) protection: active
[    0.000000] SMBIOS 3.0.0 present.
[    0.000000] DMI: QEMU Standard PC (Q35 + ICH9, 2009), BIOS 1.16.3-debian-1.16.3-2 04/01/2014
[    0.000000] Hypervisor detected: KVM
[    0.000000] kvm-clock: Using msrs 4b564d01 and 4b564d00
[    0.000000] kvm-clock: cpu 0, msr 17001001, primary cpu clock
[    0.000001] kvm-clock: using sched offset of 1755456332 cycles
[    0.000003] clocksource: kvm-clock: mask: 0xffffffffffffffff max_cycles: 0x1cd42e4dffb, max_idle_ns: 881590591483 ns
[    0.000006] tsc: Detected 2596.146 MHz processor
[    0.000686] last_pfn = 0x7ffd6 max_arch_pfn = 0x400000000
[    0.000861] x86/PAT: Configuration [0-7]: WB  WC  UC- UC  WB  WP  UC- WT  
[    0.002659] found SMP MP-table at [mem 0x000f5460-0x000f546f]
[    0.002693] Using GB pages for direct mapping
[    0.002850] RAMDISK: [mem 0x33f73000-0x35fb0fff]
[    0.002856] ACPI: Early table checksum verification disabled
[    0.002871] ACPI: RSDP 0x00000000000F52A0 000014 (v00 BOCHS )
[    0.002878] ACPI: RSDT 0x000000007FFE239C 000038 (v01 BOCHS  BXPC     00000001 BXPC 00000001)
[    0.002883] ACPI: FACP 0x000000007FFE218C 0000F4 (v03 BOCHS  BXPC     00000001 BXPC 00000001)
[    0.002887] ACPI: DSDT 0x000000007FFE0040 00214C (v01 BOCHS  BXPC     00000001 BXPC 00000001)
[    0.002889] ACPI: FACS 0x000000007FFE0000 000040
[    0.002891] ACPI: APIC 0x000000007FFE2280 000080 (v03 BOCHS  BXPC     00000001 BXPC 00000001)
[    0.002893] ACPI: HPET 0x000000007FFE2300 000038 (v01 BOCHS  BXPC     00000001 BXPC 00000001)
[    0.002895] ACPI: MCFG 0x000000007FFE2338 00003C (v01 BOCHS  BXPC     00000001 BXPC 00000001)
[    0.002897] ACPI: WAET 0x000000007FFE2374 000028 (v01 BOCHS  BXPC     00000001 BXPC 00000001)
[    0.002898] ACPI: Reserving FACP table memory at [mem 0x7ffe218c-0x7ffe227f]
[    0.002900] ACPI: Reserving DSDT table memory at [mem 0x7ffe0040-0x7ffe218b]
[    0.002900] ACPI: Reserving FACS table memory at [mem 0x7ffe0000-0x7ffe003f]
[    0.002901] ACPI: Reserving APIC table memory at [mem 0x7ffe2280-0x7ffe22ff]
[    0.002902] ACPI: Reserving HPET table memory at [mem 0x7ffe2300-0x7ffe2337]
[    0.002902] ACPI: Reserving MCFG table memory at [mem 0x7ffe2338-0x7ffe2373]
[    0.002903] ACPI: Reserving WAET table memory at [mem 0x7ffe2374-0x7ffe239b]
[    0.003498] No NUMA configuration found
[    0.003499] Faking a node at [mem 0x0000000000000000-0x000000007ffd5fff]
[    0.003505] NODE_DATA(0) allocated [mem 0x7ffac000-0x7ffd5fff]
[    0.003704] Zone ranges:
[    0.003705]   DMA      [mem 0x0000000000001000-0x0000000000ffffff]
[    0.003706]   DMA32    [mem 0x0000000001000000-0x000000007ffd5fff]
[    0.003708]   Normal   empty
[    0.003709]   Device   empty
[    0.003710] Movable zone start for each node
[    0.003712] Early memory node ranges
[    0.003712]   node   0: [mem 0x0000000000001000-0x000000000009efff]
[    0.003714]   node   0: [mem 0x0000000000100000-0x000000007ffd5fff]
[    0.003715] Initmem setup node 0 [mem 0x0000000000001000-0x000000007ffd5fff]
[    0.003722] On node 0, zone DMA: 1 pages in unavailable ranges
[    0.003737] On node 0, zone DMA: 97 pages in unavailable ranges
[    0.005635] On node 0, zone DMA32: 42 pages in unavailable ranges
[    0.006504] ACPI: PM-Timer IO Port: 0x608
[    0.006526] ACPI: LAPIC_NMI (acpi_id[0xff] dfl dfl lint[0x1])
[    0.006589] IOAPIC[0]: apic_id 0, version 17, address 0xfec00000, GSI 0-23
[    0.006592] ACPI: INT_SRC_OVR (bus 0 bus_irq 0 global_irq 2 dfl dfl)
[    0.006594] ACPI: INT_SRC_OVR (bus 0 bus_irq 5 global_irq 5 high level)
[    0.006595] ACPI: INT_SRC_OVR (bus 0 bus_irq 9 global_irq 9 high level)
[    0.006596] ACPI: INT_SRC_OVR (bus 0 bus_irq 10 global_irq 10 high level)
[    0.006597] ACPI: INT_SRC_OVR (bus 0 bus_irq 11 global_irq 11 high level)
[    0.006599] ACPI: Using ACPI (MADT) for SMP configuration information
[    0.006600] ACPI: HPET id: 0x8086a201 base: 0xfed00000
[    0.006603] TSC deadline timer available
[    0.006610] smpboot: Allowing 2 CPUs, 0 hotplug CPUs
[    0.006647] kvm-guest: KVM setup pv remote TLB flush
[    0.006659] kvm-guest: setup PV sched yield
[    0.006668] PM: hibernation: Registered nosave memory: [mem 0x00000000-0x00000fff]
[    0.006669] PM: hibernation: Registered nosave memory: [mem 0x0009f000-0x000fffff]
[    0.006671] [mem 0xc0000000-0xfed1bfff] available for PCI devices
[    0.006672] Booting paravirtualized kernel on KVM
[    0.006674] clocksource: refined-jiffies: mask: 0xffffffff max_cycles: 0xffffffff, max_idle_ns: 7645519600211568 ns
[    0.006681] setup_percpu: NR_CPUS:8192 nr_cpumask_bits:2 nr_cpu_ids:2 nr_node_ids:1
[    0.006853] percpu: Embedded 62 pages/cpu s217088 r8192 d28672 u1048576
[    0.006898] kvm-guest: setup async PF for cpu 0
[    0.006912] kvm-guest: stealtime: cpu 0, msr 7dc34080
[    0.006921] kvm-guest: PV spinlocks enabled
[    0.006923] PV qspinlock hash table entries: 256 (order: 0, 4096 bytes, linear)
[    0.006933] Built 1 zonelists, mobility grouping on.  Total pages: 515798
[    0.006934] Policy zone: DMA32
[    0.006936] Kernel command line: BOOT_IMAGE=/boot/vmlinuz-5.15.0-198-generic root=LABEL=cloudimg-rootfs ro console=tty1 console=ttyS0
[    0.007117] Dentry cache hash table entries: 262144 (order: 9, 2097152 bytes, linear)
[    0.007153] Inode-cache hash table entries: 131072 (order: 8, 1048576 bytes, linear)
[    0.007204] mem auto-init: stack:off, heap alloc:on, heap free:off
[    0.009156] Memory: 1968704K/2096592K available (16393K kernel code, 4402K rwdata, 11004K rodata, 3296K init, 18764K bss, 127628K reserved, 0K cma-reserved)
[    0.009553] SLUB: HWalign=64, Order=0-3, MinObjects=0, CPUs=2, Nodes=1
[    0.009586] ftrace: allocating 50925 entries in 199 pages
[    0.028814] ftrace: allocated 199 pages with 5 groups
[    0.028930] rcu: Hierarchical RCU implementation.
[    0.028931] rcu: 	RCU restricting CPUs from NR_CPUS=8192 to nr_cpu_ids=2.
[    0.028933] 	Rude variant of Tasks RCU enabled.
[    0.028934] 	Tracing variant of Tasks RCU enabled.
[    0.028934] rcu: RCU calculated value of scheduler-enlistment delay is 25 jiffies.
[    0.028936] rcu: Adjusting geometry for rcu_fanout_leaf=16, nr_cpu_ids=2
[    0.032073] NR_IRQS: 524544, nr_irqs: 440, preallocated irqs: 16
[    0.032384] random: crng init done
[    0.054498] Console: colour VGA+ 80x25
[    0.118387] printk: console [tty1] enabled
[    0.274750] printk: console [ttyS0] enabled
[    0.276203] ACPI: Core revision 20210730
[    0.277749] clocksource: hpet: mask: 0xffffffff max_cycles: 0xffffffff, max_idle_ns: 19112604467 ns
[    0.280793] APIC: Switch to symmetric I/O mode setup
[    0.282950] x2apic enabled
[    0.284504] Switched APIC routing to physical x2apic.
[    0.286244] kvm-guest: setup PV IPIs
[    0.289931] ..TIMER: vector=0x30 apic1=0 pin1=2 apic2=-1 pin2=-1
[    0.291911] tsc: Marking TSC unstable due to TSCs unsynchronized
[    0.293913] Calibrating delay loop (skipped) preset value.. 5192.29 BogoMIPS (lpj=10384584)
[    0.298052] x86/cpu: User Mode Instruction Prevention (UMIP) activated
[    0.300374] Last level iTLB entries: 4KB 512, 2MB 255, 4MB 127
[    0.301910] Last level dTLB entries: 4KB 512, 2MB 255, 4MB 127, 1GB 0
[    0.303962] Spectre V1 : Mitigation: usercopy/swapgs barriers and __user pointer sanitization
[    0.305911] Spectre V2 : Mitigation: Retpolines
[    0.307424] Spectre V2 : Spectre v2 / SpectreRSB: Filling RSB on context switch and VMEXIT
[    0.309910] Speculative Store Bypass: Vulnerable
[    0.311448] Speculative Return Stack Overflow: IBPB-extending microcode not applied!
[    0.313909] Speculative Return Stack Overflow: WARNING: See https://kernel.org/doc/html/latest/admin-guide/hw-vuln/srso.html for mitigation options.
[    0.313911] active return thunk: srso_alias_return_thunk
[    0.319625] Speculative Return Stack Overflow: Mitigation: safe RET, no microcode
[    0.321910] Transient Scheduler Attacks: Forcing mitigation on in a VM
[    0.323979] Transient Scheduler Attacks: Vulnerable: Clear CPU buffers attempted, no microcode
[    0.326170] x86/fpu: Supporting XSAVE feature 0x001: 'x87 floating point registers'
[    0.329910] x86/fpu: Supporting XSAVE feature 0x002: 'SSE registers'
[    0.333910] x86/fpu: Supporting XSAVE feature 0x004: 'AVX registers'
[    0.336282] x86/fpu: Supporting XSAVE feature 0x020: 'AVX-512 opmask'
[    0.337910] x86/fpu: Supporting XSAVE feature 0x040: 'AVX-512 Hi256'
[    0.340278] x86/fpu: Supporting XSAVE feature 0x080: 'AVX-512 ZMM_Hi256'
[    0.341958] x86/fpu: xstate_offset[2]:  576, xstate_sizes[2]:  256
[    0.345910] x86/fpu: xstate_offset[5]:  832, xstate_sizes[5]:   64
[    0.348233] x86/fpu: xstate_offset[6]:  896, xstate_sizes[6]:  512
[    0.349910] x86/fpu: xstate_offset[7]: 1408, xstate_sizes[7]: 1024
[    0.352230] x86/fpu: Enabled xstate features 0xe7, context size is 2432 bytes, using 'compacted' format.
[    0.381530] Freeing SMP alternatives memory: 44K
[    0.381912] pid_max: default: 32768 minimum: 301
[    0.383736] LSM: Security Framework initializing
[    0.385926] landlock: Up and running.
[    0.387410] Yama: becoming mindful.
[    0.389946] AppArmor: AppArmor initialized
[    0.391619] Mount-cache hash table entries: 4096 (order: 3, 32768 bytes, linear)
[    0.393913] Mountpoint-cache hash table entries: 4096 (order: 3, 32768 bytes, linear)
[    0.398168] smpboot: CPU0: AMD EPYC 9V74 80-Core Processor (family: 0x19, model: 0x11, stepping: 0x1)
[    0.401735] Performance Events: PMU not available due to virtualization, using software events only.
[    0.405959] signal: max sigframe size: 3376
[    0.407512] rcu: Hierarchical SRCU implementation.
[    0.409624] NMI watchdog: Perf NMI watchdog permanently disabled
[    0.409990] smp: Bringing up secondary CPUs ...
[    0.414261] x86: Booting SMP configuration:
[    0.416188] .... node  #0, CPUs:      #1
[    0.253536] kvm-clock: cpu 1, msr 17001041, secondary cpu clock
[    0.418725] kvm-guest: setup async PF for cpu 1
[    0.421908] kvm-guest: stealtime: cpu 1, msr 7dd34080
[    0.421952] smp: Brought up 1 node, 2 CPUs
[    0.425922] smpboot: Max logical packages: 1
[    0.427456] smpboot: Total of 2 processors activated (10384.58 BogoMIPS)
[    0.430152] devtmpfs: initialized
[    0.431237] x86/mm: Memory block size: 128MB
[    0.433128] clocksource: jiffies: mask: 0xffffffff max_cycles: 0xffffffff, max_idle_ns: 7645041785100000 ns
[    0.433924] futex hash table entries: 512 (order: 3, 32768 bytes, linear)
[    0.436273] pinctrl core: initialized pinctrl subsystem
[    0.438207] PM: RTC time: 06:44:12, date: 2026-10-10
[    0.440116] NET: Registered PF_NETLINK/PF_ROUTE protocol family
[    0.442065] DMA: preallocated 256 KiB GFP_KERNEL pool for atomic allocations
[    0.444432] DMA: preallocated 256 KiB GFP_KERNEL|GFP_DMA pool for atomic allocations
[    0.445928] DMA: preallocated 256 KiB GFP_KERNEL|GFP_DMA32 pool for atomic allocations
[    0.448601] audit: initializing netlink subsys (disabled)
[    0.449976] audit: type=2000 audit(1791614651.985:1): state=initialized audit_enabled=0 res=1
[    0.450117] thermal_sys: Registered thermal governor 'fair_share'
[    0.453139] thermal_sys: Registered thermal governor 'bang_bang'
[    0.453919] thermal_sys: Registered thermal governor 'step_wise'
[    0.455949] thermal_sys: Registered thermal governor 'user_space'
[    0.457918] thermal_sys: Registered thermal governor 'power_allocator'
[    0.460016] cpuidle: using governor ladder
[    0.463393] cpuidle: using governor menu
[    0.466044] ACPI: bus type PCI registered
[    0.467505] acpiphp: ACPI Hot Plug PCI Controller Driver version: 0.5
[    0.470000] PCI: MMCONFIG for domain 0000 [bus 00-ff] at [mem 0xb0000000-0xbfffffff] (base 0xb0000000)
[    0.473091] PCI: MMCONFIG at [mem 0xb0000000-0xbfffffff] reserved in E820
[    0.473936] PCI: Using configuration type 1 for base access
[    0.477967] kprobes: kprobe jump-optimization is enabled. All kprobes are optimized if possible.
[    0.480991] HugeTLB registered 1.00 GiB page size, pre-allocated 0 pages
[    0.481920] HugeTLB registered 2.00 MiB page size, pre-allocated 0 pages
[    0.486021] ACPI: Added _OSI(Module Device)
[    0.487566] ACPI: Added _OSI(Processor Device)
[    0.489131] ACPI: Added _OSI(Processor Aggregator Device)
[    0.489935] ACPI: Added _OSI(Linux-Dell-Video)
[    0.491504] ACPI: Added _OSI(Linux-Lenovo-NV-HDMI-Audio)
[    0.493323] ACPI: Added _OSI(Linux-HPI-Hybrid-Graphics)
[    0.496587] ACPI: 1 ACPI AML tables successfully acquired and loaded
[    0.499502] ACPI: Interpreter enabled
[    0.500871] ACPI: PM: (supports S0 S3 S4 S5)
[    0.501932] ACPI: Using IOAPIC for interrupt routing
[    0.503694] PCI: Using host bridge windows from ACPI; if necessary, use "pci=nocrs" and report a bug
[    0.505940] PCI: Using E820 reservations for host bridge windows
[    0.508203] ACPI: Enabled 2 GPEs in block 00 to 3F
[    0.513188] ACPI: PCI Root Bridge [PCI0] (domain 0000 [bus 00-ff])
[    0.513924] acpi PNP0A08:00: _OSC: OS supports [ExtendedConfig ASPM ClockPM Segments MSI EDR HPX-Type3]
[    0.517240] acpi PNP0A08:00: _OSC: platform does not support [PCIeHotplug LTR DPC]
[    0.518069] acpi PNP0A08:00: _OSC: OS now controls [SHPCHotplug PME AER PCIeCapability]
[    0.521102] PCI host bridge to bus 0000:00
[    0.521918] pci_bus 0000:00: root bus resource [io  0x0000-0x0cf7 window]
[    0.524199] pci_bus 0000:00: root bus resource [io  0x0d00-0xffff window]
[    0.525917] pci_bus 0000:00: root bus resource [mem 0x000a0000-0x000bffff window]
[    0.528468] pci_bus 0000:00: root bus resource [mem 0x80000000-0xafffffff window]
[    0.529917] pci_bus 0000:00: root bus resource [mem 0xc0000000-0xfebfffff window]
[    0.532472] pci_bus 0000:00: root bus resource [mem 0x100000000-0x8ffffffff window]
[    0.533918] pci_bus 0000:00: root bus resource [bus 00-ff]
[    0.535978] pci 0000:00:00.0: [8086:29c0] type 00 class 0x060000
[    0.540278] pci 0000:00:01.0: [1234:1111] type 00 class 0x030000
[    0.543653] pci 0000:00:01.0: reg 0x10: [mem 0xfd000000-0xfdffffff pref]
[    0.545954] pci 0000:00:01.0: reg 0x18: [mem 0xfeb90000-0xfeb90fff]
[    0.548136] pci 0000:00:01.0: reg 0x30: [mem 0xfeb80000-0xfeb8ffff pref]
[    0.550040] pci 0000:00:01.0: Video device with shadowed ROM at [mem 0x000c0000-0x000dffff]
[    0.554784] pci 0000:00:02.0: [1af4:1000] type 00 class 0x020000
[    0.558467] pci 0000:00:02.0: reg 0x10: [io  0xc1c0-0xc1df]
[    0.560507] pci 0000:00:02.0: reg 0x14: [mem 0xfeb91000-0xfeb91fff]
[    0.561985] pci 0000:00:02.0: reg 0x20: [mem 0xfe000000-0xfe003fff 64bit pref]
[    0.564476] pci 0000:00:02.0: reg 0x30: [mem 0xfeb00000-0xfeb7ffff pref]
[    0.568620] pci 0000:00:03.0: [1af4:1001] type 00 class 0x010000
[    0.571216] pci 0000:00:03.0: reg 0x10: [io  0xc000-0xc07f]
[    0.573155] pci 0000:00:03.0: reg 0x14: [mem 0xfeb92000-0xfeb92fff]
[    0.573978] pci 0000:00:03.0: reg 0x20: [mem 0xfe004000-0xfe007fff 64bit pref]
[    0.579419] pci 0000:00:04.0: [1af4:1001] type 00 class 0x010000
[    0.582664] pci 0000:00:04.0: reg 0x10: [io  0xc080-0xc0ff]
[    0.584597] pci 0000:00:04.0: reg 0x14: [mem 0xfeb93000-0xfeb93fff]
[    0.585985] pci 0000:00:04.0: reg 0x20: [mem 0xfe008000-0xfe00bfff 64bit pref]
[    0.591405] pci 0000:00:05.0: [1af4:1001] type 00 class 0x010000
[    0.594661] pci 0000:00:05.0: reg 0x10: [io  0xc100-0xc17f]
[    0.596689] pci 0000:00:05.0: reg 0x14: [mem 0xfeb94000-0xfeb94fff]
[    0.597988] pci 0000:00:05.0: reg 0x20: [mem 0xfe00c000-0xfe00ffff 64bit pref]
[    0.636315] pci 0000:00:1f.0: [8086:2918] type 00 class 0x060100
[    0.638677] pci 0000:00:1f.0: quirk: [io  0x0600-0x067f] claimed by ICH6 ACPI/GPIO/TCO
[    0.641900] pci 0000:00:1f.2: [8086:2922] type 00 class 0x010601
[    0.643041] pci 0000:00:1f.2: reg 0x20: [io  0xc1e0-0xc1ff]
[    0.645143] pci 0000:00:1f.2: reg 0x24: [mem 0xfeb95000-0xfeb95fff]
[    0.646678] pci 0000:00:1f.3: [8086:2930] type 00 class 0x0c0500
[    0.649594] pci 0000:00:1f.3: reg 0x20: [io  0x0700-0x073f]
[    0.651926] ACPI: PCI: Interrupt link LNKA configured for IRQ 10
[    0.654076] ACPI: PCI: Interrupt link LNKB configured for IRQ 10
[    0.656275] ACPI: PCI: Interrupt link LNKC configured for IRQ 11
[    0.658069] ACPI: PCI: Interrupt link LNKD configured for IRQ 11
[    0.660278] ACPI: PCI: Interrupt link LNKE configured for IRQ 10
[    0.662067] ACPI: PCI: Interrupt link LNKF configured for IRQ 10
[    0.664255] ACPI: PCI: Interrupt link LNKG configured for IRQ 11
[    0.666065] ACPI: PCI: Interrupt link LNKH configured for IRQ 11
[    0.668153] ACPI: PCI: Interrupt link GSIA configured for IRQ 16
[    0.669936] ACPI: PCI: Interrupt link GSIB configured for IRQ 17
[    0.671989] ACPI: PCI: Interrupt link GSIC configured for IRQ 18
[    0.673931] ACPI: PCI: Interrupt link GSID configured for IRQ 19
[    0.675988] ACPI: PCI: Interrupt link GSIE configured for IRQ 20
[    0.677930] ACPI: PCI: Interrupt link GSIF configured for IRQ 21
[    0.680001] ACPI: PCI: Interrupt link GSIG configured for IRQ 22
[    0.681931] ACPI: PCI: Interrupt link GSIH configured for IRQ 23
[    0.684518] iommu: Default domain type: Translated 
[    0.684518] iommu: DMA domain TLB invalidation policy: lazy mode 
[    0.686209] SCSI subsystem initialized
[    0.689955] pci 0000:00:01.0: vgaarb: setting as boot VGA device
[    0.692015] pci 0000:00:01.0: vgaarb: VGA device added: decodes=io+mem,owns=io+mem,locks=none
[    0.693925] pci 0000:00:01.0: vgaarb: bridge control possible
[    0.695886] vgaarb: loaded
[    0.696994] ACPI: bus type USB registered
[    0.697948] usbcore: registered new interface driver usbfs
[    0.699846] usbcore: registered new interface driver hub
[    0.701704] usbcore: registered new device driver usb
[    0.701952] pps_core: LinuxPPS API ver. 1 registered
[    0.703680] pps_core: Software ver. 5.3.6 - Copyright 2005-2007 Rodolfo Giometti <giometti@linux.it>
[    0.705925] PTP clock support registered
[    0.707381] EDAC MC: Ver: 3.0.0
[    0.707381] NetLabel: Initializing
[    0.707518] NetLabel:  domain hash size = 128
[    0.709246] NetLabel:  protocols = UNLABELED CIPSOv4 CALIPSO
[    0.713945] NetLabel:  unlabeled traffic allowed by default
[    0.716093] PCI: Using ACPI for IRQ routing
[    1.195898] hpet0: at MMIO 0xfed00000, IRQs 2, 8, 0
[    1.197918] hpet0: 3 comparators, 64-bit 100.000000 MHz counter
[    1.204066] clocksource: Switched to clocksource kvm-clock
[    1.218522] VFS: Disk quotas dquot_6.6.0
[    1.220027] VFS: Dquot-cache hash table entries: 512 (order 0, 4096 bytes)
[    1.222555] AppArmor: AppArmor Filesystem Enabled
[    1.224244] pnp: PnP ACPI init
[    1.225677] system 00:05: [mem 0xb0000000-0xbfffffff window] has been reserved
[    1.228624] pnp: PnP ACPI: found 6 devices
[    1.237461] clocksource: acpi_pm: mask: 0xffffff max_cycles: 0xffffff, max_idle_ns: 2085701024 ns
[    1.240565] NET: Registered PF_INET protocol family
[    1.242318] IP idents hash table entries: 32768 (order: 6, 262144 bytes, linear)
[    1.245261] tcp_listen_portaddr_hash hash table entries: 1024 (order: 2, 16384 bytes, linear)
[    1.248236] Table-perturb hash table entries: 65536 (order: 6, 262144 bytes, linear)
[    1.250931] TCP established hash table entries: 16384 (order: 5, 131072 bytes, linear)
[    1.253980] TCP bind hash table entries: 16384 (order: 6, 262144 bytes, linear)
[    1.256756] TCP: Hash tables configured (established 16384 bind 16384)
[    1.259295] MPTCP token hash table entries: 2048 (order: 4, 49152 bytes, linear)
[    1.262138] UDP hash table entries: 1024 (order: 3, 32768 bytes, linear)
[    1.264632] UDP-Lite hash table entries: 1024 (order: 3, 32768 bytes, linear)
[    1.267364] NET: Registered PF_UNIX/PF_LOCAL protocol family
[    1.269522] NET: Registered PF_XDP protocol family
[    1.271427] pci_bus 0000:00: resource 4 [io  0x0000-0x0cf7 window]
[    1.273767] pci_bus 0000:00: resource 5 [io  0x0d00-0xffff window]
[    1.276085] pci_bus 0000:00: resource 6 [mem 0x000a0000-0x000bffff window]
[    1.289737] pci_bus 0000:00: resource 7 [mem 0x80000000-0xafffffff window]
[    1.292292] pci_bus 0000:00: resource 8 [mem 0xc0000000-0xfebfffff window]
[    1.294893] pci_bus 0000:00: resource 9 [mem 0x100000000-0x8ffffffff window]
[    1.297727] PCI: CLS 0 bytes, default 64
[    1.299407] Trying to unpack rootfs image as initramfs...
[    1.301776] Initialise system trusted keyrings
[    1.303563] Key type blacklist registered
[    1.305238] workingset: timestamp_bits=36 max_order=19 bucket_order=0
[    1.309527] zbud: loaded
[    1.310987] squashfs: version 4.0 (2009/01/31) Phillip Lougher
[    1.313391] fuse: init (API version 7.34)
[    1.315275] integrity: Platform Keyring initialized
[    1.319854] Key type asymmetric registered
[    1.321502] Asymmetric key parser 'x509' registered
[    1.323485] Block layer SCSI generic (bsg) driver version 0.4 loaded (major 243)
[    1.326357] io scheduler mq-deadline registered
[    1.328408] shpchp: Standard Hot Plug PCI Controller Driver version: 0.4
[    1.331102] input: Power Button as /devices/LNXSYSTM:00/LNXPWRBN:00/input/input0
[    1.333997] ACPI: button: Power Button [PWRF]
[    1.336583] ACPI: \_SB_.GSIG: Enabled at IRQ 22
[    1.340863] ACPI: \_SB_.GSIH: Enabled at IRQ 23
[    1.345047] ACPI: \_SB_.GSIE: Enabled at IRQ 20
[    1.349210] ACPI: \_SB_.GSIF: Enabled at IRQ 21
[    1.352981] Serial: 8250/16550 driver, 32 ports, IRQ sharing enabled
[    1.382922] 00:03: ttyS0 at I/O 0x3f8 (irq = 4, base_baud = 115200) is a 16550A
[    1.387846] Linux agpgart interface v0.103
[    1.391180] loop: module loaded
[    1.392818] tun: Universal TUN/TAP device driver, 1.6
[    1.394838] PPP generic driver version 2.4.2
[    1.396577] VFIO - User Level meta-driver version: 0.3
[    1.398669] ehci_hcd: USB 2.0 'Enhanced' Host Controller (EHCI) Driver
[    1.401098] ehci-pci: EHCI PCI platform driver
[    1.402883] ehci-platform: EHCI generic platform driver
[    1.404887] ohci_hcd: USB 1.1 'Open' Host Controller (OHCI) Driver
[    1.407348] ohci-pci: OHCI PCI platform driver
[    1.409102] ohci-platform: OHCI generic platform driver
[    1.411167] uhci_hcd: USB Universal Host Controller Interface driver
[    1.413632] i8042: PNP: PS/2 Controller [PNP0303:KBD,PNP0f13:MOU] at 0x60,0x64 irq 1,12
[    1.418080] serio: i8042 KBD port at 0x60,0x64 irq 1
[    1.420008] serio: i8042 AUX port at 0x60,0x64 irq 12
[    1.422100] mousedev: PS/2 mouse device common for all mice
[    1.424744] input: AT Translated Set 2 keyboard as /devices/platform/i8042/serio0/input/input1
[    1.428107] rtc_cmos 00:04: RTC can wake from S4
[    1.431181] rtc_cmos 00:04: registered as rtc0
[    1.433111] rtc_cmos 00:04: setting system clock to 2026-10-10T06:44:13 UTC (1791614653)
[    1.436262] rtc_cmos 00:04: alarms up to one day, y3k, 242 bytes nvram, hpet irqs
[    1.439141] i2c_dev: i2c /dev entries driver
[    1.440919] device-mapper: core: CONFIG_IMA_DISABLE_HTABLE is disabled. Duplicate IMA measurements will not be recorded in the IMA log.
[    1.445399] device-mapper: uevent: version 1.0.3
[    1.447405] device-mapper: ioctl: 4.45.0-ioctl (2021-03-22) initialised: dm-devel@redhat.com
[    1.452136] Freeing initrd memory: 33016K
[    1.453710] ledtrig-cpu: registered to indicate activity on CPUs
[    1.456118] drop_monitor: Initializing network drop monitor service
[    1.458682] NET: Registered PF_INET6 protocol family
[    1.467482] Segment Routing with IPv6
[    1.469067] In-situ OAM (IOAM) with IPv6
[    1.470751] NET: Registered PF_PACKET protocol family
[    1.472762] Key type dns_resolver registered
[    1.474855] IPI shorthand broadcast: enabled
[    1.476591] sched_clock: Marking stable (1225130878, 249536197)->(1541593421, -66926346)
[    1.479802] registered taskstats version 1
[    1.481624] Loading compiled-in X.509 certificates
[    1.484011] Loaded X.509 cert 'Build time autogenerated kernel key: 07c83e5d391297488fe994d53b2750b233138d6e'
[    1.488052] Loaded X.509 cert 'Canonical Ltd. Live Patch Signing 2025 Kmod: d541cef61dc7e793b7eb7e899970a2eef0b5dc8c'
[    1.492308] Loaded X.509 cert 'Canonical Ltd. Live Patch Signing: 14df34d1a87cf37625abec039ef2bf521249b969'
[    1.496260] Loaded X.509 cert 'Canonical Ltd. Kernel Module Signing 2025 Kmod: 4627603d2357a2a3f81006370894c221175893e9'
[    1.500601] Loaded X.509 cert 'Canonical Ltd. Kernel Module Signing: 88f752e560a1e0737e31163a466ad7b70a850c19'
[    1.504258] blacklist: Loading compiled-in revocation X.509 certificates
[    1.506768] Loaded X.509 cert 'Canonical Ltd. Secure Boot Signing: 61482aa2830d0ab2ad5af10b7250da9033ddcef0'
[    1.510388] Loaded X.509 cert 'Canonical Ltd. Secure Boot Signing (2017): 242ade75ac4a15e50d50c84b0d45ff3eae707a03'
[    1.514194] Loaded X.509 cert 'Canonical Ltd. Secure Boot Signing (ESM 2018): 365188c1d374d6b07c3c8f240f8ef722433d6a8b'
[    1.518142] Loaded X.509 cert 'Canonical Ltd. Secure Boot Signing (2019): c0746fd6c5da3ae827864651ad66ae47fe24b3e8'
[    1.521955] Loaded X.509 cert 'Canonical Ltd. Secure Boot Signing (2021 v1): a8d54bbb3825cfb94fa13c9f8a594a195c107b8d'
[    1.525855] Loaded X.509 cert 'Canonical Ltd. Secure Boot Signing (2021 v2): 4cf046892d6fd3c9a5b03f98d845f90851dc6a8c'
[    1.529753] Loaded X.509 cert 'Canonical Ltd. Secure Boot Signing (2021 v3): 100437bb6de6e469b581e61cd66bce3ef4ed53af'
[    1.533648] Loaded X.509 cert 'Canonical Ltd. Secure Boot Signing (Ubuntu Core 2019): c1d57b8f6b743f23ee41f4f7ee292f06eecadfb9'
[    1.537923] zswap: loaded using pool lzo/zbud
[    1.539978] Key type .fscrypt registered
[    1.541622] Key type fscrypt-provisioning registered
[    1.547110] Key type encrypted registered
[    1.548651] AppArmor: AppArmor sha1 policy hashing enabled
[    1.550597] ima: No TPM chip found, activating TPM-bypass!
[    1.552476] Loading compiled-in module X.509 certificates
[    1.554743] Loaded X.509 cert 'Build time autogenerated kernel key: 07c83e5d391297488fe994d53b2750b233138d6e'
[    1.558053] ima: Allocated hash algorithm: sha1
[    1.559670] ima: No architecture policies found
[    1.561268] evm: Initialising EVM extended attributes:
[    1.563066] evm: security.selinux
[    1.564289] evm: security.SMACK64
[    1.565516] evm: security.SMACK64EXEC
[    1.566867] evm: security.SMACK64TRANSMUTE
[    1.568320] evm: security.SMACK64MMAP
[    1.569673] evm: security.apparmor
[    1.570923] evm: security.ima
[    1.572048] evm: security.capability
[    1.573362] evm: HMAC attrs: 0x1
[    1.574925] PM:   Magic number: 14:95:721
[    1.576378] block loop1: hash matches
[    1.578090] RAS: Correctable Errors collector initialized.
[    1.580236] clk: Disabling unused clocks
[    1.583482] Freeing unused decrypted memory: 2036K
[    1.585789] Freeing unused kernel image (initmem) memory: 3296K
[    1.588029] Write protecting the kernel read-only data: 30720k
[    1.590740] Freeing unused kernel image (text/rodata gap) memory: 2036K
[    1.593383] Freeing unused kernel image (rodata/data gap) memory: 1284K
[    1.642315] x86/mm: Checked W+X mappings: passed, no W+X pages found.
[    1.644805] Run /init as init process
Loading, please wait...
Starting version 249.11-0ubuntu3.22
[    1.768030] ACPI: \_SB_.GSIA: Enabled at IRQ 16
[    1.771274] cryptd: max_cpu_qlen set to 1000
[    1.773897] input: VirtualPS/2 VMware VMMouse as /devices/platform/i8042/serio1/input/input4
[    1.780233] AVX2 version of gcm_enc/dec engaged.
[    1.780932] virtio_blk virtio1: [vda] 17195008 512-byte logical blocks (8.80 GB/8.20 GiB)
[    1.785817] input: VirtualPS/2 VMware VMMouse as /devices/platform/i8042/serio1/input/input3
[    1.788277] ahci 0000:00:1f.2: AHCI 0001.0000 32 slots 6 ports 1.5 Gbps 0x3f impl SATA mode
[    1.792367] ahci 0000:00:1f.2: flags: 64bit ncq only 
[    1.795996] virtio_net virtio0 enp0s2: renamed from eth0
[    1.797670] GPT:Primary header thinks Alt. header is not at the end of the disk.
[    1.801350] GPT:4612095 != 17195007
[    1.802843] GPT:Alternate GPT header not at the end of the disk.
[    1.805122] GPT:4612095 != 17195007
[    1.806610] AES CTR mode by8 optimization enabled
[    1.808483] GPT: Use GNU Parted to correct GPT errors.
[    1.810495]  vda: vda1 vda14 vda15
[    1.810628] scsi host0: ahci
[    1.814045] virtio_blk virtio2: [vdb] 732 512-byte logical blocks (375 kB/366 KiB)
[    1.815846] scsi host1: ahci
[    1.819520] scsi host2: ahci
[    1.819835] virtio_blk virtio3: [vdc] 1048576 512-byte logical blocks (537 MB/512 MiB)
[    1.825062] scsi host3: ahci
[    1.825372]  vdc:
[    1.826944] scsi host4: ahci
[    1.833003] scsi host5: ahci
[    1.834974] ata1: SATA max UDMA/133 abar m4096@0xfeb95000 port 0xfeb95100 irq 30
[    1.839288] ata2: SATA max UDMA/133 abar m4096@0xfeb95000 port 0xfeb95180 irq 30
[    1.842859] ata3: SATA max UDMA/133 abar m4096@0xfeb95000 port 0xfeb95200 irq 30
[    1.846265] ata4: SATA max UDMA/133 abar m4096@0xfeb95000 port 0xfeb95280 irq 30
[    1.849590] ata5: SATA max UDMA/133 abar m4096@0xfeb95000 port 0xfeb95300 irq 30
[    1.852426] ata6: SATA max UDMA/133 abar m4096@0xfeb95000 port 0xfeb95380 irq 30
[    2.168725] ata2: SATA link down (SStatus 0 SControl 300)
[    2.171163] ata1: SATA link down (SStatus 0 SControl 300)
[    2.173594] ata3: SATA link up 1.5 Gbps (SStatus 113 SControl 300)
[    2.176258] ata5: SATA link down (SStatus 0 SControl 300)
[    2.178609] ata4: SATA link down (SStatus 0 SControl 300)
[    2.191760] ata3.00: ATAPI: QEMU DVD-ROM, 2.5+, max UDMA/100
[    2.193950] ata3.00: applying bridge limits
[    2.196006] ata6: SATA link down (SStatus 0 SControl 300)
[    2.198201] ata3.00: configured for UDMA/100
[    2.200462] scsi 2:0:0:0: CD-ROM            QEMU     QEMU DVD-ROM     2.5+ PQ: 0 ANSI: 5
[    2.229937] sr 2:0:0:0: [sr0] scsi3-mmc drive: 4x/4x cd/rw xa/form2 tray
[    2.285855] cdrom: Uniform CD-ROM driver Revision: 3.20
[    2.314604] sr 2:0:0:0: Attached scsi generic sg0 type 5
Begin: Loading essential drivers ... [    3.821556] raid6: avx512x4 gen() 41645 MB/s
[    3.889560] raid6: avx512x4 xor()  6942 MB/s
[    3.957556] raid6: avx512x2 gen() 47239 MB/s
[    4.025552] raid6: avx512x2 xor() 31116 MB/s
[    4.093552] raid6: avx512x1 gen() 44683 MB/s
[    4.161552] raid6: avx512x1 xor() 28989 MB/s
[    4.229556] raid6: avx2x4   gen() 45261 MB/s
[    4.297559] raid6: avx2x4   xor()  4391 MB/s
[    4.365553] raid6: avx2x2   gen() 48564 MB/s
[    4.433552] raid6: avx2x2   xor() 34769 MB/s
[    4.501552] raid6: avx2x1   gen() 40595 MB/s
[    4.569554] raid6: avx2x1   xor() 29631 MB/s
[    4.637553] raid6: sse2x4   gen() 23093 MB/s
[    4.705555] raid6: sse2x4   xor()  2348 MB/s
[    4.773554] raid6: sse2x2   gen() 16104 MB/s
[    4.841553] raid6: sse2x2   xor() 13920 MB/s
[    4.909557] raid6: sse2x1   gen() 11392 MB/s
[    4.977555] raid6: sse2x1   xor()  7672 MB/s
[    4.979159] raid6: using algorithm avx2x2 gen() 48564 MB/s
[    4.981078] raid6: .... xor() 34769 MB/s, rmw enabled
[    4.982874] raid6: using avx512x2 recovery algorithm
[    4.985442] xor: automatically using best checksumming function   avx       
[    4.988528] async_tx: api initialized (async)
done.
Begin: Running /scripts/init-premount ... done.
Begin: Mounting root file system ... Begin: Running /scripts/local-top ... done.
Begin: Running /scripts/local-premount ... [    5.049146] Btrfs loaded, crc32c=crc32c-intel, zoned=yes, fsverity=yes
Scanning for Btrfs filesystems
done.
Warning: fsck not present, so skipping root file system
[    5.146896] EXT4-fs (vda1): mounted filesystem with ordered data mode. Opts: (null). Quota mode: none.
done.
Begin: Running /scripts/local-bottom ... done.
Begin: Running /scripts/init-bottom ... done.
[    5.303967] systemd[1]: Inserted module 'autofs4'
[    5.321224] systemd[1]: systemd 249.11-0ubuntu3.22 running in system mode (+PAM +AUDIT +SELINUX +APPARMOR +IMA +SMACK +SECCOMP +GCRYPT +GNUTLS +OPENSSL +ACL +BLKID +CURL +ELFUTILS +FIDO2 +IDN2 -IDN +IPTC +KMOD +LIBCRYPTSETUP +LIBFDISK +PCRE2 -PWQUALITY -P11KIT -QRENCODE +BZIP2 +LZ4 +XZ +ZLIB +ZSTD -XKBCOMMON +UTMP +SYSVINIT default-hierarchy=unified)
[    5.332282] systemd[1]: Detected virtualization kvm.
[    5.334276] systemd[1]: Detected architecture x86-64.

Welcome to [1mUbuntu 22.04.5 LTS[0m!

[    5.338821] systemd[1]: Hostname set to <ubuntu>.
[    5.342528] systemd[1]: Initializing machine ID from random generator.
[    5.345035] systemd[1]: Installed transient /etc/machine-id file.
[    5.536567] systemd[1]: Configuration file /run/systemd/system/netplan-ovs-cleanup.service is marked world-inaccessible. This has no effect as configuration data is accessible via APIs without restrictions. Proceeding anyway.
[    5.560883] systemd[1]: /lib/systemd/system/snapd.service:23: Unknown key name 'RestartMode' in section 'Service', ignoring.
[    5.623774] systemd[1]: Queued start job for default target Graphical Interface.
[    5.627565] systemd[1]: Created slice Slice /system/modprobe.
[[0;32m  OK  [0m] Created slice [0;1;39mSlice /system/modprobe[0m.
[    5.631363] systemd[1]: Created slice Slice /system/serial-getty.
[[0;32m  OK  [0m] Created slice [0;1;39mSlice /system/serial-getty[0m.
[    5.635137] systemd[1]: Created slice Slice /system/systemd-fsck.
[[0;32m  OK  [0m] Created slice [0;1;39mSlice /system/systemd-fsck[0m.
[    5.638906] systemd[1]: Created slice User and Session Slice.
[[0;32m  OK  [0m] Created slice [0;1;39mUser and Session Slice[0m.
[    5.642368] systemd[1]: Started Forward Password Requests to Wall Directory Watch.
[[0;32m  OK  [0m] Started [0;1;39mForward Password R…uests to Wall Directory Watch[0m.
[    5.646912] systemd[1]: Set up automount Arbitrary Executable File Formats File System Automount Point.
[[0;32m  OK  [0m] Set up automount [0;1;39mArbitrary…s File System Automount Point[0m.
[    5.651999] systemd[1]: Reached target Slice Units.
[[0;32m  OK  [0m] Reached target [0;1;39mSlice Units[0m.
[    5.654967] systemd[1]: Reached target Mounting snaps.
[[0;32m  OK  [0m] Reached target [0;1;39mMounting snaps[0m.
[    5.658044] systemd[1]: Reached target Swaps.
[[0;32m  OK  [0m] Reached target [0;1;39mSwaps[0m.
[    5.660713] systemd[1]: Reached target Local Verity Protected Volumes.
[[0;32m  OK  [0m] Reached target [0;1;39mLocal Verity Protected Volumes[0m.
[    5.664628] systemd[1]: Listening on Device-mapper event daemon FIFOs.
[[0;32m  OK  [0m] Listening on [0;1;39mDevice-mapper event daemon FIFOs[0m.
[    5.668620] systemd[1]: Listening on LVM2 poll daemon socket.
[[0;32m  OK  [0m] Listening on [0;1;39mLVM2 poll daemon socket[0m.
[    5.672182] systemd[1]: Listening on multipathd control socket.
[[0;32m  OK  [0m] Listening on [0;1;39mmultipathd control socket[0m.
[    5.675767] systemd[1]: Listening on Syslog Socket.
[[0;32m  OK  [0m] Listening on [0;1;39mSyslog Socket[0m.
[    5.678806] systemd[1]: Listening on fsck to fsckd communication Socket.
[[0;32m  OK  [0m] Listening on [0;1;39mfsck to fsckd communication Socket[0m.
[    5.682704] systemd[1]: Listening on initctl Compatibility Named Pipe.
[[0;32m  OK  [0m] Listening on [0;1;39minitctl Compatibility Named Pipe[0m.
[    5.686666] systemd[1]: Listening on Journal Audit Socket.
[[0;32m  OK  [0m] Listening on [0;1;39mJournal Audit Socket[0m.
[    5.690006] systemd[1]: Listening on Journal Socket (/dev/log).
[[0;32m  OK  [0m] Listening on [0;1;39mJournal Socket (/dev/log)[0m.
[    5.693637] systemd[1]: Listening on Journal Socket.
[[0;32m  OK  [0m] Listening on [0;1;39mJournal Socket[0m.
[    5.696809] systemd[1]: Listening on Network Service Netlink Socket.
[[0;32m  OK  [0m] Listening on [0;1;39mNetwork Service Netlink Socket[0m.
[    5.700686] systemd[1]: Listening on udev Control Socket.
[[0;32m  OK  [0m] Listening on [0;1;39mudev Control Socket[0m.
[    5.704012] systemd[1]: Listening on udev Kernel Socket.
[[0;32m  OK  [0m] Listening on [0;1;39mudev Kernel Socket[0m.
[    5.708050] systemd[1]: Mounting Huge Pages File System...
         Mounting [0;1;39mHuge Pages File System[0m...
[    5.712614] systemd[1]: Mounting POSIX Message Queue File System...
         Mounting [0;1;39mPOSIX Message Queue File System[0m...
[    5.717732] systemd[1]: Mounting Kernel Debug File System...
         Mounting [0;1;39mKernel Debug File System[0m...
[    5.722396] systemd[1]: Mounting Kernel Trace File System...
         Mounting [0;1;39mKernel Trace File System[0m...
[    5.728047] systemd[1]: Starting Journal Service...
         Starting [0;1;39mJournal Service[0m...
[    5.732432] systemd[1]: Starting Set the console keyboard layout...
         Starting [0;1;39mSet the console keyboard layout[0m...
[    5.738600] systemd[1]: Starting Create List of Static Device Nodes...
         Starting [0;1;39mCreate List of Static Device Nodes[0m...
[    5.745017] systemd[1]: Starting Monitoring of LVM2 mirrors, snapshots etc. using dmeventd or progress polling...
         Starting [0;1;39mMonitoring of LVM…meventd or progress polling[0m...
[    5.761645] systemd[1]: Condition check resulted in LXD - agent being skipped.
[    5.766879] systemd[1]: Starting Load Kernel Module configfs...
         Starting [0;1;39mLoad Kernel Module configfs[0m...
[    5.775053] systemd[1]: Starting Load Kernel Module drm...
         Starting [0;1;39mLoad Kernel Module drm[0m...
[    5.779296] systemd[1]: Starting Load Kernel Module efi_pstore...
         Starting [0;1;39mLoad Kernel Module efi_pstore[0m...
[    5.787152] systemd[1]: Starting Load Kernel Module fuse...
         Starting [0;1;39mLoad Kernel Module fuse[0m...
[    5.801128] systemd[1]: Condition check resulted in OpenVSwitch configuration for cleanup being skipped.
[    5.807250] systemd[1]: Starting File System Check on Root Device...
         Starting [0;1;39mFile System Check on Root Device[0m...
[    5.812903] systemd[1]: Starting Load Kernel Modules...
         Starting [0;1;39mLoad Kernel Modules[0m...
[    5.817603] systemd[1]: Starting Coldplug All udev Devices...
         Starting [0;1;39mColdplug All udev Devices[0m...
[    5.829926] systemd[1]: Started Journal Service.
[[0;32m  OK  [0m] Started [0;1;39mJournal Service[0m.
[[0;32m  OK  [0m] Mounted [0;1;39mHuge Pages File System[0m.
[[0;32m  OK  [0m] Mounted [0;1;39mPOSIX Message Queue File System[0m.
[[0;32m  OK  [0m] Mounted [0;1;39mKernel Debug File System[0m.
[[0;32m  OK  [0m] Mounted [0;1;39mKernel Trace File System[0m.
[[0;32m  OK  [0m] Finished [0;1;39mSet the console keyboard layout[0m.
[[0;32m  OK  [0m] Finished [0;1;39mCreate List of Static Device Nodes[0m.
[[0;32m  OK  [0m] Finished [0;1;39mMonitoring of LVM… dmeventd or progress polling[0m.
[[0;32m  OK  [0m] Finished [0;1;39mLoad Kernel Module configfs[0m.
[[0;32m  OK  [0m] Finished [0;1;39mLoad Kernel Module drm[0m.
[[0;32m  OK  [0m] Finished [0;1;39mLoad Kernel Module efi_pstore[0m.
[[0;32m  OK  [0m] Finished [0;1;39mLoad Kernel Module fuse[0m.
[[0;32m  OK  [0m] Finished [0;1;39mFile System Check on Root Device[0m.
[[0;32m  OK  [0m] Finished [0;1;39mLoad Kernel Modules[0m.
         Mounting [0;1;39mFUSE Control File System[0m...
         Mounting [0;1;39mKernel Configuration File System[0m...
[[0;32m  OK  [0m] Started [0;1;39mFile System Check Daemon to report status[0m.
         Starting [0;1;39mRemount Root and Kernel File Systems[0m...
         Starting [0;1;39mApply Kernel Variables[0m...
[[0;32m  OK  [0m] Mounted [0;1;39mFUSE Control File System[0m.
[[0;32m  OK  [0m] Mounted [0;1;39mKernel Configuration File System[0m.
[    5.889617] EXT4-fs (vda1): re-mounted. Opts: discard,errors=remount-ro. Quota mode: none.
[[0;32m  OK  [0m] Finished [0;1;39mRemount Root and Kernel File Systems[0m.
         Starting [0;1;39mDevice-Mapper Multipath Device Controller[0m...
         Starting [0;1;39mFlush Journal to Persistent Storage[0m...
         Starting [0;1;39mLoad/Save Random Seed[0m...
         Starting [0;1;39mCreate System Users[0m...[    5.913858] alua: device handler registered
[    5.914159] systemd-journald[380]: Received client request to flush runtime journal.

[    5.923618] emc: device handler registered
[    5.931605] rdac: device handler registered
[[0;32m  OK  [0m] Finished [0;1;39mColdplug All udev Devices[0m.
[[0;32m  OK  [0m] Finished [0;1;39mLoad/Save Random Seed[0m.
[[0;32m  OK  [0m] Finished [0;1;39mApply Kernel Variables[0m.
[[0;32m  OK  [0m] Finished [0;1;39mCreate System Users[0m.
         Starting [0;1;39mCreate Static Device Nodes in /dev[0m...
[[0;32m  OK  [0m] Finished [0;1;39mFlush Journal to Persistent Storage[0m.
[[0;32m  OK  [0m] Finished [0;1;39mCreate Static Device Nodes in /dev[0m.
         Starting [0;1;39mRule-based Manage…for Device Events and Files[0m...
[[0;32m  OK  [0m] Started [0;1;39mDevice-Mapper Multipath Device Controller[0m.
[[0;32m  OK  [0m] Reached target [0;1;39mPreparation for Local File Systems[0m.
         Mounting [0;1;39mMount unit for core22, revision 2955[0m...
         Mounting [0;1;39mMount unit for lxd, revision 40911[0m...
         Mounting [0;1;39mMount unit for snapd, revision 28254[0m...
[[0;32m  OK  [0m] Mounted [0;1;39mMount unit for core22, revision 2955[0m.
[[0;32m  OK  [0m] Mounted [0;1;39mMount unit for lxd, revision 40911[0m.
[[0;32m  OK  [0m] Mounted [0;1;39mMount unit for snapd, revision 28254[0m.
[[0;32m  OK  [0m] Reached target [0;1;39mMounted snaps[0m.
[[0;32m  OK  [0m] Started [0;1;39mRule-based Manager for Device Events and Files[0m.
[[0;32m  OK  [0m] Started [0;1;39mDispatch Password …ts to Console Directory Watch[0m.
[[0;32m  OK  [0m] Reached target [0;1;39mLocal Encrypted Volumes[0m.
[[0;32m  OK  [0m] Found device [0;1;39m/dev/disk/by-label/UEFI[0m.
         Starting [0;1;39mFile System Check on /dev/disk/by-label/UEFI[0m...
[[0;32m  OK  [0m] Found device [0;1;39m/dev/ttyS0[0m.
[[0;32m  OK  [0m] Finished [0;1;39mFile System Check on /dev/disk/by-label/UEFI[0m.
         Mounting [0;1;39m/boot/efi[0m...
[[0;32m  OK  [0m] Mounted [0;1;39m/boot/efi[0m.
[[0;32m  OK  [0m] Reached target [0;1;39mLocal File Systems[0m.
         Starting [0;1;39mLoad AppArmor profiles[0m...
         Starting [0;1;39mSet console font and keymap[0m...
         Starting [0;1;39mCreate final runt…dir for shutdown pivot root[0m...
         Starting [0;1;39mTell Plymouth To Write Out Runtime Data[0m...
         Starting [0;1;39mSet Up Additional Binary Formats[0m...
         Starting [0;1;39mCommit a transient machine-id on disk[0m...
         Starting [0;1;39mCreate Volatile Files and Directories[0m...
         Starting [0;1;39mUncomplicated firewall[0m...
[[0;32m  OK  [0m] Finished [0;1;39mSet console font and keymap[0m.
[[0;32m  OK  [0m] Finished [0;1;39mCreate final runt…e dir for shutdown pivot root[0m.
[[0;32m  OK  [0m] Finished [0;1;39mTell Plymouth To Write Out Runtime Data[0m.
[[0;32m  OK  [0m] Finished [0;1;39mUncomplicated firewall[0m.
[[0;32m  OK  [0m] Listening on [0;1;39mLoad/Save RF …itch Status /dev/rfkill Watch[0m.
         Mounting [0;1;39mArbitrary Executable File Formats File System[0m...
[[0;32m  OK  [0m] Finished [0;1;39mCreate Volatile Files and Directories[0m.
         Starting [0;1;39mNetwork Time Synchronization[0m...
         Starting [0;1;39mRecord System Boot/Shutdown in UTMP[0m...
[[0;32m  OK  [0m] Mounted [0;1;39mArbitrary Executable File Formats File System[0m.
[[0;32m  OK  [0m] Finished [0;1;39mSet Up Additional Binary Formats[0m.
[[0;32m  OK  [0m] Finished [0;1;39mCommit a transient machine-id on disk[0m.
[[0;32m  OK  [0m] Started [0;1;39mNetwork Time Synchronization[0m.
[[0;32m  OK  [0m] Finished [0;1;39mRecord System Boot/Shutdown in UTMP[0m.
[[0;32m  OK  [0m] Reached target [0;1;39mSystem Time Set[0m.
[[0;32m  OK  [0m] Finished [0;1;39mLoad AppArmor profiles[0m.
         Starting [0;1;39mLoad AppArmor pro…managed internally by snapd[0m...
         Starting [0;1;39mCloud-init: Local Stage (pre-network)[0m...
[    7.862895] cloud-init[544]: Cloud-init v. 26.1-0ubuntu1~22.04.1 running 'init-local' at Sat, 10 Oct 2026 06:44:20 +0000. Up 7.83 seconds.
[[0;32m  OK  [0m] Finished [0;1;39mCloud-init: Local Stage (pre-network)[0m.
[[0;32m  OK  [0m] Reached target [0;1;39mPreparation for Network[0m.
         Starting [0;1;39mNetwork Configuration[0m...
[[0;32m  OK  [0m] Finished [0;1;39mLoad AppArmor pro…s managed internally by snapd[0m.
[[0;32m  OK  [0m] Started [0;1;39mNetwork Configuration[0m.
         Starting [0;1;39mWait for Network to be Configured[0m...
         Starting [0;1;39mNetwork Name Resolution[0m...
[[0;32m  OK  [0m] Started [0;1;39mNetwork Name Resolution[0m.
[[0;32m  OK  [0m] Reached target [0;1;39mNetwork[0m.
[[0;32m  OK  [0m] Reached target [0;1;39mHost and Network Name Lookups[0m.
[[0;32m  OK  [0m] Finished [0;1;39mWait for Network to be Configured[0m.
         Starting [0;1;39mCloud-init: Network Stage[0m...
[   10.689204] cloud-init[582]: Cloud-init v. 26.1-0ubuntu1~22.04.1 running 'init' at Sat, 10 Oct 2026 06:44:22 +0000. Up 10.67 seconds.
[   10.697487] cloud-init[582]: ci-info: ++++++++++++++++++++++++++++++++++++++Net device info++++++++++++++++++++++++++++++++++++++
[   10.700074] cloud-init[582]: ci-info: +--------+------+----------------------------+---------------+--------+-------------------+
[   10.702484] cloud-init[582]: ci-info: | Device |  Up  |          Address           |      Mask     | Scope  |     Hw-Address    |
[   10.704949] cloud-init[582]: ci-info: +--------+------+----------------------------+---------------+--------+-------------------+
[   10.707338] cloud-init[582]: ci-info: | enp0s2 | True |         10.0.2.15          | 255.255.255.0 | global | 52:54:00:12:34:56 |
[   10.709829] cloud-init[582]: ci-info: | enp0s2 | True | fe80::5054:ff:fe12:3456/64 |       .       |  link  | 52:54:00:12:34:56 |
[   10.712258] cloud-init[582]: ci-info: |   lo   | True |         127.0.0.1          |   255.0.0.0   |  host  |         .         |
[   10.715065] cloud-init[582]: ci-info: |   lo   | True |          ::1/128           |       .       |  host  |         .         |
[   10.717567] cloud-init[582]: ci-info: +--------+------+----------------------------+---------------+--------+-------------------+
[   10.719991] cloud-init[582]: ci-info: ++++++++++++++++++++++++++++Route IPv4 info+++++++++++++++++++++++++++++
[   10.722229] cloud-init[582]: ci-info: +-------+-------------+----------+-----------------+-----------+-------+
[   10.724504] cloud-init[582]: ci-info: | Route | Destination | Gateway  |     Genmask     | Interface | Flags |
[   10.726750] cloud-init[582]: ci-info: +-------+-------------+----------+-----------------+-----------+-------+
[   10.728977] cloud-init[582]: ci-info: |   0   |   0.0.0.0   | 10.0.2.2 |     0.0.0.0     |   enp0s2  |   UG  |
[   10.731149] cloud-init[582]: ci-info: |   1   |   10.0.2.0  | 0.0.0.0  |  255.255.255.0  |   enp0s2  |   U   |
[   10.733288] cloud-init[582]: ci-info: |   2   |   10.0.2.2  | 0.0.0.0  | 255.255.255.255 |   enp0s2  |   UH  |
[   10.735375] cloud-init[582]: ci-info: |   3   |   10.0.2.3  | 0.0.0.0  | 255.255.255.255 |   enp0s2  |   UH  |
[   10.737502] cloud-init[582]: ci-info: +-------+-------------+----------+-----------------+-----------+-------+
[   10.739596] cloud-init[582]: ci-info: +++++++++++++++++++Route IPv6 info+++++++++++++++++++
[   10.741546] cloud-init[582]: ci-info: +-------+-------------+---------+-----------+-------+
[   10.743708] cloud-init[582]: ci-info: | Route | Destination | Gateway | Interface | Flags |
[   10.745624] cloud-init[582]: ci-info: +-------+-------------+---------+-----------+-------+
[   10.747412] cloud-init[582]: ci-info: |   1   |  fe80::/64  |    ::   |   enp0s2  |   U   |
[   10.749226] cloud-init[582]: ci-info: |   3   |    local    |    ::   |   enp0s2  |   U   |
[   10.751424] cloud-init[582]: ci-info: |   4   |  multicast  |    ::   |   enp0s2  |   U   |
[   10.753537] cloud-init[582]: ci-info: +-------+-------------+---------+-----------+-------+
[   12.459314] cloud-init[582]: Generating public/private rsa key pair.
[   12.460670] cloud-init[582]: Your identification has been saved in /etc/ssh/ssh_host_rsa_key
[   12.462333] cloud-init[582]: Your public key has been saved in /etc/ssh/ssh_host_rsa_key.pub
[   12.463988] cloud-init[582]: The key fingerprint is:
[   12.465092] cloud-init[582]: SHA256:LeEi9OkJGTZU5go5r1N0crvmyanoxVnsBDBjPIokp4M root@probe
[   12.466690] cloud-init[582]: The key's randomart image is:
[   12.467843] cloud-init[582]: +---[RSA 3072]----+
[   12.468916] cloud-init[582]: | .= ..o          |
[   12.469927] cloud-init[582]: |.o+* o           |
[   12.470971] cloud-init[582]: |=++.O + .        |
[   12.472051] cloud-init[582]: |E  B % + o       |
[   12.473085] cloud-init[582]: | .  B O S .      |
[   12.474102] cloud-init[582]: |   + O + .       |
[   12.475134] cloud-init[582]: |  o + *          |
[   12.476209] cloud-init[582]: |   + + o         |
[   12.477244] cloud-init[582]: | .o ..=          |
[   12.478257] cloud-init[582]: +----[SHA256]-----+
[   12.479273] cloud-init[582]: Generating public/private ecdsa key pair.
[   12.480762] cloud-init[582]: Your identification has been saved in /etc/ssh/ssh_host_ecdsa_key
[   12.482477] cloud-init[582]: Your public key has been saved in /etc/ssh/ssh_host_ecdsa_key.pub
[   12.484248] cloud-init[582]: The key fingerprint is:
[   12.485334] cloud-init[582]: SHA256:y7yuU0Vq/c/dIUEkqjfPPv1gR8t7g/mBwMoGJKKNVGI root@probe
[   12.486964] cloud-init[582]: The key's randomart image is:
[   12.488169] cloud-init[582]: +---[ECDSA 256]---+
[   12.489224] cloud-init[582]: | E .       ...   |
[   12.490246] cloud-init[582]: |. o       o ..   |
[   12.491275] cloud-init[582]: | . . . . =  .    |
[   12.492348] cloud-init[582]: |. + . o + +  .   |
[   12.493377] cloud-init[582]: | o .   +S+ +  .. |
[   12.494387] cloud-init[582]: |       o=.= o.+..|
[   12.495415] cloud-init[582]: |       .++ o.*+*o|
[   12.496484] cloud-init[582]: |      . .....+=.*|
[   12.497513] cloud-init[582]: |      .+o  .. o+o|
[   12.498542] cloud-init[582]: +----[SHA256]-----+
[   12.499565] cloud-init[582]: Generating public/private ed25519 key pair.
[[0;32m  OK  [0m] Finished [0;1;39mCloud-init: Network Stage[0m.
[   12.502026] cloud-init[582]: Your identification has been saved in /etc/ssh/ssh_host_ed25519_key
[[0;32m  OK  [0m] Reached target [0;1;39mCloud-config availability[0m.
[[0;32m  OK  [0m] Reached target [0;1;39mNetwork is Online[0m.
[   12.505996] cloud-init[582]: Your public key has been saved in /etc/ssh/ssh_host_ed25519_key.pub
[[0;32m  OK  [0m] Reached target [0;1;39mSystem Initialization[0m.
[   12.508835] cloud-init[582]: The key fingerprint is:
[[0;32m  OK  [0m] Started [0;1;39mDaily apt download activities[0m.
[   12.511024] cloud-init[582]: SHA256:OooycUHrgqIcUNzMmDs7GMTfO+bNvlk3bgUlRM+dUT0 root@probe
[[0;32m  OK  [0m] Started [0;1;39mDaily apt upgrade and clean activities[0m.
[   12.513915] cloud-init[582]: The key's randomart image is:
[[0;32m  OK  [0m] Started [0;1;39mDaily dpkg database backup timer[0m.
[   12.516231] cloud-init[582]: +--[ED25519 256]--+
[[0;32m  OK  [0m] Started [0;1;39mPeriodic ext4 Onli…ata Check for All Filesystems[0m.
[   12.518649] cloud-init[582]: |.. *      oo   .+|
[[0;32m  OK  [0m] Started [0;1;39mDiscard unused blocks once a week[0m.
[   12.520880] cloud-init[582]: | o* +      .o..E+|
[[0;32m  OK  [0m] Started [0;1;39mDaily rotation of log files[0m.
[   12.523071] cloud-init[582]: |.o.o.       oo o.|
[[0;32m  OK  [0m] Started [0;1;39mDaily man-db regeneration[0m.
[   12.525194] cloud-init[582]: |o =. .     .     |
[[0;32m  OK  [0m] Started [0;1;39mMessage of the Day[0m.
[   12.527163] cloud-init[582]: |o+ +  . S   .    |
[[0;32m  OK  [0m] Started [0;1;39mDaily Cleanup of Temporary Directories[0m.
[   12.529458] cloud-init[582]: |*.=  + .     .   |
[[0;32m  OK  [0m] Started [0;1;39mDownload data for …ailed at package install time[0m.
[   12.531986] cloud-init[582]: |++..o *  . o.    |
[[0;32m  OK  [0m] Started [0;1;39mCheck to see wheth…w version of Ubuntu available[0m.
[   12.534428] cloud-init[582]: |+. . o +o o..    |
[[0;32m  OK  [0m] Reached target [0;1;39mPath Units[0m.
[[0;32m  OK  [0m] Reached target [0;1;39mTimer Units[0m.
[   12.537354] cloud-init[582]: | o. . .+. ..     |
[[0;32m  OK  [0m] Listening on [0;1;39mcloud-init hotplug hook socket[0m.
[   12.539567] cloud-init[582]: +----[SHA256]-----+
[[0;32m  OK  [0m] Listening on [0;1;39mD-Bus System Message Bus Socket[0m.
[[0;32m  OK  [0m] Listening on [0;1;39mOpen-iSCSI iscsid Socket[0m.
         Starting [0;1;39mSocket activation for snappy daemon[0m...
[[0;32m  OK  [0m] Listening on [0;1;39mUUID daemon activation socket[0m.
[[0;32m  OK  [0m] Reached target [0;1;39mPreparation for Remote File Systems[0m.
[[0;32m  OK  [0m] Reached target [0;1;39mRemote File Systems[0m.
[[0;32m  OK  [0m] Finished [0;1;39mAvailability of block devices[0m.
[[0;32m  OK  [0m] Listening on [0;1;39mSocket activation for snappy daemon[0m.
[[0;32m  OK  [0m] Reached target [0;1;39mSocket Units[0m.
[[0;32m  OK  [0m] Reached target [0;1;39mBasic System[0m.
         Starting [0;1;39mLSB: automatic crash report generation[0m...
[[0;32m  OK  [0m] Started [0;1;39mRegular background program processing daemon[0m.
[[0;32m  OK  [0m] Started [0;1;39mD-Bus System Message Bus[0m.
[[0;32m  OK  [0m] Started [0;1;39mSave initial kernel messages after boot[0m.
         Starting [0;1;39mRemove Stale Onli…t4 Metadata Check Snapshots[0m...
         Starting [0;1;39mRecord successful boot for GRUB[0m...
[[0;32m  OK  [0m] Started [0;1;39mirqbalance daemon[0m.
         Starting [0;1;39mDispatcher daemon for systemd-networkd[0m...
         Starting [0;1;39mPollinate to seed…udo random number generator[0m...
         Starting [0;1;39mSystem Logging Service[0m...
[[0;32m  OK  [0m] Reached target [0;1;39mPreparation for Logins[0m.
         Starting [0;1;39mWait until snapd is fully seeded[0m...
         Starting [0;1;39mSnap Daemon[0m...
         Starting [0;1;39mUser Login Management[0m...
         Starting [0;1;39mPermit User Sessions[0m...
[[0;32m  OK  [0m] Finished [0;1;39mRemove Stale Onli…ext4 Metadata Check Snapshots[0m.
[[0;32m  OK  [0m] Finished [0;1;39mPermit User Sessions[0m.
[[0;32m  OK  [0m] Started [0;1;39mSystem Logging Service[0m.
[[0;32m  OK  [0m] Finished [0;1;39mRecord successful boot for GRUB[0m.
         Starting [0;1;39mGRUB failed boot detection[0m...
         Starting [0;1;39mHold until boot process finishes up[0m...
         Starting [0;1;39mTerminate Plymouth Boot Screen[0m...
[[0;32m  OK  [0m] Started [0;1;39mLSB: automatic crash report generation[0m.
[[0;32m  OK  [0m] Finished [0;1;39mHold until boot process finishes up[0m.
[[0;32m  OK  [0m] Finished [0;1;39mTerminate Plymouth Boot Screen[0m.
[[0;32m  OK  [0m] Started [0;1;39mUser Login Management[0m.
[[0;32m  OK  [0m] Started [0;1;39mSerial Getty on ttyS0[0m.
         Starting [0;1;39mSet console scheme[0m...
[[0;32m  OK  [0m] Started [0;1;39mUnattended Upgrades Shutdown[0m.
[[0;32m  OK  [0m] Finished [0;1;39mSet console scheme[0m.
[[0;32m  OK  [0m] Created slice [0;1;39mSlice /system/getty[0m.
[[0;32m  OK  [0m] Started [0;1;39mGetty on tty1[0m.
[[0;32m  OK  [0m] Reached target [0;1;39mLogin Prompts[0m.
[[0;32m  OK  [0m] Finished [0;1;39mGRUB failed boot detection[0m.
[[0;32m  OK  [0m] Started [0;1;39mDispatcher daemon for systemd-networkd[0m.
[[0;32m  OK  [0m] Finished [0;1;39mPollinate to seed…seudo random number generator[0m.
         Starting [0;1;39mOpenBSD Secure Shell server[0m...
[[0;32m  OK  [0m] Started [0;1;39mOpenBSD Secure Shell server[0m.
[[0;32m  OK  [0m] Started [0;1;39mSnap Daemon[0m.
[[0;32m  OK  [0m] Started [0;1;39msnap.lxd.hook.inst…-4964-a0bd-4f50c9733219.scope[0m.
[[0;32m  OK  [0m] Listening on [0;1;39mSocket unix for snap application lxd.daemon[0m.
[[0;32m  OK  [0m] Listening on [0;1;39mSocket unix f…p application lxd.user-daemon[0m.
         Starting [0;1;39mService for snap application lxd.activate[0m...

Ubuntu 22.04.5 LTS probe ttyS0

probe login: [   22.502170] cloud-init[1341]: Cloud-init v. 26.1-0ubuntu1~22.04.1 running 'modules:config' at Sat, 10 Oct 2026 06:44:34 +0000. Up 22.47 seconds.
[   23.059490] cloud-init[1353]: Cloud-init v. 26.1-0ubuntu1~22.04.1 running 'modules:final' at Sat, 10 Oct 2026 06:44:35 +0000. Up 23.03 seconds.
vm-inner: start
vm-inner: packages exit 0
vm-inner: measure exit 0
vm-inner: done
[[0;32m  OK  [0m] Removed slice [0;1;39mSlice /system/modprobe[0m.
[[0;32m  OK  [0m] Stopped target [0;1;39mGraphical Interface[0m.
[[0;32m  OK  [0m] Stopped target [0;1;39mHost and Network Name Lookups[0m.
[[0;32m  OK  [0m] Stopped target [0;1;39mTimer Units[0m.
[[0;32m  OK  [0m] Stopped [0;1;39mDaily apt upgrade and clean activities[0m.
[[0;32m  OK  [0m] Stopped [0;1;39mDaily apt download activities[0m.
[[0;32m  OK  [0m] Stopped [0;1;39mDaily dpkg database backup timer[0m.
[[0;32m  OK  [0m] Stopped [0;1;39mPeriodic ext4 Onli…ata Check for All Filesystems[0m.
[[0;32m  OK  [0m] Stopped [0;1;39mDiscard unused blocks once a week[0m.
[[0;32m  OK  [0m] Stopped [0;1;39mDaily rotation of log files[0m.
[[0;32m  OK  [0m] Stopped [0;1;39mDaily man-db regeneration[0m.
[[0;32m  OK  [0m] Stopped [0;1;39mMessage of the Day[0m.
[[0;32m  OK  [0m] Stopped [0;1;39mDaily Cleanup of Temporary Directories[0m.
[[0;32m  OK  [0m] Stopped [0;1;39mDownload data for …ailed at package install time[0m.
[[0;32m  OK  [0m] Stopped [0;1;39mCheck to see wheth…w version of Ubuntu available[0m.
[[0;32m  OK  [0m] Closed [0;1;39mcloud-init hotplug hook socket[0m.
[[0;32m  OK  [0m] Closed [0;1;39mLVM2 poll daemon socket[0m.
[[0;32m  OK  [0m] Closed [0;1;39mLoad/Save RF Kill Switch Status /dev/rfkill Watch[0m.
         Stopping [0;1;39mAvailability of block devices[0m...
         Stopping [0;1;39mCreate final runt…dir for shutdown pivot root[0m...
         Stopping [0;1;39mPackageKit Daemon[0m...
         Stopping [0;1;39mAuthorization Manager[0m...
[[0;32m  OK  [0m] Stopped [0;1;39mCommit a transient machine-id on disk[0m.
         Stopping [0;1;39mLoad/Save Random Seed[0m...
         Stopping [0;1;39mTime & Date Service[0m...
[[0;32m  OK  [0m] Stopped [0;1;39mTime & Date Service[0m.
[[0;32m  OK  [0m] Stopped [0;1;39mPackageKit Daemon[0m.
[[0;32m  OK  [0m] Stopped [0;1;39mLoad/Save Random Seed[0m.
[[0;32m  OK  [0m] Stopped [0;1;39mAuthorization Manager[0m.
[[0;32m  OK  [0m] Stopped [0;1;39mAvailability of block devices[0m.
Received signal 15 resulting in exit. Cause:
  Filename: /usr/lib/python3.10/subprocess.py
  Function: _try_wait
  Line number: 1917
    Filename: /usr/lib/python3.10/subprocess.py
    Function: _wait
    Line number: 1959
      Filename: /usr/lib/python3.10/subprocess.py
      Function: wait
      Line number: 1209
[   37.449311] cloud-init[1353]: Received signal 15 resulting in exit. Cause:
[   37.451665] cloud-init[1353]:   Filename: /usr/lib/python3.10/subprocess.py
[   37.453610] cloud-init[1353]:   Function: _try_wait
[   37.455813] cloud-init[1353]:   Line number: 1917
[   37.457068] cloud-init[1353]:     Filename: /usr/lib/python3.10/subprocess.py
[   37.459569] cloud-init[1353]:     Function: _wait
[   37.460803] cloud-init[1353]:     Line number: 1959
[   37.462956] cloud-init[1353]:       Filename: /usr/lib/python3.10/subprocess.py
[   37.465582] cloud-init[1353]:       Function: wait
[   37.466785] cloud-init[1353]:       Line number: 1209
[[0;32m  OK  [0m] Stopped [0;1;39mCloud-init: Final Stage[0m.
[[0;32m  OK  [0m] Stopped target [0;1;39mMulti-User System[0m.
[[0;32m  OK  [0m] Stopped target [0;1;39mLogin Prompts[0m.
         Stopping [0;1;39mLSB: automatic crash report generation[0m...
[[0;32m  OK  [0m] Stopped [0;1;39mCloud-init: Config Stage[0m.
[[0;32m  OK  [0m] Stopped target [0;1;39mCloud-config availability[0m.
[[0;32m  OK  [0m] Stopped target [0;1;39mNetwork is Online[0m.
         Stopping [0;1;39mRegular background program processing daemon[0m...
         Stopping [0;1;39mGetty on tty1[0m...
         Stopping [0;1;39mirqbalance daemon[0m...
         Stopping [0;1;39mDispatcher daemon for systemd-networkd[0m...
[[0;32m  OK  [0m] Stopped [0;1;39mTerminate Plymouth Boot Screen[0m.
         Stopping [0;1;39mSystem Logging Service[0m...
         Stopping [0;1;39mSerial Getty on ttyS0[0m...
[[0;32m  OK  [0m] Stopped [0;1;39mWait until snapd is fully seeded[0m.
         Stopping [0;1;39mSnap Daemon[0m...
         Stopping [0;1;39mOpenBSD Secure Shell server[0m...
         Stopping [0;1;39mUser Login Management[0m...
[[0;32m  OK  [0m] Stopped [0;1;39mRegular background program processing daemon[0m.
[[0;32m  OK  [0m] Stopped [0;1;39mirqbalance daemon[0m.
[[0;32m  OK  [0m] Stopped [0;1;39mDispatcher daemon for systemd-networkd[0m.
[[0;32m  OK  [0m] Stopped [0;1;39mSystem Logging Service[0m.
[[0;32m  OK  [0m] Stopped [0;1;39mSerial Getty on ttyS0[0m.
[[0;32m  OK  [0m] Stopped [0;1;39mGetty on tty1[0m.
[[0;32m  OK  [0m] Stopped [0;1;39mOpenBSD Secure Shell server[0m.
[[0;32m  OK  [0m] Removed slice [0;1;39mSlice /system/getty[0m.
[[0;32m  OK  [0m] Removed slice [0;1;39mSlice /system/serial-getty[0m.
[[0;32m  OK  [0m] Stopped target [0;1;39mPreparation for Logins[0m.
[[0;32m  OK  [0m] Stopped [0;1;39mHold until boot process finishes up[0m.
         Starting [0;1;39mTell Plymouth To Jump To initramfs[0m...
         Stopping [0;1;39mPermit User Sessions[0m...
[[0;32m  OK  [0m] Stopped [0;1;39mLSB: automatic crash report generation[0m.
[[0;32m  OK  [0m] Stopped [0;1;39mUser Login Management[0m.
[[0;32m  OK  [0m] Stopped [0;1;39mPermit User Sessions[0m.
[[0;32m  OK  [0m] Stopped target [0;1;39mNetwork[0m.
[[0;32m  OK  [0m] Stopped target [0;1;39mRemote File Systems[0m.
[[0;32m  OK  [0m] Stopped target [0;1;39mPreparation for Remote File Systems[0m.
         Stopping [0;1;39mNetwork Name Resolution[0m...
[[0;32m  OK  [0m] Stopped [0;1;39mNetwork Name Resolution[0m.
[[0;32m  OK  [0m] Finished [0;1;39mTell Plymouth To Jump To initramfs[0m.
[[0;32m  OK  [0m] Stopped [0;1;39mCreate final runtime dir for shutdown pivot root[0m.
[ [0;31m*[0;1;31m*[0m[0;31m*  [0m] A stop job is running for Snap Daemon (2s / 1min 30s)
M[K[  [0;31m*[0;1;31m*[0m[0;31m* [0m] A stop job is running for Snap Daemon (3s / 1min 30s)
M[K[[0;32m  OK  [0m] Stopped [0;1;39mSnap Daemon[0m.
[K[[0;32m  OK  [0m] Stopped target [0;1;39mBasic System[0m.
[[0;32m  OK  [0m] Stopped target [0;1;39mPath Units[0m.
[[0;32m  OK  [0m] Stopped target [0;1;39mSlice Units[0m.
[[0;32m  OK  [0m] Removed slice [0;1;39mUser and Session Slice[0m.
[[0;32m  OK  [0m] Stopped target [0;1;39mSocket Units[0m.
[[0;32m  OK  [0m] Stopped target [0;1;39mSystem Time Set[0m.
[[0;32m  OK  [0m] Closed [0;1;39mOpen-iSCSI iscsid Socket[0m.
[[0;32m  OK  [0m] Closed [0;1;39mSocket unix for snap application lxd.daemon[0m.
[[0;32m  OK  [0m] Closed [0;1;39mSocket unix for snap application lxd.user-daemon[0m.
[[0;32m  OK  [0m] Closed [0;1;39mSocket activation for snappy daemon[0m.
[[0;32m  OK  [0m] Closed [0;1;39mSyslog Socket[0m.
[[0;32m  OK  [0m] Closed [0;1;39mUUID daemon activation socket[0m.
[[0;32m  OK  [0m] Stopped target [0;1;39mSystem Initialization[0m.
[[0;32m  OK  [0m] Stopped target [0;1;39mLocal Encrypted Volumes[0m.
[[0;32m  OK  [0m] Stopped [0;1;39mDispatch Password …ts to Console Directory Watch[0m.
[[0;32m  OK  [0m] Stopped [0;1;39mForward Password R…uests to Wall Directory Watch[0m.
[[0;32m  OK  [0m] Stopped target [0;1;39mLocal Verity Protected Volumes[0m.
[[0;32m  OK  [0m] Stopped [0;1;39mCloud-init: Network Stage[0m.
         Stopping [0;1;39mSet Up Additional Binary Formats[0m...
[[0;32m  OK  [0m] Stopped [0;1;39mWait for Network to be Configured[0m.
         Stopping [0;1;39mNetwork Configuration[0m...
         Stopping [0;1;39mNetwork Time Synchronization[0m...
         Stopping [0;1;39mRecord System Boot/Shutdown in UTMP[0m...
[[0;32m  OK  [0m] Stopped [0;1;39mSet Up Additional Binary Formats[0m.
[[0;32m  OK  [0m] Stopped [0;1;39mNetwork Time Synchronization[0m.
[[0;32m  OK  [0m] Unset automount [0;1;39mArbitrary …s File System Automount Point[0m.
[[0;32m  OK  [0m] Stopped [0;1;39mRecord System Boot/Shutdown in UTMP[0m.
[[0;32m  OK  [0m] Stopped [0;1;39mCreate Volatile Files and Directories[0m.
[[0;32m  OK  [0m] Stopped target [0;1;39mLocal File Systems[0m.
[[0;32m  OK  [0m] Stopped target [0;1;39mMounted snaps[0m.
         Unmounting [0;1;39m/boot/efi[0m...
         Unmounting [0;1;39m/run/credentials/systemd-sysusers.service[0m...
         Unmounting [0;1;39m/run/snapd/ns/lxd.mnt[0m...
         Unmounting [0;1;39mMount unit for core22, revision 2955[0m...
         Unmounting [0;1;39mMount unit for lxd, revision 40911[0m...
         Unmounting [0;1;39mMount unit for snapd, revision 28254[0m...
[[0;32m  OK  [0m] Stopped [0;1;39mNetwork Configuration[0m.
[[0;32m  OK  [0m] Unmounted [0;1;39m/boot/efi[0m.
[[0;32m  OK  [0m] Unmounted [0;1;39m/run/credentials/systemd-sysusers.service[0m.
[[0;32m  OK  [0m] Unmounted [0;1;39m/run/snapd/ns/lxd.mnt[0m.
[[0;32m  OK  [0m] Stopped target [0;1;39mPreparation for Network[0m.
[[0;32m  OK  [0m] Closed [0;1;39mNetwork Service Netlink Socket[0m.
         Unmounting [0;1;39m/run/snapd/ns[0m...
[[0;32m  OK  [0m] Stopped [0;1;39mCloud-init: Local Stage (pre-network)[0m.
[[0;32m  OK  [0m] Stopped [0;1;39mFile System Check on /dev/disk/by-label/UEFI[0m.
[[0;32m  OK  [0m] Removed slice [0;1;39mSlice /system/systemd-fsck[0m.
[[0;32m  OK  [0m] Stopped [0;1;39mApply Kernel Variables[0m.
[[0;32m  OK  [0m] Stopped [0;1;39mLoad Kernel Modules[0m.
[[0;32m  OK  [0m] Unmounted [0;1;39mMount unit for core22, revision 2955[0m.
[[0;32m  OK  [0m] Unmounted [0;1;39mMount unit for lxd, revision 40911[0m.
[[0;32m  OK  [0m] Unmounted [0;1;39m/run/snapd/ns[0m.
[[0;32m  OK  [0m] Stopped target [0;1;39mSwaps[0m.
[[0;32m  OK  [0m] Unmounted [0;1;39mMount unit for snapd, revision 28254[0m.
[[0;32m  OK  [0m] Stopped target [0;1;39mPreparation for Local File Systems[0m.
[[0;32m  OK  [0m] Stopped target [0;1;39mMounting snaps[0m.
[[0;32m  OK  [0m] Reached target [0;1;39mUnmount All Filesystems[0m.
         Stopping [0;1;39mMonitoring of LVM…meventd or progress polling[0m...
         Stopping [0;1;39mDevice-Mapper Multipath Device Controller[0m...
[[0;32m  OK  [0m] Stopped [0;1;39mCreate Static Device Nodes in /dev[0m.
[[0;32m  OK  [0m] Stopped [0;1;39mCreate System Users[0m.
[[0;32m  OK  [0m] Stopped [0;1;39mDevice-Mapper Multipath Device Controller[0m.
[[0;32m  OK  [0m] Stopped [0;1;39mRemount Root and Kernel File Systems[0m.
[[0;32m  OK  [0m] Stopped [0;1;39mFile System Check on Root Device[0m.
[[0;32m  OK  [0m] Stopped [0;1;39mMonitoring of LVM2… dmeventd or progress polling[0m.
[[0;32m  OK  [0m] Reached target [0;1;39mSystem Shutdown[0m.
[[0;32m  OK  [0m] Reached target [0;1;39mLate Shutdown Services[0m.
[[0;32m  OK  [0m] Finished [0;1;39mSystem Power Off[0m.
[[0;32m  OK  [0m] Reached target [0;1;39mSystem Power Off[0m.
[   41.253774] reboot: Power down
