[    0.000000] Linux version 4.18.0-553.el8_10.x86_64 (mockbuild@iad1-prod-build001.bld.equ.rockylinux.org) (gcc version 8.5.0 20210514 (Red Hat 8.5.0-22) (GCC)) #1 SMP Fri May 24 13:05:10 UTC 2024
[    0.000000] Command line: BOOT_IMAGE=(hd0,gpt2)/vmlinuz-4.18.0-553.el8_10.x86_64 root=UUID=4990ceaa-f9c5-4fa5-abef-198724d21f40 ro console=ttyS0,115200n8 no_timer_check net.ifnames=0 crashkernel=auto
[    0.000000] x86/fpu: Supporting XSAVE feature 0x001: 'x87 floating point registers'
[    0.000000] x86/fpu: Supporting XSAVE feature 0x002: 'SSE registers'
[    0.000000] x86/fpu: Supporting XSAVE feature 0x004: 'AVX registers'
[    0.000000] x86/fpu: Supporting XSAVE feature 0x020: 'AVX-512 opmask'
[    0.000000] x86/fpu: Supporting XSAVE feature 0x040: 'AVX-512 Hi256'
[    0.000000] x86/fpu: Supporting XSAVE feature 0x080: 'AVX-512 ZMM_Hi256'
[    0.000000] x86/fpu: xstate_offset[2]:  576, xstate_sizes[2]:  256
[    0.000000] x86/fpu: xstate_offset[5]:  832, xstate_sizes[5]:   64
[    0.000000] x86/fpu: xstate_offset[6]:  896, xstate_sizes[6]:  512
[    0.000000] x86/fpu: xstate_offset[7]: 1408, xstate_sizes[7]: 1024
[    0.000000] x86/fpu: Enabled xstate features 0xe7, context size is 2432 bytes, using 'compacted' format.
[    0.000000] signal: max sigframe size: 3376
[    0.000000] BIOS-provided physical RAM map:
[    0.000000] BIOS-e820: [mem 0x0000000000000000-0x000000000009fbff] usable
[    0.000000] BIOS-e820: [mem 0x000000000009fc00-0x000000000009ffff] reserved
[    0.000000] BIOS-e820: [mem 0x00000000000f0000-0x00000000000fffff] reserved
[    0.000000] BIOS-e820: [mem 0x0000000000100000-0x000000007ffd5fff] usable
[    0.000000] BIOS-e820: [mem 0x000000007ffd6000-0x000000007fffffff] reserved
[    0.000000] BIOS-e820: [mem 0x00000000b0000000-0x00000000bfffffff] reserved
[    0.000000] BIOS-e820: [mem 0x00000000fed1c000-0x00000000fed1ffff] reserved
[    0.000000] BIOS-e820: [mem 0x00000000feffc000-0x00000000feffffff] reserved
[    0.000000] BIOS-e820: [mem 0x00000000fffc0000-0x00000000ffffffff] reserved
[    0.000000] BIOS-e820: [mem 0x000000fd00000000-0x000000ffffffffff] reserved
[    0.000000] NX (Execute Disable) protection: active
[    0.000000] SMBIOS 3.0.0 present.
[    0.000000] DMI: QEMU Standard PC (Q35 + ICH9, 2009), BIOS 1.16.3-debian-1.16.3-2 04/01/2014
[    0.000000] Hypervisor detected: KVM
[    0.000000] kvm-clock: Using msrs 4b564d01 and 4b564d00
[    0.000000] kvm-clock: using sched offset of 2998610621 cycles
[    0.000000] clocksource: kvm-clock: mask: 0xffffffffffffffff max_cycles: 0x1cd42e4dffb, max_idle_ns: 881590591483 ns
[    0.000000] tsc: Detected 2596.120 MHz processor
[    0.000000] last_pfn = 0x7ffd6 max_arch_pfn = 0x400000000
[    0.000000] x86/PAT: Configuration [0-7]: WB  WC  UC- UC  WB  WP  UC- WT  
[    0.000000] found SMP MP-table at [mem 0x000f5460-0x000f546f]
[    0.000000] Using GB pages for direct mapping
[    0.000000] RAMDISK: [mem 0x2eff6000-0x337f2fff]
[    0.000000] ACPI: Early table checksum verification disabled
[    0.000000] ACPI: RSDP 0x00000000000F52A0 000014 (v00 BOCHS )
[    0.000000] ACPI: RSDT 0x000000007FFE239C 000038 (v01 BOCHS  BXPC     00000001 BXPC 00000001)
[    0.000000] ACPI: FACP 0x000000007FFE218C 0000F4 (v03 BOCHS  BXPC     00000001 BXPC 00000001)
[    0.000000] ACPI: DSDT 0x000000007FFE0040 00214C (v01 BOCHS  BXPC     00000001 BXPC 00000001)
[    0.000000] ACPI: FACS 0x000000007FFE0000 000040
[    0.000000] ACPI: APIC 0x000000007FFE2280 000080 (v03 BOCHS  BXPC     00000001 BXPC 00000001)
[    0.000000] ACPI: HPET 0x000000007FFE2300 000038 (v01 BOCHS  BXPC     00000001 BXPC 00000001)
[    0.000000] ACPI: MCFG 0x000000007FFE2338 00003C (v01 BOCHS  BXPC     00000001 BXPC 00000001)
[    0.000000] ACPI: WAET 0x000000007FFE2374 000028 (v01 BOCHS  BXPC     00000001 BXPC 00000001)
[    0.000000] ACPI: Reserving FACP table memory at [mem 0x7ffe218c-0x7ffe227f]
[    0.000000] ACPI: Reserving DSDT table memory at [mem 0x7ffe0040-0x7ffe218b]
[    0.000000] ACPI: Reserving FACS table memory at [mem 0x7ffe0000-0x7ffe003f]
[    0.000000] ACPI: Reserving APIC table memory at [mem 0x7ffe2280-0x7ffe22ff]
[    0.000000] ACPI: Reserving HPET table memory at [mem 0x7ffe2300-0x7ffe2337]
[    0.000000] ACPI: Reserving MCFG table memory at [mem 0x7ffe2338-0x7ffe2373]
[    0.000000] ACPI: Reserving WAET table memory at [mem 0x7ffe2374-0x7ffe239b]
[    0.000000] No NUMA configuration found
[    0.000000] Faking a node at [mem 0x0000000000000000-0x000000007ffd5fff]
[    0.000000] NODE_DATA(0) allocated [mem 0x7ffab000-0x7ffd5fff]
[    0.000000] Using crashkernel=auto, the size chosen is a best effort estimation.
[    0.000000] Reserving 192MB of memory at 1840MB for crashkernel (System RAM: 2047MB)
[    0.000000] Zone ranges:
[    0.000000]   DMA      [mem 0x0000000000001000-0x0000000000ffffff]
[    0.000000]   DMA32    [mem 0x0000000001000000-0x000000007ffd5fff]
[    0.000000]   Normal   empty
[    0.000000]   Device   empty
[    0.000000] Movable zone start for each node
[    0.000000] Early memory node ranges
[    0.000000]   node   0: [mem 0x0000000000001000-0x000000000009efff]
[    0.000000]   node   0: [mem 0x0000000000100000-0x000000007ffd5fff]
[    0.000000] Zeroed struct page in unavailable ranges: 140 pages
[    0.000000] Initmem setup node 0 [mem 0x0000000000001000-0x000000007ffd5fff]
[    0.000000] ACPI: PM-Timer IO Port: 0x608
[    0.000000] ACPI: LAPIC_NMI (acpi_id[0xff] dfl dfl lint[0x1])
[    0.000000] IOAPIC[0]: apic_id 0, version 17, address 0xfec00000, GSI 0-23
[    0.000000] ACPI: INT_SRC_OVR (bus 0 bus_irq 0 global_irq 2 dfl dfl)
[    0.000000] ACPI: INT_SRC_OVR (bus 0 bus_irq 5 global_irq 5 high level)
[    0.000000] ACPI: INT_SRC_OVR (bus 0 bus_irq 9 global_irq 9 high level)
[    0.000000] ACPI: INT_SRC_OVR (bus 0 bus_irq 10 global_irq 10 high level)
[    0.000000] ACPI: INT_SRC_OVR (bus 0 bus_irq 11 global_irq 11 high level)
[    0.000000] Using ACPI (MADT) for SMP configuration information
[    0.000000] ACPI: HPET id: 0x8086a201 base: 0xfed00000
[    0.000000] TSC deadline timer available
[    0.000000] smpboot: Allowing 2 CPUs, 0 hotplug CPUs
[    0.000000] kvm-guest: KVM setup pv remote TLB flush
[    0.000000] kvm-guest: setup PV sched yield
[    0.000000] PM: Registered nosave memory: [mem 0x00000000-0x00000fff]
[    0.000000] PM: Registered nosave memory: [mem 0x0009f000-0x0009ffff]
[    0.000000] PM: Registered nosave memory: [mem 0x000a0000-0x000effff]
[    0.000000] PM: Registered nosave memory: [mem 0x000f0000-0x000fffff]
[    0.000000] [mem 0xc0000000-0xfed1bfff] available for PCI devices
[    0.000000] Booting paravirtualized kernel on KVM
[    0.000000] clocksource: refined-jiffies: mask: 0xffffffff max_cycles: 0xffffffff, max_idle_ns: 1910969940391419 ns
[    0.000000] setup_percpu: NR_CPUS:8192 nr_cpumask_bits:2 nr_cpu_ids:2 nr_node_ids:1
[    0.000000] percpu: Embedded 63 pages/cpu s221184 r8192 d28672 u1048576
[    0.000000] kvm-guest: PV spinlocks enabled
[    0.000000] PV qspinlock hash table entries: 256 (order: 0, 4096 bytes, linear)
[    0.000000] Built 1 zonelists, mobility grouping on.  Total pages: 515798
[    0.000000] Policy zone: DMA32
[    0.000000] Kernel command line: BOOT_IMAGE=(hd0,gpt2)/vmlinuz-4.18.0-553.el8_10.x86_64 root=UUID=4990ceaa-f9c5-4fa5-abef-198724d21f40 ro console=ttyS0,115200n8 no_timer_check net.ifnames=0 crashkernel=auto
[    0.000000] Specific versions of hardware are certified with Enterprise Linux 8. Please see the list of hardware certified with Enterprise Linux 8 at the Red Hat catalog: https://catalog.redhat.com.
[    0.000000] Memory: 261120K/2096592K available (14339K kernel code, 5957K rwdata, 8568K rodata, 2820K init, 13792K bss, 357780K reserved, 0K cma-reserved)
[    0.000000] SLUB: HWalign=64, Order=0-3, MinObjects=0, CPUs=2, Nodes=1
[    0.000000] ftrace: allocating 41053 entries in 161 pages
[    0.000000] ftrace: allocated 161 pages with 3 groups
[    0.000000] rcu: Hierarchical RCU implementation.
[    0.000000] rcu: 	RCU restricting CPUs from NR_CPUS=8192 to nr_cpu_ids=2.
[    0.000000] 	Rude variant of Tasks RCU enabled.
[    0.000000] 	Tracing variant of Tasks RCU enabled.
[    0.000000] rcu: RCU calculated value of scheduler-enlistment delay is 100 jiffies.
[    0.000000] rcu: Adjusting geometry for rcu_fanout_leaf=16, nr_cpu_ids=2
[    0.000000] NR_IRQS: 524544, nr_irqs: 440, preallocated irqs: 16
[    0.000000] random: crng done (trusting CPU's manufacturer)
[    0.001000] Console: colour VGA+ 80x25
[    0.001000] printk: console [ttyS0] enabled
[    0.001000] ACPI: Core revision 20220331
[    0.001000] clocksource: hpet: mask: 0xffffffff max_cycles: 0xffffffff, max_idle_ns: 19112604467 ns
[    0.001010] APIC: Switch to symmetric I/O mode setup
[    0.002660] x2apic enabled
[    0.003006] Switched APIC routing to physical x2apic.
[    0.004011] kvm-guest: setup PV IPIs
[    0.008373] ..TIMER: vector=0x30 apic1=0 pin1=2 apic2=-1 pin2=-1
[    0.009000] tsc: Marking TSC unstable due to TSCs unsynchronized
[    0.009001] Calibrating delay loop (skipped) preset value.. 5192.24 BogoMIPS (lpj=2596120)
[    0.010000] pid_max: default: 32768 minimum: 301
[    0.011013] LSM: Security Framework initializing
[    0.012005] Yama: becoming mindful.
[    0.013004] SELinux:  Initializing.
[    0.014010] LSM support for eBPF active
[    0.015161] Dentry cache hash table entries: 262144 (order: 9, 2097152 bytes, vmalloc)
[    0.016118] Inode-cache hash table entries: 131072 (order: 8, 1048576 bytes, vmalloc)
[    0.017005] Mount-cache hash table entries: 4096 (order: 3, 32768 bytes, vmalloc)
[    0.018002] Mountpoint-cache hash table entries: 4096 (order: 3, 32768 bytes, vmalloc)
[    0.020246] x86/cpu: User Mode Instruction Prevention (UMIP) activated
[    0.022124] Last level iTLB entries: 4KB 512, 2MB 255, 4MB 127
[    0.023000] Last level dTLB entries: 4KB 512, 2MB 255, 4MB 127, 1GB 0
[    0.024007] Spectre V1 : Mitigation: usercopy/swapgs barriers and __user pointer sanitization
[    0.025001] Spectre V2 : Mitigation: Retpolines
[    0.026000] Spectre V2 : Spectre v2 / SpectreRSB mitigation: Filling RSB on context switch
[    0.028000] Spectre V2 : Spectre v2 / SpectreRSB : Filling RSB on VMEXIT
[    0.029000] Speculative Store Bypass: Vulnerable
[    0.039889] Freeing SMP alternatives memory: 36K
[    0.040184] smpboot: CPU0: AMD EPYC 9V45 96-Core Processor (family: 0x1a, model: 0x2, stepping: 0x1)
[    0.041075] Performance Events: PMU not available due to virtualization, using software events only.
[    0.042044] rcu: Hierarchical SRCU implementation.
[    0.043571] NMI watchdog: Perf NMI watchdog permanently disabled
[    0.044026] smp: Bringing up secondary CPUs ...
[    0.045103] x86: Booting SMP configuration:
[    0.046007] .... node  #0, CPUs:      #1
[    0.047727] smp: Brought up 1 node, 2 CPUs
[    0.048981] smpboot: Max logical packages: 1
[    0.049006] smpboot: Total of 2 processors activated (10384.48 BogoMIPS)
[    0.052178] node 0 deferred pages initialised in 2ms
[    0.053079] devtmpfs: initialized
[    0.054043] x86/mm: Memory block size: 128MB
[    0.055162] clocksource: jiffies: mask: 0xffffffff max_cycles: 0xffffffff, max_idle_ns: 1911260446275000 ns
[    0.056016] futex hash table entries: 512 (order: 3, 32768 bytes, vmalloc)
[    0.057037] pinctrl core: initialized pinctrl subsystem
[    0.058134] NET: Registered protocol family 16
[    0.059050] DMA: preallocated 256 KiB GFP_KERNEL pool for atomic allocations
[    0.060008] DMA: preallocated 256 KiB GFP_KERNEL|GFP_DMA pool for atomic allocations
[    0.061007] DMA: preallocated 256 KiB GFP_KERNEL|GFP_DMA32 pool for atomic allocations
[    0.062011] audit: initializing netlink subsys (disabled)
[    0.063021] audit: type=2000 audit(1791614829.006:1): state=initialized audit_enabled=0 res=1
[    0.064009] cpuidle: using governor menu
[    0.066294] acpiphp: ACPI Hot Plug PCI Controller Driver version: 0.5
[    0.067158] PCI: MMCONFIG for domain 0000 [bus 00-ff] at [mem 0xb0000000-0xbfffffff] (base 0xb0000000)
[    0.068007] PCI: MMCONFIG at [mem 0xb0000000-0xbfffffff] reserved in E820
[    0.069013] PCI: Using configuration type 1 for base access
[    0.070657] HugeTLB registered 1.00 GiB page size, pre-allocated 0 pages
[    0.071007] HugeTLB registered 2.00 MiB page size, pre-allocated 0 pages
[    0.072035] cryptd: max_cpu_qlen set to 1000
[    0.073027] ACPI: Added _OSI(Module Device)
[    0.074006] ACPI: Added _OSI(Processor Device)
[    0.075011] ACPI: Added _OSI(3.0 _SCP Extensions)
[    0.076006] ACPI: Added _OSI(Processor Aggregator Device)
[    0.077358] ACPI: 1 ACPI AML tables successfully acquired and loaded
[    0.078903] ACPI: Interpreter enabled
[    0.079013] ACPI: PM: (supports S0 S3 S4 S5)
[    0.080006] ACPI: Using IOAPIC for interrupt routing
[    0.081062] PCI: Using host bridge windows from ACPI; if necessary, use "pci=nocrs" and report a bug
[    0.082067] ACPI: Enabled 2 GPEs in block 00 to 3F
[    0.084035] ACPI: PCI Root Bridge [PCI0] (domain 0000 [bus 00-ff])
[    0.085008] acpi PNP0A08:00: _OSC: OS supports [ExtendedConfig ASPM ClockPM Segments MSI EDR HPX-Type3]
[    0.086022] acpi PNP0A08:00: _OSC: platform does not support [PCIeHotplug LTR DPC]
[    0.087023] acpi PNP0A08:00: _OSC: OS now controls [SHPCHotplug PME AER PCIeCapability]
[    0.088201] PCI host bridge to bus 0000:00
[    0.089006] pci_bus 0000:00: root bus resource [io  0x0000-0x0cf7 window]
[    0.090006] pci_bus 0000:00: root bus resource [io  0x0d00-0xffff window]
[    0.091008] pci_bus 0000:00: root bus resource [mem 0x000a0000-0x000bffff window]
[    0.092016] pci_bus 0000:00: root bus resource [mem 0x80000000-0xafffffff window]
[    0.093006] pci_bus 0000:00: root bus resource [mem 0xc0000000-0xfebfffff window]
[    0.094006] pci_bus 0000:00: root bus resource [mem 0x100000000-0x8ffffffff window]
[    0.095006] pci_bus 0000:00: root bus resource [bus 00-ff]
[    0.096098] pci 0000:00:00.0: [8086:29c0] type 00 class 0x060000
[    0.097866] pci 0000:00:01.0: [1234:1111] type 00 class 0x030000
[    0.099007] pci 0000:00:01.0: reg 0x10: [mem 0xfd000000-0xfdffffff pref]
[    0.101216] pci 0000:00:01.0: reg 0x18: [mem 0xfeb90000-0xfeb90fff]
[    0.105286] pci 0000:00:01.0: reg 0x30: [mem 0xfeb80000-0xfeb8ffff pref]
[    0.106576] pci 0000:00:02.0: [1af4:1000] type 00 class 0x020000
[    0.107600] pci 0000:00:02.0: reg 0x10: [io  0xc1c0-0xc1df]
[    0.108470] pci 0000:00:02.0: reg 0x14: [mem 0xfeb91000-0xfeb91fff]
[    0.111008] pci 0000:00:02.0: reg 0x20: [mem 0xfe000000-0xfe003fff 64bit pref]
[    0.112444] pci 0000:00:02.0: reg 0x30: [mem 0xfeb00000-0xfeb7ffff pref]
[    0.114406] pci 0000:00:03.0: [1af4:1001] type 00 class 0x010000
[    0.115717] pci 0000:00:03.0: reg 0x10: [io  0xc000-0xc07f]
[    0.116722] pci 0000:00:03.0: reg 0x14: [mem 0xfeb92000-0xfeb92fff]
[    0.118645] pci 0000:00:03.0: reg 0x20: [mem 0xfe004000-0xfe007fff 64bit pref]
[    0.120920] pci 0000:00:04.0: [1af4:1001] type 00 class 0x010000
[    0.121898] pci 0000:00:04.0: reg 0x10: [io  0xc080-0xc0ff]
[    0.123271] pci 0000:00:04.0: reg 0x14: [mem 0xfeb93000-0xfeb93fff]
[    0.125669] pci 0000:00:04.0: reg 0x20: [mem 0xfe008000-0xfe00bfff 64bit pref]
[    0.127948] pci 0000:00:05.0: [1af4:1001] type 00 class 0x010000
[    0.128688] pci 0000:00:05.0: reg 0x10: [io  0xc100-0xc17f]
[    0.129574] pci 0000:00:05.0: reg 0x14: [mem 0xfeb94000-0xfeb94fff]
[    0.131627] pci 0000:00:05.0: reg 0x20: [mem 0xfe00c000-0xfe00ffff 64bit pref]
[    0.134107] pci 0000:00:1f.0: [8086:2918] type 00 class 0x060100
[    0.136255] pci 0000:00:1f.0: quirk: [io  0x0600-0x067f] claimed by ICH6 ACPI/GPIO/TCO
[    0.137442] pci 0000:00:1f.2: [8086:2922] type 00 class 0x010601
[    0.139423] pci 0000:00:1f.2: reg 0x20: [io  0xc1e0-0xc1ff]
[    0.140274] pci 0000:00:1f.2: reg 0x24: [mem 0xfeb95000-0xfeb95fff]
[    0.141934] pci 0000:00:1f.3: [8086:2930] type 00 class 0x0c0500
[    0.143076] pci 0000:00:1f.3: reg 0x20: [io  0x0700-0x073f]
[    0.144772] ACPI: PCI: Interrupt link LNKA configured for IRQ 10
[    0.145088] ACPI: PCI: Interrupt link LNKB configured for IRQ 10
[    0.146084] ACPI: PCI: Interrupt link LNKC configured for IRQ 11
[    0.147083] ACPI: PCI: Interrupt link LNKD configured for IRQ 11
[    0.148087] ACPI: PCI: Interrupt link LNKE configured for IRQ 10
[    0.149088] ACPI: PCI: Interrupt link LNKF configured for IRQ 10
[    0.150083] ACPI: PCI: Interrupt link LNKG configured for IRQ 11
[    0.151083] ACPI: PCI: Interrupt link LNKH configured for IRQ 11
[    0.152043] ACPI: PCI: Interrupt link GSIA configured for IRQ 16
[    0.153009] ACPI: PCI: Interrupt link GSIB configured for IRQ 17
[    0.154008] ACPI: PCI: Interrupt link GSIC configured for IRQ 18
[    0.155008] ACPI: PCI: Interrupt link GSID configured for IRQ 19
[    0.156008] ACPI: PCI: Interrupt link GSIE configured for IRQ 20
[    0.157008] ACPI: PCI: Interrupt link GSIF configured for IRQ 21
[    0.158008] ACPI: PCI: Interrupt link GSIG configured for IRQ 22
[    0.159008] ACPI: PCI: Interrupt link GSIH configured for IRQ 23
[    0.160188] iommu: Default domain type: Passthrough 
[    0.161000] SCSI subsystem initialized
[    0.162019] ACPI: bus type USB registered
[    0.162829] usbcore: registered new interface driver usbfs
[    0.163010] usbcore: registered new interface driver hub
[    0.165010] usbcore: registered new device driver usb
[    0.166020] pps_core: LinuxPPS API ver. 1 registered
[    0.166997] pps_core: Software ver. 5.3.6 - Copyright 2005-2007 Rodolfo Giometti <giometti@linux.it>
[    0.168007] PTP clock support registered
[    0.169021] EDAC MC: Ver: 3.0.0
[    0.170329] PCI: Using ACPI for IRQ routing
[    0.304990] NetLabel: Initializing
[    0.305006] NetLabel:  domain hash size = 128
[    0.306006] NetLabel:  protocols = UNLABELED CIPSOv4 CALIPSO
[    0.307013] NetLabel:  unlabeled traffic allowed by default
[    0.308021] pci 0000:00:01.0: vgaarb: setting as boot VGA device
[    0.309000] pci 0000:00:01.0: vgaarb: VGA device added: decodes=io+mem,owns=io+mem,locks=none
[    0.309007] pci 0000:00:01.0: vgaarb: bridge control possible
[    0.310006] vgaarb: loaded
[    0.310646] hpet0: at MMIO 0xfed00000, IRQs 2, 8, 0
[    0.311007] hpet0: 3 comparators, 64-bit 100.000000 MHz counter
[    0.316032] clocksource: Switched to clocksource kvm-clock
[    0.323418] VFS: Disk quotas dquot_6.6.0
[    0.324233] VFS: Dquot-cache hash table entries: 512 (order 0, 4096 bytes)
[    0.325631] pnp: PnP ACPI init
[    0.326360] system 00:05: [mem 0xb0000000-0xbfffffff window] has been reserved
[    0.327998] pnp: PnP ACPI: found 6 devices
[    0.336120] clocksource: acpi_pm: mask: 0xffffff max_cycles: 0xffffff, max_idle_ns: 2085701024 ns
[    0.337900] pci_bus 0000:00: resource 4 [io  0x0000-0x0cf7 window]
[    0.339140] pci_bus 0000:00: resource 5 [io  0x0d00-0xffff window]
[    0.340375] pci_bus 0000:00: resource 6 [mem 0x000a0000-0x000bffff window]
[    0.341754] pci_bus 0000:00: resource 7 [mem 0x80000000-0xafffffff window]
[    0.343123] pci_bus 0000:00: resource 8 [mem 0xc0000000-0xfebfffff window]
[    0.344493] pci_bus 0000:00: resource 9 [mem 0x100000000-0x8ffffffff window]
[    0.345921] NET: Registered protocol family 2
[    0.346828] IP idents hash table entries: 32768 (order: 6, 262144 bytes, vmalloc)
[    0.348648] tcp_listen_portaddr_hash hash table entries: 1024 (order: 2, 16384 bytes, vmalloc)
[    0.350675] TCP established hash table entries: 16384 (order: 5, 131072 bytes, vmalloc)
[    0.352534] TCP bind hash table entries: 16384 (order: 6, 262144 bytes, vmalloc)
[    0.354249] TCP: Hash tables configured (established 16384 bind 16384)
[    0.355795] MPTCP token hash table entries: 2048 (order: 3, 49152 bytes, vmalloc)
[    0.357520] UDP hash table entries: 1024 (order: 3, 32768 bytes, vmalloc)
[    0.359103] UDP-Lite hash table entries: 1024 (order: 3, 32768 bytes, vmalloc)
[    0.360793] NET: Registered protocol family 1
[    0.361820] NET: Registered protocol family 44
[    0.362939] pci 0000:00:01.0: Video device with shadowed ROM at [mem 0x000c0000-0x000dffff]
[    0.364993] PCI: CLS 0 bytes, default 64
[    0.365942] Unpacking initramfs...
[    0.691418] Freeing initrd memory: 73716K
[    0.692489] ACPI: bus type thunderbolt registered
[    0.695306] Initialise system trusted keyrings
[    0.696253] Key type blacklist registered
[    0.697121] workingset: timestamp_bits=36 max_order=19 bucket_order=0
[    0.699519] zbud: loaded
[    0.700344] pstore: using deflate compression
[    0.701600] Platform Keyring initialized
[    0.721442] NET: Registered protocol family 38
[    0.722505] Key type asymmetric registered
[    0.723473] Asymmetric key parser 'x509' registered
[    0.724615] Running certificate verification selftests
[    0.738288] Loaded X.509 cert 'Certificate verification self-testing key: f58703bb33ce1b73ee02eccdee5b8817518fe3db'
[    0.740933] Block layer SCSI generic (bsg) driver version 0.4 loaded (major 247)
[    0.742720] io scheduler mq-deadline registered
[    0.743646] io scheduler kyber registered
[    0.744495] io scheduler bfq registered
[    0.745325] atomic64_test: passed for x86-64 platform with CX8 and with SSE
[    0.746781] shpchp: Standard Hot Plug PCI Controller Driver version: 0.4
[    0.748175] input: Power Button as /devices/LNXSYSTM:00/LNXPWRBN:00/input/input0
[    0.749674] ACPI: Power Button [PWRF]
[    0.750805] ACPI: \_SB_.GSIG: Enabled at IRQ 22
[    0.753782] ACPI: \_SB_.GSIH: Enabled at IRQ 23
[    0.756608] ACPI: \_SB_.GSIE: Enabled at IRQ 20
[    0.759403] ACPI: \_SB_.GSIF: Enabled at IRQ 21
[    0.762133] Serial: 8250/16550 driver, 4 ports, IRQ sharing enabled
[    0.787878] 00:03: ttyS0 at I/O 0x3f8 (irq = 4, base_baud = 115200) is a 16550A
[    0.790144] Non-volatile memory driver v1.3
[    0.791310] rdac: device handler registered
[    0.792326] hp_sw: device handler registered
[    0.793338] emc: device handler registered
[    0.794368] alua: device handler registered
[    0.795394] libphy: Fixed MDIO Bus: probed
[    0.796459] usbcore: registered new interface driver usbserial_generic
[    0.797983] usbserial: USB Serial support registered for generic
[    0.799394] i8042: PNP: PS/2 Controller [PNP0303:KBD,PNP0f13:MOU] at 0x60,0x64 irq 1,12
[    0.802456] serio: i8042 KBD port at 0x60,0x64 irq 1
[    0.803613] serio: i8042 AUX port at 0x60,0x64 irq 12
[    0.804913] mousedev: PS/2 mouse device common for all mice
[    0.806361] rtc_cmos 00:04: RTC can wake from S4
[    0.808308] input: AT Translated Set 2 keyboard as /devices/platform/i8042/serio0/input/input1
[    0.810382] rtc_cmos 00:04: registered as rtc0
[    0.811194] input: VirtualPS/2 VMware VMMouse as /devices/platform/i8042/serio1/input/input4
[    0.811490] rtc_cmos 00:04: alarms up to one day, y3k, 242 bytes nvram, hpet irqs
[    0.813782] input: VirtualPS/2 VMware VMMouse as /devices/platform/i8042/serio1/input/input3
[    0.814952] amd_pstate: the _CPC object is not present in SBIOS or ACPI disabled
[    0.818619] hid: raw HID events driver (C) Jiri Kosina
[    0.819667] usbcore: registered new interface driver usbhid
[    0.820791] usbhid: USB HID core driver
[    0.821575] drop_monitor: Initializing network drop monitor service
[    0.822867] Initializing XFRM netlink socket
[    0.823815] NET: Registered protocol family 10
[    0.824876] Segment Routing with IPv6
[    0.825764] NET: Registered protocol family 17
[    0.826871] mpls_gso: MPLS GSO support
[    0.828035] AVX2 version of gcm_enc/dec engaged.
[    0.829121] AES CTR mode by8 optimization enabled
[    0.838517] sched_clock: Marking stable (838515519, 0)->(1360221551, -521706032)
[    0.840114] registered taskstats version 1
[    0.840984] Loading compiled-in X.509 certificates
[    0.842133] Loaded X.509 cert 'Rocky kernel signing key: 1c186528cdbf146bf66427b7dbce1d6f6aab4538'
[    0.843906] Loaded X.509 cert 'Rocky Enterprise Software Foundation: Rocky Linux Driver Signing Cert 101: ce537f0c615c038114acbb01233a5b62b93a1971'
[    0.846502] Loaded X.509 cert 'Rocky Enterprise Software Foundation: Rocky Linux Kpatch Signing Cert 101: b5ee07c737e57ecbeaed493a51379763b06312c5'
[    0.849108] zswap: loaded using pool lzo/zbud
[    0.850084] page_owner is disabled
[    0.853600] Key type big_key registered
[    0.855779] Key type encrypted registered
[    0.856609] ima: No TPM chip found, activating TPM-bypass!
[    0.857721] ima: Allocated hash algorithm: sha256
[    0.858667] ima: No architecture policies found
[    0.859587] evm: Initialising EVM extended attributes:
[    0.860613] evm: security.selinux
[    0.861291] evm: security.ima
[    0.861887] evm: security.capability
[    0.862613] evm: HMAC attrs: 0x1
[    0.863542] rtc_cmos 00:04: setting system clock to 2026-10-10 06:47:09 UTC (1791614829)
[    0.866260] Freeing unused decrypted memory: 2028K
[    0.867418] Freeing unused kernel image (initmem) memory: 2820K
[    0.870019] Write protecting the kernel read-only data: 26624k
[    0.871434] Freeing unused kernel image (text/rodata gap) memory: 2016K
[    0.872894] Freeing unused kernel image (rodata/data gap) memory: 1672K
[    0.878445] systemd[1]: systemd 239 (239-82.el8) running in system mode. (+PAM +AUDIT +SELINUX +IMA -APPARMOR +SMACK +SYSVINIT +UTMP +LIBCRYPTSETUP +GCRYPT +GNUTLS +ACL +XZ +LZ4 +SECCOMP +BLKID +ELFUTILS +KMOD +IDN2 -IDN +PCRE2 default-hierarchy=legacy)
[    0.882894] systemd[1]: Detected virtualization kvm.
[    0.883912] systemd[1]: Detected architecture x86-64.
[    0.884944] systemd[1]: Running in initial RAM disk.

Welcome to [0;31mRocky Linux 8.10 (Green Obsidian) dracut-049-233.git20240115.el8 (Initramfs)[0m!

[    0.903192] systemd[1]: No hostname configured.
[    0.904114] systemd[1]: Set hostname to <localhost>.
[    0.905134] systemd[1]: Initializing machine ID from random generator.
[    0.927523] systemd[1]: Reached target Slices.
[[0;32m  OK  [0m] Reached target Slices.
[    0.929677] systemd[1]: Reached target Timers.
[[0;32m  OK  [0m] Reached target Timers.
[    0.931792] systemd[1]: Reached target Swap.
[[0;32m  OK  [0m] Reached target Swap.
[[0;32m  OK  [0m] Listening on udev Kernel Socket.
[[0;32m  OK  [0m] Listening on Journal Socket.
         Starting Create list of required st…ce nodes for the current kernel...
[[0;32m  OK  [0m] Started Memstrack Anylazing Service.
[[0;32m  OK  [0m] Reached target Local File Systems.
         Starting Create Volatile Files and Directories...
[[0;32m  OK  [0m] Listening on udev Control Socket.
[[0;32m  OK  [0m] Listening on Journal Socket (/dev/log).
         Starting Journal Service...
[[0;32m  OK  [0m] Reached target Sockets.
[[0;32m  OK  [0m] Started Dispatch Password Requests to Console Directory Watch.
[[0;32m  OK  [0m] Reached target Paths.
[[0;32m  OK  [0m] Reached target Local Encrypted Volumes.
         Starting Load Kernel Modules...
         Starting Setup Virtual Console...
[[0;32m  OK  [0m] Started Create list of required sta…vice nodes for the current kernel.
[[0;32m  OK  [0m] Started Create Volatile Files and Directories.
         Starting Create Static Device Nodes in /dev...
[[0;32m  OK  [0m] Started Load Kernel Modules.
[[0;32m  OK  [0m] Started Journal Service.
[[0;32m  OK  [0m] Started Setup Virtual Console.
[[0;32m  OK  [0m] Started Create Static Device Nodes in /dev.
         Starting dracut cmdline hook...
         Starting Apply Kernel Variables...
[[0;32m  OK  [0m] Started Apply Kernel Variables.
[[0;32m  OK  [0m] Started dracut cmdline hook.
         Starting dracut pre-udev hook...
[    1.078231] device-mapper: uevent: version 1.0.3
[    1.079242] device-mapper: ioctl: 4.46.0-ioctl (2022-02-22) initialised: dm-devel@redhat.com
[    1.103097] RPC: Registered named UNIX socket transport module.
[    1.104493] RPC: Registered udp transport module.
[    1.105606] RPC: Registered tcp transport module.
[    1.106727] RPC: Registered tcp NFSv4.1 backchannel transport module.
[[0;32m  OK  [0m] Started dracut pre-udev hook.
         Starting udev Kernel Device Manager...
[[0;32m  OK  [0m] Started udev Kernel Device Manager.
         Starting dracut pre-trigger hook...
[[0;32m  OK  [0m] Started dracut pre-trigger hook.
         Starting udev Coldplug all Devices...
         Mounting Kernel Configuration File System...
[[0;32m  OK  [0m] Mounted Kernel Configuration File System.
[[0;32m  OK  [0m] Started udev Coldplug all Devices.
[[0;32m  OK  [0m] Reached target System Initialization.
[[0;32m  OK  [0m] Reached target Basic System.
[[0;32m  OK  [0m] Started Hardware RNG Entropy Gatherer Daemon.
         Starting dracut initqueue hook...
[    1.213862] virtio_blk virtio1: [vda] 33554432 512-byte logical blocks (17.2 GB/16.0 GiB)
[    1.222101] vda: detected capacity change from 0 to 17179869184
[    1.234038] GPT:Primary header thinks Alt. header is not at the end of the disk.
[    1.234039] GPT:20971519 != 33554431
[    1.234040] GPT:Alternate GPT header not at the end of the disk.
[    1.234040] GPT:20971519 != 33554431
[    1.234040] GPT: Use GNU Parted to correct GPT errors.
[    1.234043]  vda: vda1 vda2 vda3 vda4 vda5
[    1.235865] virtio_blk virtio2: [vdb] 732 512-byte logical blocks (375 kB/366 KiB)
[    1.235868] vdb: detected capacity change from 0 to 374784
[    1.239206] virtio_blk virtio3: [vdc] 1048576 512-byte logical blocks (537 MB/512 MiB)
[    1.239209] vdc: detected capacity change from 0 to 536870912
[    1.240129]  vdc:
[    1.247187] ACPI: \_SB_.GSIA: Enabled at IRQ 16
[    1.248879] ahci 0000:00:1f.2: AHCI 0001.0000 32 slots 6 ports 1.5 Gbps 0x3f impl SATA mode
[    1.248882] ahci 0000:00:1f.2: flags: 64bit ncq only 
[    1.270729] scsi host0: ahci
[    1.278057] scsi host1: ahci
[    1.286029] scsi host2: ahci
[    1.292704] scsi host3: ahci
[    1.301700] scsi host4: ahci
[    1.315821] scsi host5: ahci
[    1.315867] ata1: SATA max UDMA/133 abar m4096@0xfeb95000 port 0xfeb95100 irq 36
[    1.315878] ata2: SATA max UDMA/133 abar m4096@0xfeb95000 port 0xfeb95180 irq 36
[    1.315888] ata3: SATA max UDMA/133 abar m4096@0xfeb95000 port 0xfeb95200 irq 36
[    1.315898] ata4: SATA max UDMA/133 abar m4096@0xfeb95000 port 0xfeb95280 irq 36
[    1.315908] ata5: SATA max UDMA/133 abar m4096@0xfeb95000 port 0xfeb95300 irq 36
[    1.315917] ata6: SATA max UDMA/133 abar m4096@0xfeb95000 port 0xfeb95380 irq 36
[[0;32m  OK  [0m] Started dracut initqueue hook.
[[0;32m  OK  [0m] Found device /dev/disk/by-uuid/4990ceaa-f9c5-4fa5-abef-198724d21f40.
[[0;32m  OK  [0m] Reached target Initrd Root Device.
         Starting dracut pre-mount hook...
[[0;32m  OK  [0m] Reached target Remote File Systems (Pre).
[[0;32m  OK  [0m] Reached target Remote File Systems.
[[0;32m  OK  [0m] Started dracut pre-mount hook.
         Starting File System Check on /dev/…eaa-f9c5-4fa5-abef-198724d21f40...[    1.625612] ata1: SATA link down (SStatus 0 SControl 300)

[    1.632287] ata3: SATA link up 1.5 Gbps (SStatus 113 SControl 300)
[    1.634037] ata2: SATA link down (SStatus 0 SControl 300)
[    1.635427] ata3.00: ATAPI: QEMU DVD-ROM, 2.5+, max UDMA/100
[    1.636783] ata3.00: applying bridge limits
[    1.637963] ata3.00: configured for UDMA/100
[    1.639706] scsi 2:0:0:0: CD-ROM            QEMU     QEMU DVD-ROM     2.5+ PQ: 0 ANSI: 5
[    1.640610] ata5: SATA link down (SStatus 0 SControl 300)
[    1.643223] ata4: SATA link down (SStatus 0 SControl 300)
[    1.649797] ata6: SATA link down (SStatus 0 SControl 300)
[[0;32m  OK  [0m] Started File System Check on /dev/d…0ceaa-f9c5-4fa5-abef-198724d21f40.
         Mounting /sysroot...
[    1.681057] scsi 2:0:0:0: Attached scsi generic sg0 type 5
[    1.708280] sr 2:0:0:0: [sr0] scsi3-mmc drive: 4x/4x cd/rw xa/form2 tray
[    1.709881] cdrom: Uniform CD-ROM driver Revision: 3.20
[    1.784171] SGI XFS with ACLs, security attributes, quota, no debug enabled
[    1.830991] XFS (vda5): Mounting V5 Filesystem
[    1.869315] XFS (vda5): Ending clean mount
[[0;32m  OK  [0m] Mounted /sysroot.
[[0;32m  OK  [0m] Reached target Initrd Root File System.
         Starting Reload Configuration from the Real Root...
[[0;32m  OK  [0m] Started Reload Configuration from the Real Root.
[[0;32m  OK  [0m] Reached target Initrd File Systems.
[[0;32m  OK  [0m] Reached target Initrd Default Target.
         Starting dracut pre-pivot and cleanup hook...
[[0;32m  OK  [0m] Started dracut pre-pivot and cleanup hook.
         Starting Cleaning Up and Shutting Down Daemons...
[[0;32m  OK  [0m] Stopped dracut pre-pivot and cleanup hook.
         Stopping Hardware RNG Entropy Gatherer Daemon...
[[0;32m  OK  [0m] Stopped target Remote File Systems.
[[0;32m  OK  [0m] Stopped target Timers.
[[0;32m  OK  [0m] Stopped target Remote File Systems (Pre).
[[0;32m  OK  [0m] Stopped dracut pre-mount hook.
[[0;32m  OK  [0m] Stopped dracut initqueue hook.
[[0;32m  OK  [0m] Stopped target Initrd Default Target.
[[0;32m  OK  [0m] Stopped target Initrd Root Device.
[[0;32m  OK  [0m] Stopped Hardware RNG Entropy Gatherer Daemon.
[[0;32m  OK  [0m] Stopped target Basic System.
[[0;32m  OK  [0m] Stopped target Sockets.
[[0;32m  OK  [0m] Stopped target System Initialization.
[[0;32m  OK  [0m] Stopped Apply Kernel Variables.
[[0;32m  OK  [0m] Stopped Load Kernel Modules.
[[0;32m  OK  [0m] Stopped udev Coldplug all Devices.
[[0;32m  OK  [0m] Stopped dracut pre-trigger hook.
[[0;32m  OK  [0m] Stopped target Local Encrypted Volumes.
[[0;32m  OK  [0m] Stopped target Swap.
[[0;32m  OK  [0m] Stopped Create Volatile Files and Directories.
[[0;32m  OK  [0m] Stopped target Local File Systems.
         Stopping udev Kernel Device Manager...
[[0;32m  OK  [0m] Stopped target Slices.
[[0;32m  OK  [0m] Stopped target Paths.
[[0;32m  OK  [0m] Stopped Dispatch Password Requests to Console Directory Watch.
[[0;32m  OK  [0m] Stopped udev Kernel Device Manager.
[[0;32m  OK  [0m] Started Cleaning Up and Shutting Down Daemons.
[[0;32m  OK  [0m] Stopped dracut pre-udev hook.
[[0;32m  OK  [0m] Stopped dracut cmdline hook.
[[0;32m  OK  [0m] Stopped Create Static Device Nodes in /dev.
[[0;32m  OK  [0m] Stopped Create list of required sta…vice nodes for the current kernel.
[[0;32m  OK  [0m] Closed udev Kernel Socket.
[[0;32m  OK  [0m] Closed udev Control Socket.
         Starting Cleanup udevd DB...
[[0;32m  OK  [0m] Started Cleanup udevd DB.
[[0;32m  OK  [0m] Reached target Switch Root.
         Starting Switch Root...
[    2.441823] printk: systemd: 21 output lines suppressed due to ratelimiting
[    2.501272] audit: type=1404 audit(1791614831.137:2): enforcing=1 old_enforcing=0 auid=4294967295 ses=4294967295 enabled=1 old-enabled=1 lsm=selinux res=1
[    2.562534] SELinux:  policy capability network_peer_controls=1
[    2.564026] SELinux:  policy capability open_perms=1
[    2.565206] SELinux:  policy capability extended_socket_class=1
[    2.566598] SELinux:  policy capability always_check_network=0
[    2.567979] SELinux:  policy capability cgroup_seclabel=1
[    2.569258] SELinux:  policy capability nnp_nosuid_transition=1
[    2.591076] audit: type=1403 audit(1791614831.227:3): auid=4294967295 ses=4294967295 lsm=selinux res=1
[    2.591998] systemd[1]: Successfully loaded SELinux policy in 91.237ms.
[    2.609107] systemd[1]: Relabelled /dev, /run and /sys/fs/cgroup in 7.491ms.
[    2.612461] systemd[1]: systemd 239 (239-82.el8) running in system mode. (+PAM +AUDIT +SELINUX +IMA -APPARMOR +SMACK +SYSVINIT +UTMP +LIBCRYPTSETUP +GCRYPT +GNUTLS +ACL +XZ +LZ4 +SECCOMP +BLKID +ELFUTILS +KMOD +IDN2 -IDN +PCRE2 default-hierarchy=legacy)
[    2.617732] systemd[1]: Detected virtualization kvm.
[    2.618921] systemd[1]: Detected architecture x86-64.

Welcome to [0;32mRocky Linux 8.10 (Green Obsidian)[0m!

[    2.622839] systemd[1]: Set hostname to <localhost.localdomain>.
[    2.624996] systemd[1]: Initializing machine ID from random generator.
[    2.626591] systemd[1]: Installed transient /etc/machine-id file.
[    2.833711] systemd[1]: initrd-switch-root.service: Succeeded.
[    2.835258] systemd[1]: Stopped Switch Root.
[[0;32m  OK  [0m] Stopped Switch Root.
[    2.837236] systemd[1]: systemd-journald.service: Service has no hold-off time (RestartSec=0), scheduling restart.
[    2.839692] systemd[1]: systemd-journald.service: Scheduled restart job, restart counter is at 1.
[[0;32m  OK  [0m] Stopped Journal Service.
         Starting Journal Service...
[[0;32m  OK  [0m] Listening on RPCbind Server Activation Socket.
         Starting Create list of required st…ce nodes for the current kernel...
[[0;32m  OK  [0m] Started Dispatch Password Requests to Console Directory Watch.
         Starting Read and set NIS domainname from /etc/sysconfig/network...
[[0;32m  OK  [0m] Created slice system-serial\x2dgetty.slice.
         Mounting Huge Pages File System...
[[0;32m  OK  [0m] Stopped File System Check on Root Device.
         Starting Load Kernel Modules...
[[0;32m  OK  [0m] Created slice User and Session Slice.
[[0;32m  OK  [0m] Reached target Slices.
[[0;32m  OK  [0m] Reached target Swap.
[[0;32m  OK  [0m] Started Forward Password Requests to Wall Directory Watch.
[[0;32m  OK  [0m] Reached target Local Encrypted Volumes.
[[0;32m  OK  [0m] Reached target Paths.
[[0;32m  OK  [0m] Created slice system-systemd\x2dfsck.slice.
[[0;32m  OK  [0m] Set up automount Arbitrary Executab…rmats File System Automount Point.
[[0;32m  OK  [0m] Created slice system-sshd\x2dkeygen.slice.
         Mounting Kernel Debug File System...
[[0;32m  OK  [0m] Listening on udev Kernel Socket.
         Mounting POSIX Message Queue File System...
[[0;32m  OK  [0m] Listening on udev Control Socket.
         Starting udev Coldplug all Devices...
[[0;32m  OK  [0m] Reached target rpc_pipefs.target.
[[0;32m  OK  [0m] Stopped target Switch Root.
[[0;32m  OK  [0m] Stopped target Initrd File Systems.
[[0;32m  OK  [0m] Stopped target Initrd Root File System.
[[0;32m  OK  [0m] Created slice system-getty.slice.
[[0;32m  OK  [0m] Reached target RPC Port Mapper.
         Starting Remount Root and Kernel File Systems...
[[0;32m  OK  [0m] Listening on initctl Compatibility Named Pipe.
[[0;32m  OK  [0m] Listening on Process Core Dump Socket.
[[0;32m  OK  [0m] Started Journal Service.
[[0;32m  OK  [0m] Started Create list of required sta…vice nodes for the current kernel.
[[0;32m  OK  [0m] Started Read and set NIS domainname from /etc/sysconfig/network.
[[0;32m  OK  [0m] Mounted Huge Pages File System.
[[0;32m  OK  [0m] Started Load Kernel Modules.
[[0;32m  OK  [0m] Mounted Kernel Debug File System.
[[0;32m  OK  [0m] Mounted POSIX Message Queue File System.
[[0;32m  OK  [0m] Started Remount Root and Kernel File Systems.
         Starting Load/Save Random Seed...
         Starting Create System Users...
         Starting Rebuild Hardware Database...
         Starting Apply Kernel Variables...
         Starting Flush Journal to Persistent Storage...
[[0;32m  OK  [0m] Started Load/Save Random Seed.
[[0;32m  OK  [0m] Started udev Coldplug all Devices.
[[0;32m  OK  [0m] Started Apply Kernel Variables.
[[0;32m  OK  [0m] Started Create System Users.
[[0;32m  OK  [0m] Started Flush Journal to Persistent Storage.
         Starting Create Static Device Nodes in /dev...
[[0;32m  OK  [0m] Started Create Static Device Nodes in /dev.
[[0;32m  OK  [0m] Reached target Local File Systems (Pre).
         Starting File System Check on /dev/disk/by-uuid/51D8-0B33...
         Mounting /boot...
[    2.997044] XFS (vda2): Mounting V5 Filesystem
[[0;32m  OK  [0m] Started File System Check on /dev/disk/by-uuid/51D8-0B33.
[[0;32m  OK  [0m] Started Rebuild Hardware Database.
         Starting udev Kernel Device Manager...
[[0;32m  OK  [0m] Started udev Kernel Device Manager.
[    3.181673] lpc_ich 0000:00:1f.0: I/O space for GPIO uninitialized
[    3.190085] parport_pc 00:02: reported by Plug and Play ACPI
[    3.192963] parport0: PC-style at 0x378, irq 7 [PCSPP,TRISTATE]
[    3.202534] i801_smbus 0000:00:1f.3: SMBus using PCI interrupt
[    3.206314] input: PC Speaker as /devices/platform/pcspkr/input/input5
[    3.262140] iTCO_vendor_support: vendor-support=0
[    3.275803] iTCO_wdt: Intel TCO WatchDog Timer Driver v1.11
[    3.276678] ACPI: bus type drm_connector registered
[    3.277591] iTCO_wdt: Found a ICH9 TCO device (Version=2, TCOBASE=0x0660)
[    3.281253] iTCO_wdt: initialized. heartbeat=30 sec (nowayout=0)
[    3.292278] ppdev: user-space parallel port driver
[    3.324882] bochs-drm 0000:00:01.0: vgaarb: deactivate vga console
[    3.328078] SVM: TSC scaling supported
[    3.328090] kvm: Nested Virtualization enabled
[    3.328090] SVM: kvm: Nested Paging enabled
[    3.328102] SVM: Virtual VMLOAD VMSAVE supported
[    3.500102] XFS (vda2): Ending clean mount
[    3.512845] Console: switching to colour dummy device 80x25
[[0;32m  OK  [0m[    3.514569] [drm] Found bochs VGA, ID 0xb0c5.
[    3.515480] [drm] Framebuffer size 16384 kB @ 0xfd000000, mmio @ 0xfeb90000.
] Mounted /boot.
         [    3.519776] [drm] Found EDID data blob.
Mounting /boot/efi...[    3.521748] [drm] Initialized bochs-drm 1.0.0 20130925 for 0000:00:01.0 on minor 0

[    3.524367] fbcon: bochs-drmdrmfb (fb0) is primary device
[    3.594115] Console: switching to colour frame buffer device 160x50
[    3.598497] bochs-drm 0000:00:01.0: [drm] fb0: bochs-drmdrmfb frame buffer device
[[0;32m  OK  [0m] Mounted /boot/efi.
[[0;32m  OK  [0m] Reached target Local File Systems.
         Starting Rebuild Dynamic Linker Cache...
         Starting Rebuild Journal Catalog...
         Starting Commit a transient machine-id on disk...
         Starting Import network configuration from initramfs...
[[0;32m  OK  [0m] Started Rebuild Journal Catalog.
[[0;32m  OK  [0m] Started Import network configuration from initramfs.
[[0;32m  OK  [0m] Started Rebuild Dynamic Linker Cache.
         Starting Update is Completed...
         Starting Create Volatile Files and Directories...
[[0;32m  OK  [0m] Started Update is Completed.
[[0;32m  OK  [0m] Started Create Volatile Files and Directories.
         Starting Security Auditing Service...
         Starting RPC Bind...
[[0;32m  OK  [0m] Started RPC Bind.
[[0;32m  OK  [0m] Started Security Auditing Service.
         Starting Update UTMP about System Boot/Shutdown...
[[0;32m  OK  [0m] Started Update UTMP about System Boot/Shutdown.
[[0;32m  OK  [0m] Started Commit a transient machine-id on disk.
[[0;32m  OK  [0m] Reached target System Initialization.
[[0;32m  OK  [0m] Started daily update of the root trust anchor for DNSSEC.
[[0;32m  OK  [0m] Started Daily Cleanup of Temporary Directories.
[[0;32m  OK  [0m] Started dnf makecache --timer.
[[0;32m  OK  [0m] Reached target Timers.
[[0;32m  OK  [0m] Listening on SSSD Kerberos Cache Manager responder socket.
[[0;32m  OK  [0m] Listening on D-Bus System Message Bus Socket.
[[0;32m  OK  [0m] Reached target Sockets.
[[0;32m  OK  [0m] Reached target Basic System.
         Starting NTP client/server...
         Starting Initial cloud-init job (pre-networking)...
[[0;32m  OK  [0m] Started irqbalance daemon.
[[0;32m  OK  [0m] Reached target User and Group Name Lookups.
         Starting Login Service...
[[0;32m  OK  [0m] Started Hardware RNG Entropy Gatherer Daemon.
         Starting Restore /run/initramfs on shutdown...
[[0;32m  OK  [0m] Reached target sshd-keygen.target.
[[0;32m  OK  [0m] Started D-Bus System Message Bus.
[[0;32m  OK  [0m] Started Login Service.
[[0;32m  OK  [0m] Started Restore /run/initramfs on shutdown.
[[0;32m  OK  [0m] Started NTP client/server.
         Starting Hostname Service...
[[0;32m  OK  [0m] Started Hostname Service.
[    5.873564] cloud-init[768]: Cloud-init v. 23.4-7.el8_10.0.1 running 'init-local' at Sat, 10 Oct 2026 06:47:13 +0000. Up 5.17 seconds.
[[0;32m  OK  [0m] Started Initial cloud-init job (pre-networking).
[[0;32m  OK  [0m] Reached target Network (Pre).
         Starting Network Manager...
[[0;32m  OK  [0m] Started Network Manager.
         Starting Network Manager Wait Online...
[[0;32m  OK  [0m] Reached target Network.
         Starting GSSAPI Proxy Daemon...
         Starting Dynamic System Tuning Daemon...
         Starting Network Manager Script Dispatcher Service...[    6.033543] IPv6: ADDRCONF(NETDEV_UP): eth0: link is not ready

[[0;32m  OK  [0m] Started Network Manager Script Dispatcher Service.
[[0;32m  OK  [0m] Started GSSAPI Proxy Daemon.
[[0;32m  OK  [0m] Reached target NFS client services.
[[0;32m  OK  [0m] Reached target Remote File Systems (Pre).
[[0;32m  OK  [0m] Reached target Remote File Systems.
[[0;32m  OK  [0m] Started Network Manager Wait Online.
         Starting Initial cloud-init job (metadata service crawler)...
         Starting Authorization Manager...
[[0;32m  OK  [0m] Started Dynamic System Tuning Daemon.
[[0;32m  OK  [0m] Started Authorization Manager.
[    6.802397] cloud-init[864]: Cloud-init v. 23.4-7.el8_10.0.1 running 'init' at Sat, 10 Oct 2026 06:47:15 +0000. Up 6.56 seconds.
[    6.805327] cloud-init[864]: ci-info: ++++++++++++++++++++++++++++++++++++++Net device info++++++++++++++++++++++++++++++++++++++
[    6.807916] cloud-init[864]: ci-info: +--------+------+----------------------------+---------------+--------+-------------------+
[    6.810475] cloud-init[864]: ci-info: | Device |  Up  |          Address           |      Mask     | Scope  |     Hw-Address    |
[    6.813837] cloud-init[864]: ci-info: +--------+------+----------------------------+---------------+--------+-------------------+
[    6.816504] cloud-init[864]: ci-info: |  eth0  | True |         10.0.2.15          | 255.255.255.0 | global | 52:54:00:12:34:56 |
[    6.819101] cloud-init[864]: ci-info: |  eth0  | True | fe80::5054:ff:fe12:3456/64 |       .       |  link  | 52:54:00:12:34:56 |
[    6.821659] cloud-init[864]: ci-info: |   lo   | True |         127.0.0.1          |   255.0.0.0   |  host  |         .         |
[    6.835261] cloud-init[864]: ci-info: |   lo   | True |          ::1/128           |       .       |  host  |         .         |
[    6.837833] cloud-init[864]: ci-info: +--------+------+----------------------------+---------------+--------+-------------------+
[    6.840440] cloud-init[864]: ci-info: +++++++++++++++++++++++++++Route IPv4 info++++++++++++++++++++++++++++
[    6.842729] cloud-init[864]: ci-info: +-------+-------------+----------+---------------+-----------+-------+
[    6.844997] cloud-init[864]: ci-info: | Route | Destination | Gateway  |    Genmask    | Interface | Flags |
[    6.858260] cloud-init[864]: ci-info: +-------+-------------+----------+---------------+-----------+-------+
[    6.860518] cloud-init[864]: ci-info: |   0   |   0.0.0.0   | 10.0.2.2 |    0.0.0.0    |    eth0   |   UG  |
[    6.862834] cloud-init[864]: ci-info: |   1   |   10.0.2.0  | 0.0.0.0  | 255.255.255.0 |    eth0   |   U   |
[    6.865116] cloud-init[864]: ci-info: +-------+-------------+----------+---------------+-----------+-------+
[    6.867355] cloud-init[864]: ci-info: +++++++++++++++++++Route IPv6 info+++++++++++++++++++
[    6.880235] cloud-init[864]: ci-info: +-------+-------------+---------+-----------+-------+
[    6.882264] cloud-init[864]: ci-info: | Route | Destination | Gateway | Interface | Flags |
[    6.884347] cloud-init[864]: ci-info: +-------+-------------+---------+-----------+-------+
[    6.886362] cloud-init[864]: ci-info: |   1   |  fe80::/64  |    ::   |    eth0   |   U   |
[    6.888386] cloud-init[864]: ci-info: |   3   |  multicast  |    ::   |    eth0   |   U   |
[    6.901224] cloud-init[864]: ci-info: +-------+-------------+---------+-----------+-------+
[    9.687514] cloud-init[864]: Generating public/private rsa key pair.
[    9.698101] cloud-init[864]: Your identification has been saved in /etc/ssh/ssh_host_rsa_key.
[    9.703914] cloud-init[864]: Your public key has been saved in /etc/ssh/ssh_host_rsa_key.pub.
[    9.708223] cloud-init[864]: The key fingerprint is:
[    9.709242] cloud-init[864]: SHA256:jj97cYNB393IZozjUUfrwAdcJ1KnUImfZ46rz8V/EUU root@probe
[    9.710703] cloud-init[864]: The key's randomart image is:
[    9.711531] cloud-init[864]: +---[RSA 3072]----+
[    9.712235] cloud-init[864]: |            +===E|
[    9.712974] cloud-init[864]: |          . o+++=|
[    9.713736] cloud-init[864]: |         . . X.Bo|
[    9.714731] cloud-init[864]: |          . = &.=|
[    9.715737] cloud-init[864]: |        S  + = *.|
[    9.716736] cloud-init[864]: |       o  o + .o.|
[    9.717730] cloud-init[864]: |      . .  o . .+|
[    9.718730] cloud-init[864]: |       .. .  ...o|
[    9.719734] cloud-init[864]: |        o+  .oo o|
[    9.720734] cloud-init[864]: +----[SHA256]-----+
[    9.721760] cloud-init[864]: Generating public/private ecdsa key pair.
[    9.722994] cloud-init[864]: Your identification has been saved in /etc/ssh/ssh_host_ecdsa_key.
[    9.724788] cloud-init[864]: Your public key has been saved in /etc/ssh/ssh_host_ecdsa_key.pub.
[    9.726075] cloud-init[864]: The key fingerprint is:
[    9.726840] cloud-init[864]: SHA256:izSyXvtHydxVyfYwBzXiXZE7P9IT+CCG8jXjCn4SvS8 root@probe
[    9.728222] cloud-init[864]: The key's randomart image is:
[    9.729049] cloud-init[864]: +---[ECDSA 256]---+
[    9.729775] cloud-init[864]: |             .o=*|
[    9.730733] cloud-init[864]: |            . ===|
[    9.731733] cloud-init[864]: |          .  .o*o|
[    9.732734] cloud-init[864]: |       . . * o.+.|
[    9.733734] cloud-init[864]: |    . o So+o+.+ +|
[    9.734734] cloud-init[864]: |     + = +=... =.|
[    9.735734] cloud-init[864]: |    . + +.o   . o|
[    9.736739] cloud-init[864]: |   . . + E.      |
[    9.737735] cloud-init[864]: |    . ..+.o.     |
[    9.738736] cloud-init[864]: +----[SHA256]-----+
[    9.739735] cloud-init[864]: Generating public/private ed25519 key pair.
[    9.741047] cloud-init[864]: Your identification has been saved in /etc/ssh/ssh_host_ed25519_key.
[    9.742809] cloud-init[864]: Your public key has been saved in /etc/ssh/ssh_host_ed25519_key.pub.
[    9.744141] cloud-init[864]: The key fingerprint is:
[    9.744919] cloud-init[864]: SHA256:npebUjwiu1l7MPbpz5hrl92Ntlmt9CqNuEH4YgU6Y4I root@probe
[    9.746235] cloud-init[864]: The key's randomart image is:
[    9.747069] cloud-init[864]: +--[ED25519 256]--+
[    9.747796] cloud-init[864]: |                 |
[    9.748721] cloud-init[864]: |                 |
[    9.749733] cloud-init[864]: |        .        |
[    9.750731] cloud-init[864]: |   .   . o       |
[    9.751731] cloud-init[864]: |  E . = S.o      |
[    9.752732] cloud-init[864]: |     o.+==+.    .|
[    9.753731] cloud-init[864]: |       +**=+ =.o+|
[    9.754731] cloud-init[864]: |      .+.+*B=.==o|
[    9.755728] cloud-init[864]: |      o..=O=oo=o.|
[    9.756735] cloud-init[864]: +----[SHA256]-----+
[[0;32m  OK  [0m] Started Initial cloud-init job (metadata service crawler).
[[0;32m  OK  [0m] Reached target Network is Online.
         Starting System Logging Service...
         Starting Crash recovery kernel arming...
         Starting Notify NFS peers of a restart...
[[0;32m  OK  [0m] Reached target Cloud-config availability.
         Starting Apply the settings specified in cloud-config...
         Starting OpenSSH server daemon...
[[0;32m  OK  [0m] Started Notify NFS peers of a restart.
[[0;32m  OK  [0m] Started OpenSSH server daemon.
[[0;32m  OK  [0m] Started System Logging Service.
         Stopping OpenSSH server daemon...
[[0;32m  OK  [0m] Stopped OpenSSH server daemon.
[[0;32m  OK  [0m] Stopped target sshd-keygen.target.
         Stopping sshd-keygen.target.
[[0;32m  OK  [0m] Reached target sshd-keygen.target.
         Starting OpenSSH server daemon...
[[0;32m  OK  [0m] Started OpenSSH server daemon.
[   10.045317] cloud-init[1141]: Cloud-init v. 23.4-7.el8_10.0.1 running 'modules:config' at Sat, 10 Oct 2026 06:47:18 +0000. Up 9.95 seconds.
[[0;32m  OK  [0m] Started Apply the settings specified in cloud-config.
         Starting Permit User Sessions...
         Starting Execute cloud user/final scripts...
[[0;32m  OK  [0m] Started Permit User Sessions.
[[0;32m  OK  [0m] Started Getty on tty1.
[[0;32m  OK  [0m] Started Serial Getty on ttyS0.
[[0;32m  OK  [0m] Reached target Login Prompts.
[[0;32m  OK  [0m] Started Command Scheduler.
[[0;32m  OK  [0m] Reached target Multi-User System.
         Starting Update UTMP about System Runlevel Changes...
[[0;32m  OK  [0m] Started Update UTMP about System Runlevel Changes.
vm-inner: start

Rocky Linux 8.10 (Green Obsidian)
Kernel 4.18.0-553.el8_10.x86_64 on an x86_64

Activate the web console with: systemctl enable --now cockpit.socket

probe login: vm-inner: packages exit 0
vm-inner: measure exit 0
vm-inner: done
[[0;32m  OK  [0m] Stopped /usr/bin/systemctl start man-db-cache-update.
[[0;32m  OK  [0m] Stopped target RPC Port Mapper.
[[0;32m  OK  [0m] Stopped target rpc_pipefs.target.
[[0;32m  OK  [0m] Removed slice system-sshd\x2dkeygen.slice.
         Stopping Hostname Service...
         Stopping Hardware RNG Entropy Gatherer Daemon...
[[0;32m  OK  [0m] Stopped target Timers.
[[0;32m  OK  [0m] Stopped dnf makecache --timer.
         Stopping Restore /run/initramfs on shutdown...
[[0;32m  OK  [0m] Stopped daily update of the root trust anchor for DNSSEC.
[[0;32m  OK  [0m] Stopped Daily Cleanup of Temporary Directories.
[[0;32m  OK  [0m] Stopped target Multi-User System.
[[0;32m  OK  [0m] Stopped target Login Prompts.
[[0;32m  OK  [0m] Stopped OpenSSH server daemon.
[[0;32m  OK  [0m] Stopped Getty on tty1.
[[0;32m  OK  [0m] Stopped Serial Getty on ttyS0.
[[0;32m  OK  [0m] Stopped Command Scheduler.
Cloud-init 23.4-7.el8_10.0.1 received SIGTERM, exiting...
  Filename: /usr/lib64/python3.6/subprocess.py
  Function: _try_wait
  Line number: 1424
    Filename: /usr/lib64/python3.6/subprocess.py
    Function: wait
    Line number: 1477
      Filename: /usr/lib64/python3.6/subprocess.py
      Function: communicate
      Line number: 855
[   31.174663] cloud-init[1433]: Cloud-init v. 23.4-7.el8_10.0.1 running 'modules:final' at Sat, 10 Oct 2026 06:47:18 +0000. Up 10.25 seconds.
[[0;32m  OK  [0m] Stopped Hardware RNG Entropy Gatherer Daemon.
[[0;32m  OK  [0m] Stopped irqbalance daemon.
[[0;32m  OK  [0m] Stopped Hostname Service.
[[0;32m  OK  [0m] Stopped Restore /run/initramfs on shutdown.
[[0;32m  OK  [0m] Removed slice system-serial\x2dgetty.slice.
         Stopping Permit User Sessions...
[[0;32m  OK  [0m] Removed slice system-getty.slice.
[[0;32m  OK  [0m] Stopped target sshd-keygen.target.
[[0;32m  OK  [0m] Stopped Execute cloud user/final scripts.
[[0;32m  OK  [0m] Stopped Permit User Sessions.
[[0;32m  OK  [0m] Stopped target Remote File Systems.
[[0;32m  OK  [0m] Stopped target Remote File Systems (Pre).
[[0;32m  OK  [0m] Stopped target NFS client services.
         Stopping GSSAPI Proxy Daemon...
[[0;32m  OK  [0m] Stopped Apply the settings specified in cloud-config.
[[0;32m  OK  [0m] Stopped target Cloud-config availability.
[[0;32m  OK  [0m] Stopped GSSAPI Proxy Daemon.
[[0;32m  OK  [0m] Stopped man-db-cache-update.service.
[[0;32m  OK  [0m] Stopped Dynamic System Tuning Daemon.
         Stopping Authorization Manager...
[[0;32m  OK  [0m] Stopped Authorization Manager.
[[0;32m  OK  [0m] Stopped NTP client/server.
[[0;32m  OK  [0m] Stopped Login Service.
[[0;32m  OK  [0m] Stopped target User and Group Name Lookups.
[[0;32m  OK  [0m] Stopped System Logging Service.
[[0;32m  OK  [0m] Stopped target Network is Online.
[[0;32m  OK  [0m] Stopped Network Manager Wait Online.
[[0;32m  OK  [0m] Stopped target Network.
         Stopping Network Manager...
[[0;32m  OK  [0m] Stopped Network Manager.
[[0;32m  OK  [0m] Stopped target Network (Pre).
[[0;32m  OK  [0m] Stopped Initial cloud-init job (pre-networking).
         Stopping D-Bus System Message Bus...
[[0;32m  OK  [0m] Stopped D-Bus System Message Bus.
[[0;32m  OK  [0m] Stopped target Basic System.
[[0;32m  OK  [0m] Stopped target Sockets.
[[0;32m  OK  [0m] Closed SSSD Kerberos Cache Manager responder socket.
[[0;32m  OK  [0m] Stopped target Slices.
[[0;32m  OK  [0m] Removed slice User and Session Slice.
[[0;32m  OK  [0m] Stopped target Paths.
[[0;32m  OK  [0m] Closed D-Bus System Message Bus Socket.
[[0;32m  OK  [0m] Stopped target System Initialization.
         Stopping Load/Save Random Seed...
[[0;32m  OK  [0m] Stopped Commit a transient machine-id on disk.
[[0;32m  OK  [0m] Stopped target Swap.
[[0;32m  OK  [0m] Stopped Read and set NIS domainname from /etc/sysconfig/network.
[[0;32m  OK  [0m] Stopped Apply Kernel Variables.
[[0;32m  OK  [0m] Stopped Load Kernel Modules.
[[0;32m  OK  [0m] Stopped Update is Completed.
[[0;32m  OK  [0m] Stopped Rebuild Hardware Database.
[[0;32m  OK  [0m] Stopped Rebuild Dynamic Linker Cache.
[[0;32m  OK  [0m] Stopped Rebuild Journal Catalog.
         Stopping Update UTMP about System Boot/Shutdown...
[[0;32m  OK  [0m] Stopped target Local Encrypted Volumes.
[[0;32m  OK  [0m] Stopped Dispatch Password Requests to Console Directory Watch.
[[0;32m  OK  [0m] Stopped Forward Password Requests to Wall Directory Watch.
[[0;32m  OK  [0m] Stopped Load/Save Random Seed.
[[0;32m  OK  [0m] Stopped Update UTMP about System Boot/Shutdown.
         Stopping Security Auditing Service...
[   31.133922] audit: type=1305 audit(1791614860.369:111): op=set audit_pid=0 old=720 auid=4294967295 ses=4294967295 subj=system_u:system_r:auditd_t:s0 res=1
[[0;32m  OK  [0m] Stopped Security Auditing Service.
[   31.140788] audit: type=1130 audit(1791614860.376:112): pid=1 uid=0 auid=4294967295 ses=4294967295 subj=system_u:system_r:init_t:s0 msg='unit=auditd comm="systemd" exe="/usr/lib/systemd/systemd" hostname=? addr=? terminal=? res=success'
[   31.145547] audit: type=1131 audit(1791614860.376:113): pid=1 uid=0 auid=4294967295 ses=4294967295 subj=system_u:system_r:init_t:s0 msg='unit=auditd comm="systemd" exe="/usr/lib/systemd/systemd" hostname=? addr=? terminal=? res=success'
[[0;32m  OK  [0m] Stopped Create Volatile Files and Directories.
[   31.152185] audit: type=1130 audit(1791614860.388:114): pid=1 uid=0 auid=4294967295 ses=4294967295 subj=system_u:system_r:init_t:s0 msg='unit=systemd-tmpfiles-setup comm="systemd" exe="/usr/lib/systemd/systemd" hostname=? addr=? terminal=? res=success'
[   31.157237] audit: type=1131 audit(1791614860.388:115): pid=1 uid=0 auid=4294967295 ses=4294967295 subj=system_u:system_r:init_t:s0 msg='unit=systemd-tmpfiles-setup comm="systemd" exe="/usr/lib/systemd/systemd" hostname=? addr=? terminal=? res=success'
[[0;32m  OK  [0m] Stopped Import network configuration from initramfs.
[[   31.164152] audit: type=1130 audit(1791614860.400:116): pid=1 uid=0 auid=4294967295 ses=4294967295 subj=system_u:system_r:init_t:s0 msg='unit=import-state comm="systemd" exe="/usr/lib/systemd/systemd" hostname=? addr=? terminal=? res=success'
[   31.169033] audit: type=1131 audit(1791614860.400:117): pid=1 uid=0 auid=4294967295 ses=4294967295 subj=system_u:system_r:init_t:s0 msg='unit=import-state comm="systemd" exe="/usr/lib/systemd/systemd" hostname=? addr=? terminal=? res=success'
[0;32m  OK  [0m] Stopped target Local File Systems.
         Unmounting /boot/efi...
[[0;32m  OK  [0m] Unmounted /boot/efi.
[[0;32m  OK  [0m] Stopped File System Check on /dev/disk/by-uuid/51D8-0B33.
[   31.185287] audit: type=1130 audit(1791614860.421:118): pid=1 uid=0 auid=4294967295 ses=4294967295 subj=system_u:system_r:init_t:s0 msg='unit=systemd-fsck@dev-disk-by\x2duuid-51D8\x2d0B33 comm="systemd" exe="/usr/lib/systemd/systemd" hostname=? addr=? terminal=? res=success'
[   31.190820] audit: type=1131 audit(1791614860.421:119): pid=1 uid=0 auid=4294967295 ses=4294967295 subj=system_u:system_r:init_t:s0 msg='unit=systemd-fsck@dev-disk-by\x2duuid-51D8\x2d0B33 comm="systemd" exe="/usr/lib/systemd/systemd" hostname=? addr=? terminal=? res=success'
[[0;32m  OK  [0m] Removed slice system-systemd\x2dfsck.slice.
         Unmounting /boot...
[   31.205280] XFS (vda2): Unmounting Filesystem
[[0;32m  OK  [0m] Unmounted /boot.
[[0;32m  OK  [0m] Reached target Unmount All Filesystems.
[[0;32m  OK  [0m] Stopped target Local File Systems (Pre).
[[0;32m  OK  [0m] Stopped Create Static Device Nodes in /dev.
[   31.215052] audit: type=1130 audit(1791614860.451:120): pid=1 uid=0 auid=4294967295 ses=4294967295 subj=system_u:system_r:init_t:s0 msg='unit=systemd-tmpfiles-setup-dev comm="systemd" exe="/usr/lib/systemd/systemd" hostname=? addr=? terminal=? res=success'
[[0;32m  OK  [0m] Stopped Create System Users.
[[0;32m  OK  [0m] Stopped Remount Root and Kernel File Systems.
[[0;32m  OK  [0m] Reached target Shutdown.
[[0;32m  OK  [0m] Reached target Final Step.
[[0;32m  OK  [0m] Started Power-Off.
[[0;32m  OK  [0m] Reached target Power-Off.
[   31.246408] printk: systemd-shutdow: 37 output lines suppressed due to ratelimiting
[   31.256991] systemd-shutdown[1]: Syncing filesystems and block devices.
[   31.258776] systemd-shutdown[1]: Sending SIGTERM to remaining processes...
[   31.268057] systemd-shutdown[1]: Sending SIGKILL to remaining processes...
[   31.270480] systemd-shutdown[1]: Unmounting file systems.
[   31.272074] [6117]: Remounting '/var/lib/nfs/rpc_pipefs' read-only in with options '(null)'.
[   31.274321] [6118]: Unmounting '/var/lib/nfs/rpc_pipefs'.
[   31.279196] [6119]: Remounting '/' read-only in with options 'seclabel,attr2,inode64,logbufs=8,logbsize=32k,noquota'.
[   31.509505] systemd-shutdown[1]: All filesystems unmounted.
[   31.510880] systemd-shutdown[1]: Deactivating swaps.
[   31.512109] systemd-shutdown[1]: All swaps deactivated.
[   31.513349] systemd-shutdown[1]: Detaching loop devices.
[   31.514680] systemd-shutdown[1]: All loop devices detached.
[   31.515993] systemd-shutdown[1]: Stopping MD devices.
[   31.522549] kvm: exiting hardware virtualization
[   31.524912] ACPI: PM: Preparing to enter system sleep state S5
[   31.526387] reboot: Power down
