[    0.000000] Linux version 4.18.0-553.el8_10.x86_64 (mockbuild@iad1-prod-build001.bld.equ.rockylinux.org) (gcc version 8.5.0 20210514 (Red Hat 8.5.0-22) (GCC)) #1 SMP Fri May 24 13:05:10 UTC 2024
[    0.000000] Command line: BOOT_IMAGE=(hd0,gpt2)/vmlinuz-4.18.0-553.el8_10.x86_64 root=UUID=4990ceaa-f9c5-4fa5-abef-198724d21f40 ro console=ttyS0,115200n8 no_timer_check net.ifnames=0 crashkernel=auto
[    0.000000] x86/fpu: Supporting XSAVE feature 0x001: 'x87 floating point registers'
[    0.000000] x86/fpu: Supporting XSAVE feature 0x002: 'SSE registers'
[    0.000000] x86/fpu: Supporting XSAVE feature 0x004: 'AVX registers'
[    0.000000] x86/fpu: Supporting XSAVE feature 0x020: 'AVX-512 opmask'
[    0.000000] x86/fpu: Supporting XSAVE feature 0x040: 'AVX-512 Hi256'
[    0.000000] x86/fpu: Supporting XSAVE feature 0x080: 'AVX-512 ZMM_Hi256'
[    0.000000] x86/fpu: xstate_offset[2]:  576, xstate_sizes[2]:  256
[    0.000000] x86/fpu: xstate_offset[5]:  832, xstate_sizes[5]:   64
[    0.000000] x86/fpu: xstate_offset[6]:  896, xstate_sizes[6]:  512
[    0.000000] x86/fpu: xstate_offset[7]: 1408, xstate_sizes[7]: 1024
[    0.000000] x86/fpu: Enabled xstate features 0xe7, context size is 2432 bytes, using 'compacted' format.
[    0.000000] signal: max sigframe size: 3632
[    0.000000] BIOS-provided physical RAM map:
[    0.000000] BIOS-e820: [mem 0x0000000000000000-0x000000000009fbff] usable
[    0.000000] BIOS-e820: [mem 0x000000000009fc00-0x000000000009ffff] reserved
[    0.000000] BIOS-e820: [mem 0x00000000000f0000-0x00000000000fffff] reserved
[    0.000000] BIOS-e820: [mem 0x0000000000100000-0x000000007ffd5fff] usable
[    0.000000] BIOS-e820: [mem 0x000000007ffd6000-0x000000007fffffff] reserved
[    0.000000] BIOS-e820: [mem 0x00000000b0000000-0x00000000bfffffff] reserved
[    0.000000] BIOS-e820: [mem 0x00000000fed1c000-0x00000000fed1ffff] reserved
[    0.000000] BIOS-e820: [mem 0x00000000feffc000-0x00000000feffffff] reserved
[    0.000000] BIOS-e820: [mem 0x00000000fffc0000-0x00000000ffffffff] reserved
[    0.000000] NX (Execute Disable) protection: active
[    0.000000] SMBIOS 3.0.0 present.
[    0.000000] DMI: QEMU Standard PC (Q35 + ICH9, 2009), BIOS 1.16.3-debian-1.16.3-2 04/01/2014
[    0.000000] Hypervisor detected: KVM
[    0.000000] kvm-clock: Using msrs 4b564d01 and 4b564d00
[    0.000000] kvm-clock: using sched offset of 4148460392 cycles
[    0.000000] clocksource: kvm-clock: mask: 0xffffffffffffffff max_cycles: 0x1cd42e4dffb, max_idle_ns: 881590591483 ns
[    0.000000] tsc: Detected 2299.998 MHz processor
[    0.000000] last_pfn = 0x7ffd6 max_arch_pfn = 0x10000000000
[    0.000000] x86/PAT: Configuration [0-7]: WB  WC  UC- UC  WB  WP  UC- WT  
[    0.000000] found SMP MP-table at [mem 0x000f5460-0x000f546f]
[    0.000000] Using GB pages for direct mapping
[    0.000000] RAMDISK: [mem 0x2eff6000-0x337f2fff]
[    0.000000] ACPI: Early table checksum verification disabled
[    0.000000] ACPI: RSDP 0x00000000000F52A0 000014 (v00 BOCHS )
[    0.000000] ACPI: RSDT 0x000000007FFE239C 000038 (v01 BOCHS  BXPC     00000001 BXPC 00000001)
[    0.000000] ACPI: FACP 0x000000007FFE218C 0000F4 (v03 BOCHS  BXPC     00000001 BXPC 00000001)
[    0.000000] ACPI: DSDT 0x000000007FFE0040 00214C (v01 BOCHS  BXPC     00000001 BXPC 00000001)
[    0.000000] ACPI: FACS 0x000000007FFE0000 000040
[    0.000000] ACPI: APIC 0x000000007FFE2280 000080 (v03 BOCHS  BXPC     00000001 BXPC 00000001)
[    0.000000] ACPI: HPET 0x000000007FFE2300 000038 (v01 BOCHS  BXPC     00000001 BXPC 00000001)
[    0.000000] ACPI: MCFG 0x000000007FFE2338 00003C (v01 BOCHS  BXPC     00000001 BXPC 00000001)
[    0.000000] ACPI: WAET 0x000000007FFE2374 000028 (v01 BOCHS  BXPC     00000001 BXPC 00000001)
[    0.000000] ACPI: Reserving FACP table memory at [mem 0x7ffe218c-0x7ffe227f]
[    0.000000] ACPI: Reserving DSDT table memory at [mem 0x7ffe0040-0x7ffe218b]
[    0.000000] ACPI: Reserving FACS table memory at [mem 0x7ffe0000-0x7ffe003f]
[    0.000000] ACPI: Reserving APIC table memory at [mem 0x7ffe2280-0x7ffe22ff]
[    0.000000] ACPI: Reserving HPET table memory at [mem 0x7ffe2300-0x7ffe2337]
[    0.000000] ACPI: Reserving MCFG table memory at [mem 0x7ffe2338-0x7ffe2373]
[    0.000000] ACPI: Reserving WAET table memory at [mem 0x7ffe2374-0x7ffe239b]
[    0.000000] No NUMA configuration found
[    0.000000] Faking a node at [mem 0x0000000000000000-0x000000007ffd5fff]
[    0.000000] NODE_DATA(0) allocated [mem 0x7ffab000-0x7ffd5fff]
[    0.000000] Using crashkernel=auto, the size chosen is a best effort estimation.
[    0.000000] Reserving 192MB of memory at 1760MB for crashkernel (System RAM: 2047MB)
[    0.000000] Zone ranges:
[    0.000000]   DMA      [mem 0x0000000000001000-0x0000000000ffffff]
[    0.000000]   DMA32    [mem 0x0000000001000000-0x000000007ffd5fff]
[    0.000000]   Normal   empty
[    0.000000]   Device   empty
[    0.000000] Movable zone start for each node
[    0.000000] Early memory node ranges
[    0.000000]   node   0: [mem 0x0000000000001000-0x000000000009efff]
[    0.000000]   node   0: [mem 0x0000000000100000-0x000000007ffd5fff]
[    0.000000] Zeroed struct page in unavailable ranges: 140 pages
[    0.000000] Initmem setup node 0 [mem 0x0000000000001000-0x000000007ffd5fff]
[    0.000000] ACPI: PM-Timer IO Port: 0x608
[    0.000000] ACPI: LAPIC_NMI (acpi_id[0xff] dfl dfl lint[0x1])
[    0.000000] IOAPIC[0]: apic_id 0, version 17, address 0xfec00000, GSI 0-23
[    0.000000] ACPI: INT_SRC_OVR (bus 0 bus_irq 0 global_irq 2 dfl dfl)
[    0.000000] ACPI: INT_SRC_OVR (bus 0 bus_irq 5 global_irq 5 high level)
[    0.000000] ACPI: INT_SRC_OVR (bus 0 bus_irq 9 global_irq 9 high level)
[    0.000000] ACPI: INT_SRC_OVR (bus 0 bus_irq 10 global_irq 10 high level)
[    0.000000] ACPI: INT_SRC_OVR (bus 0 bus_irq 11 global_irq 11 high level)
[    0.000000] Using ACPI (MADT) for SMP configuration information
[    0.000000] ACPI: HPET id: 0x8086a201 base: 0xfed00000
[    0.000000] TSC deadline timer available
[    0.000000] smpboot: Allowing 2 CPUs, 0 hotplug CPUs
[    0.000000] kvm-guest: KVM setup pv remote TLB flush
[    0.000000] kvm-guest: setup PV sched yield
[    0.000000] PM: Registered nosave memory: [mem 0x00000000-0x00000fff]
[    0.000000] PM: Registered nosave memory: [mem 0x0009f000-0x0009ffff]
[    0.000000] PM: Registered nosave memory: [mem 0x000a0000-0x000effff]
[    0.000000] PM: Registered nosave memory: [mem 0x000f0000-0x000fffff]
[    0.000000] [mem 0xc0000000-0xfed1bfff] available for PCI devices
[    0.000000] Booting paravirtualized kernel on KVM
[    0.000000] clocksource: refined-jiffies: mask: 0xffffffff max_cycles: 0xffffffff, max_idle_ns: 1910969940391419 ns
[    0.000000] setup_percpu: NR_CPUS:8192 nr_cpumask_bits:2 nr_cpu_ids:2 nr_node_ids:1
[    0.000000] percpu: Embedded 63 pages/cpu s221184 r8192 d28672 u1048576
[    0.000000] kvm-guest: PV spinlocks enabled
[    0.000000] PV qspinlock hash table entries: 256 (order: 0, 4096 bytes, linear)
[    0.000000] Built 1 zonelists, mobility grouping on.  Total pages: 515798
[    0.000000] Policy zone: DMA32
[    0.000000] Kernel command line: BOOT_IMAGE=(hd0,gpt2)/vmlinuz-4.18.0-553.el8_10.x86_64 root=UUID=4990ceaa-f9c5-4fa5-abef-198724d21f40 ro console=ttyS0,115200n8 no_timer_check net.ifnames=0 crashkernel=auto
[    0.000000] Specific versions of hardware are certified with Enterprise Linux 8. Please see the list of hardware certified with Enterprise Linux 8 at the Red Hat catalog: https://catalog.redhat.com.
[    0.000000] Memory: 261120K/2096592K available (14339K kernel code, 5957K rwdata, 8568K rodata, 2820K init, 13792K bss, 359804K reserved, 0K cma-reserved)
[    0.000000] SLUB: HWalign=64, Order=0-3, MinObjects=0, CPUs=2, Nodes=1
[    0.000000] ftrace: allocating 41053 entries in 161 pages
[    0.000000] ftrace: allocated 161 pages with 3 groups
[    0.000000] rcu: Hierarchical RCU implementation.
[    0.000000] rcu: 	RCU restricting CPUs from NR_CPUS=8192 to nr_cpu_ids=2.
[    0.000000] 	Rude variant of Tasks RCU enabled.
[    0.000000] 	Tracing variant of Tasks RCU enabled.
[    0.000000] rcu: RCU calculated value of scheduler-enlistment delay is 100 jiffies.
[    0.000000] rcu: Adjusting geometry for rcu_fanout_leaf=16, nr_cpu_ids=2
[    0.000000] NR_IRQS: 524544, nr_irqs: 440, preallocated irqs: 16
[    0.000000] random: crng done (trusting CPU's manufacturer)
[    0.001000] Console: colour VGA+ 80x25
[    0.001000] printk: console [ttyS0] enabled
[    0.001000] ACPI: Core revision 20220331
[    0.001000] clocksource: hpet: mask: 0xffffffff max_cycles: 0xffffffff, max_idle_ns: 19112604467 ns
[    0.001018] APIC: Switch to symmetric I/O mode setup
[    0.003041] x2apic enabled
[    0.004010] Switched APIC routing to physical x2apic.
[    0.005010] kvm-guest: setup PV IPIs
[    0.009708] ..TIMER: vector=0x30 apic1=0 pin1=2 apic2=-1 pin2=-1
[    0.010000] clocksource: tsc-early: mask: 0xffffffffffffffff max_cycles: 0x212733415c7, max_idle_ns: 440795236380 ns
[    0.010002] Calibrating delay loop (skipped) preset value.. 4599.99 BogoMIPS (lpj=2299998)
[    0.011001] pid_max: default: 32768 minimum: 301
[    0.012026] LSM: Security Framework initializing
[    0.013008] Yama: becoming mindful.
[    0.014006] SELinux:  Initializing.
[    0.015023] LSM support for eBPF active
[    0.017161] Dentry cache hash table entries: 262144 (order: 9, 2097152 bytes, vmalloc)
[    0.018360] Inode-cache hash table entries: 131072 (order: 8, 1048576 bytes, vmalloc)
[    0.019014] Mount-cache hash table entries: 4096 (order: 3, 32768 bytes, vmalloc)
[    0.020005] Mountpoint-cache hash table entries: 4096 (order: 3, 32768 bytes, vmalloc)
[    0.022337] x86/cpu: User Mode Instruction Prevention (UMIP) activated
[    0.023276] Last level iTLB entries: 4KB 0, 2MB 0, 4MB 0
[    0.024001] Last level dTLB entries: 4KB 0, 2MB 0, 4MB 0, 1GB 0
[    0.025015] Spectre V1 : Mitigation: usercopy/swapgs barriers and __user pointer sanitization
[    0.026002] Spectre V2 : Mitigation: Retpolines
[    0.027000] Spectre V2 : Spectre v2 / SpectreRSB mitigation: Filling RSB on context switch
[    0.028000] Spectre V2 : Spectre v2 / SpectreRSB : Filling RSB on VMEXIT
[    0.029000] RETBleed: WARNING: Spectre v2 mitigation leaves CPU vulnerable to RETBleed attacks, data leaks possible!
[    0.030000] RETBleed: Vulnerable
[    0.031001] Speculative Store Bypass: Vulnerable
[    0.032008] TAA: Vulnerable: Clear CPU buffers attempted, no microcode
[    0.033000] MMIO Stale Data: Unknown: No mitigations
[    0.048685] Freeing SMP alternatives memory: 36K
[    0.050237] smpboot: CPU0: Intel INTEL(R) XEON(R) PLATINUM 8573C (family: 0x6, model: 0xcf, stepping: 0x2)
[    0.051141] Performance Events: unsupported p6 CPU model 207 no PMU driver, software events only.
[    0.052049] rcu: Hierarchical SRCU implementation.
[    0.053215] NMI watchdog: Perf NMI watchdog permanently disabled
[    0.054051] smp: Bringing up secondary CPUs ...
[    0.055134] x86: Booting SMP configuration:
[    0.056007] .... node  #0, CPUs:      #1
[    0.057502] smp: Brought up 1 node, 2 CPUs
[    0.059006] smpboot: Max logical packages: 1
[    0.060006] smpboot: Total of 2 processors activated (9199.99 BogoMIPS)
[    0.064656] node 0 deferred pages initialised in 3ms
[    0.066151] devtmpfs: initialized
[    0.067055] x86/mm: Memory block size: 128MB
[    0.068240] clocksource: jiffies: mask: 0xffffffff max_cycles: 0xffffffff, max_idle_ns: 1911260446275000 ns
[    0.069019] futex hash table entries: 512 (order: 3, 32768 bytes, vmalloc)
[    0.070051] pinctrl core: initialized pinctrl subsystem
[    0.071176] NET: Registered protocol family 16
[    0.072076] DMA: preallocated 256 KiB GFP_KERNEL pool for atomic allocations
[    0.073008] DMA: preallocated 256 KiB GFP_KERNEL|GFP_DMA pool for atomic allocations
[    0.074007] DMA: preallocated 256 KiB GFP_KERNEL|GFP_DMA32 pool for atomic allocations
[    0.075016] audit: initializing netlink subsys (disabled)
[    0.076033] audit: type=2000 audit(1791625807.147:1): state=initialized audit_enabled=0 res=1
[    0.078010] cpuidle: using governor menu
[    0.079127] acpiphp: ACPI Hot Plug PCI Controller Driver version: 0.5
[    0.080203] PCI: MMCONFIG for domain 0000 [bus 00-ff] at [mem 0xb0000000-0xbfffffff] (base 0xb0000000)
[    0.081016] PCI: MMCONFIG at [mem 0xb0000000-0xbfffffff] reserved in E820
[    0.082018] PCI: Using configuration type 1 for base access
[    0.084075] HugeTLB registered 1.00 GiB page size, pre-allocated 0 pages
[    0.085008] HugeTLB registered 2.00 MiB page size, pre-allocated 0 pages
[    0.086066] cryptd: max_cpu_qlen set to 1000
[    0.087046] ACPI: Added _OSI(Module Device)
[    0.088007] ACPI: Added _OSI(Processor Device)
[    0.089006] ACPI: Added _OSI(3.0 _SCP Extensions)
[    0.090006] ACPI: Added _OSI(Processor Aggregator Device)
[    0.091639] ACPI: 1 ACPI AML tables successfully acquired and loaded
[    0.093139] ACPI: Interpreter enabled
[    0.094016] ACPI: PM: (supports S0 S3 S4 S5)
[    0.095007] ACPI: Using IOAPIC for interrupt routing
[    0.096113] PCI: Using host bridge windows from ACPI; if necessary, use "pci=nocrs" and report a bug
[    0.097101] ACPI: Enabled 2 GPEs in block 00 to 3F
[    0.099617] ACPI: PCI Root Bridge [PCI0] (domain 0000 [bus 00-ff])
[    0.100010] acpi PNP0A08:00: _OSC: OS supports [ExtendedConfig ASPM ClockPM Segments MSI EDR HPX-Type3]
[    0.101035] acpi PNP0A08:00: _OSC: platform does not support [PCIeHotplug LTR DPC]
[    0.102045] acpi PNP0A08:00: _OSC: OS now controls [SHPCHotplug PME AER PCIeCapability]
[    0.103288] PCI host bridge to bus 0000:00
[    0.104008] pci_bus 0000:00: root bus resource [io  0x0000-0x0cf7 window]
[    0.105006] pci_bus 0000:00: root bus resource [io  0x0d00-0xffff window]
[    0.106007] pci_bus 0000:00: root bus resource [mem 0x000a0000-0x000bffff window]
[    0.107006] pci_bus 0000:00: root bus resource [mem 0x80000000-0xafffffff window]
[    0.108006] pci_bus 0000:00: root bus resource [mem 0xc0000000-0xfebfffff window]
[    0.109006] pci_bus 0000:00: root bus resource [mem 0x100000000-0x8ffffffff window]
[    0.110007] pci_bus 0000:00: root bus resource [bus 00-ff]
[    0.111122] pci 0000:00:00.0: [8086:29c0] type 00 class 0x060000
[    0.113026] pci 0000:00:01.0: [1234:1111] type 00 class 0x030000
[    0.115547] pci 0000:00:01.0: reg 0x10: [mem 0xfd000000-0xfdffffff pref]
[    0.117547] pci 0000:00:01.0: reg 0x18: [mem 0xfeb90000-0xfeb90fff]
[    0.122009] pci 0000:00:01.0: reg 0x30: [mem 0xfeb80000-0xfeb8ffff pref]
[    0.123767] pci 0000:00:02.0: [1af4:1000] type 00 class 0x020000
[    0.124959] pci 0000:00:02.0: reg 0x10: [io  0xc1c0-0xc1df]
[    0.125863] pci 0000:00:02.0: reg 0x14: [mem 0xfeb91000-0xfeb91fff]
[    0.128880] pci 0000:00:02.0: reg 0x20: [mem 0xfe000000-0xfe003fff 64bit pref]
[    0.129765] pci 0000:00:02.0: reg 0x30: [mem 0xfeb00000-0xfeb7ffff pref]
[    0.131742] pci 0000:00:03.0: [1af4:1001] type 00 class 0x010000
[    0.133009] pci 0000:00:03.0: reg 0x10: [io  0xc000-0xc07f]
[    0.135008] pci 0000:00:03.0: reg 0x14: [mem 0xfeb92000-0xfeb92fff]
[    0.139007] pci 0000:00:03.0: reg 0x20: [mem 0xfe004000-0xfe007fff 64bit pref]
[    0.143346] pci 0000:00:04.0: [1af4:1001] type 00 class 0x010000
[    0.145008] pci 0000:00:04.0: reg 0x10: [io  0xc080-0xc0ff]
[    0.147007] pci 0000:00:04.0: reg 0x14: [mem 0xfeb93000-0xfeb93fff]
[    0.151008] pci 0000:00:04.0: reg 0x20: [mem 0xfe008000-0xfe00bfff 64bit pref]
[    0.154758] pci 0000:00:05.0: [1af4:1001] type 00 class 0x010000
[    0.156549] pci 0000:00:05.0: reg 0x10: [io  0xc100-0xc17f]
[    0.158008] pci 0000:00:05.0: reg 0x14: [mem 0xfeb94000-0xfeb94fff]
[    0.162007] pci 0000:00:05.0: reg 0x20: [mem 0xfe00c000-0xfe00ffff 64bit pref]
[    0.165941] pci 0000:00:1f.0: [8086:2918] type 00 class 0x060100
[    0.167168] pci 0000:00:1f.0: quirk: [io  0x0600-0x067f] claimed by ICH6 ACPI/GPIO/TCO
[    0.168573] pci 0000:00:1f.2: [8086:2922] type 00 class 0x010601
[    0.171831] pci 0000:00:1f.2: reg 0x20: [io  0xc1e0-0xc1ff]
[    0.172559] pci 0000:00:1f.2: reg 0x24: [mem 0xfeb95000-0xfeb95fff]
[    0.174616] pci 0000:00:1f.3: [8086:2930] type 00 class 0x0c0500
[    0.176836] pci 0000:00:1f.3: reg 0x20: [io  0x0700-0x073f]
[    0.178302] ACPI: PCI: Interrupt link LNKA configured for IRQ 10
[    0.179124] ACPI: PCI: Interrupt link LNKB configured for IRQ 10
[    0.180111] ACPI: PCI: Interrupt link LNKC configured for IRQ 11
[    0.181157] ACPI: PCI: Interrupt link LNKD configured for IRQ 11
[    0.182113] ACPI: PCI: Interrupt link LNKE configured for IRQ 10
[    0.183110] ACPI: PCI: Interrupt link LNKF configured for IRQ 10
[    0.184108] ACPI: PCI: Interrupt link LNKG configured for IRQ 11
[    0.185108] ACPI: PCI: Interrupt link LNKH configured for IRQ 11
[    0.186058] ACPI: PCI: Interrupt link GSIA configured for IRQ 16
[    0.187011] ACPI: PCI: Interrupt link GSIB configured for IRQ 17
[    0.188011] ACPI: PCI: Interrupt link GSIC configured for IRQ 18
[    0.189012] ACPI: PCI: Interrupt link GSID configured for IRQ 19
[    0.190012] ACPI: PCI: Interrupt link GSIE configured for IRQ 20
[    0.191012] ACPI: PCI: Interrupt link GSIF configured for IRQ 21
[    0.192011] ACPI: PCI: Interrupt link GSIG configured for IRQ 22
[    0.193011] ACPI: PCI: Interrupt link GSIH configured for IRQ 23
[    0.194347] iommu: Default domain type: Passthrough 
[    0.195126] SCSI subsystem initialized
[    0.197023] ACPI: bus type USB registered
[    0.198027] usbcore: registered new interface driver usbfs
[    0.199014] usbcore: registered new interface driver hub
[    0.201014] usbcore: registered new device driver usb
[    0.202034] pps_core: LinuxPPS API ver. 1 registered
[    0.203006] pps_core: Software ver. 5.3.6 - Copyright 2005-2007 Rodolfo Giometti <giometti@linux.it>
[    0.206010] PTP clock support registered
[    0.207042] EDAC MC: Ver: 3.0.0
[    0.209036] PCI: Using ACPI for IRQ routing
[    0.376479] NetLabel: Initializing
[    0.377006] NetLabel:  domain hash size = 128
[    0.378005] NetLabel:  protocols = UNLABELED CIPSOv4 CALIPSO
[    0.380015] NetLabel:  unlabeled traffic allowed by default
[    0.382031] pci 0000:00:01.0: vgaarb: setting as boot VGA device
[    0.383000] pci 0000:00:01.0: vgaarb: VGA device added: decodes=io+mem,owns=io+mem,locks=none
[    0.385011] pci 0000:00:01.0: vgaarb: bridge control possible
[    0.387006] vgaarb: loaded
[    0.390593] hpet0: at MMIO 0xfed00000, IRQs 2, 8, 0
[    0.391005] hpet0: 3 comparators, 64-bit 100.000000 MHz counter
[    0.396032] clocksource: Switched to clocksource kvm-clock
[    0.409040] VFS: Disk quotas dquot_6.6.0
[    0.410138] VFS: Dquot-cache hash table entries: 512 (order 0, 4096 bytes)
[    0.412013] pnp: PnP ACPI init
[    0.412991] system 00:05: [mem 0xb0000000-0xbfffffff window] has been reserved
[    0.415213] pnp: PnP ACPI: found 6 devices
[    0.424916] clocksource: acpi_pm: mask: 0xffffff max_cycles: 0xffffff, max_idle_ns: 2085701024 ns
[    0.427290] pci_bus 0000:00: resource 4 [io  0x0000-0x0cf7 window]
[    0.428925] pci_bus 0000:00: resource 5 [io  0x0d00-0xffff window]
[    0.430553] pci_bus 0000:00: resource 6 [mem 0x000a0000-0x000bffff window]
[    0.432475] pci_bus 0000:00: resource 7 [mem 0x80000000-0xafffffff window]
[    0.434352] pci_bus 0000:00: resource 8 [mem 0xc0000000-0xfebfffff window]
[    0.436219] pci_bus 0000:00: resource 9 [mem 0x100000000-0x8ffffffff window]
[    0.438179] NET: Registered protocol family 2
[    0.439437] IP idents hash table entries: 32768 (order: 6, 262144 bytes, vmalloc)
[    0.442517] tcp_listen_portaddr_hash hash table entries: 1024 (order: 2, 16384 bytes, vmalloc)
[    0.444894] TCP established hash table entries: 16384 (order: 5, 131072 bytes, vmalloc)
[    0.447071] TCP bind hash table entries: 16384 (order: 6, 262144 bytes, vmalloc)
[    0.449137] TCP: Hash tables configured (established 16384 bind 16384)
[    0.450977] MPTCP token hash table entries: 2048 (order: 3, 49152 bytes, vmalloc)
[    0.453026] UDP hash table entries: 1024 (order: 3, 32768 bytes, vmalloc)
[    0.454889] UDP-Lite hash table entries: 1024 (order: 3, 32768 bytes, vmalloc)
[    0.456852] NET: Registered protocol family 1
[    0.458044] NET: Registered protocol family 44
[    0.459339] pci 0000:00:01.0: Video device with shadowed ROM at [mem 0x000c0000-0x000dffff]
[    0.461709] PCI: CLS 0 bytes, default 64
[    0.462847] Unpacking initramfs...
[    1.074821] Freeing initrd memory: 73716K
[    1.076028] ACPI: bus type thunderbolt registered
[    1.077377] clocksource: tsc: mask: 0xffffffffffffffff max_cycles: 0x212733415c7, max_idle_ns: 440795236380 ns
[    1.082219] Initialise system trusted keyrings
[    1.083608] Key type blacklist registered
[    1.084933] workingset: timestamp_bits=36 max_order=19 bucket_order=0
[    1.088380] zbud: loaded
[    1.089501] pstore: using deflate compression
[    1.091118] Platform Keyring initialized
[    1.128837] NET: Registered protocol family 38
[    1.130179] Key type asymmetric registered
[    1.131398] Asymmetric key parser 'x509' registered
[    1.132909] Running certificate verification selftests
[    1.156286] Loaded X.509 cert 'Certificate verification self-testing key: f58703bb33ce1b73ee02eccdee5b8817518fe3db'
[    1.159510] Block layer SCSI generic (bsg) driver version 0.4 loaded (major 247)
[    1.161544] io scheduler mq-deadline registered
[    1.162945] io scheduler kyber registered
[    1.164248] io scheduler bfq registered
[    1.165532] atomic64_test: passed for x86-64 platform with CX8 and with SSE
[    1.167755] shpchp: Standard Hot Plug PCI Controller Driver version: 0.4
[    1.169863] input: Power Button as /devices/LNXSYSTM:00/LNXPWRBN:00/input/input0
[    1.172125] ACPI: Power Button [PWRF]
[    1.173842] ACPI: \_SB_.GSIG: Enabled at IRQ 22
[    1.177542] ACPI: \_SB_.GSIH: Enabled at IRQ 23
[    1.181203] ACPI: \_SB_.GSIE: Enabled at IRQ 20
[    1.184738] ACPI: \_SB_.GSIF: Enabled at IRQ 21
[    1.188199] Serial: 8250/16550 driver, 4 ports, IRQ sharing enabled
[    1.214924] 00:03: ttyS0 at I/O 0x3f8 (irq = 4, base_baud = 115200) is a 16550A
[    1.217705] Non-volatile memory driver v1.3
[    1.219087] rdac: device handler registered
[    1.220330] hp_sw: device handler registered
[    1.221504] emc: device handler registered
[    1.222681] alua: device handler registered
[    1.223871] libphy: Fixed MDIO Bus: probed
[    1.225132] usbcore: registered new interface driver usbserial_generic
[    1.226856] usbserial: USB Serial support registered for generic
[    1.228584] i8042: PNP: PS/2 Controller [PNP0303:KBD,PNP0f13:MOU] at 0x60,0x64 irq 1,12
[    1.232199] serio: i8042 KBD port at 0x60,0x64 irq 1
[    1.233565] serio: i8042 AUX port at 0x60,0x64 irq 12
[    1.235084] mousedev: PS/2 mouse device common for all mice
[    1.236941] rtc_cmos 00:04: RTC can wake from S4
[    1.239497] input: AT Translated Set 2 keyboard as /devices/platform/i8042/serio0/input/input1
[    1.242061] rtc_cmos 00:04: registered as rtc0
[    1.243315] rtc_cmos 00:04: alarms up to one day, y3k, 242 bytes nvram, hpet irqs
[    1.244369] input: VirtualPS/2 VMware VMMouse as /devices/platform/i8042/serio1/input/input4
[    1.245556] intel_pstate: CPU model not supported
[    1.248554] input: VirtualPS/2 VMware VMMouse as /devices/platform/i8042/serio1/input/input3
[    1.249870] hid: raw HID events driver (C) Jiri Kosina
[    1.253684] usbcore: registered new interface driver usbhid
[    1.255523] usbhid: USB HID core driver
[    1.256676] drop_monitor: Initializing network drop monitor service
[    1.258546] Initializing XFRM netlink socket
[    1.259955] NET: Registered protocol family 10
[    1.261603] Segment Routing with IPv6
[    1.262766] NET: Registered protocol family 17
[    1.264195] mpls_gso: MPLS GSO support
[    1.265696] AVX2 version of gcm_enc/dec engaged.
[    1.267120] AES CTR mode by8 optimization enabled
[    1.282151] sched_clock: Marking stable (1282146095, 0)->(2011554884, -729408789)
[    1.284394] registered taskstats version 1
[    1.285707] Loading compiled-in X.509 certificates
[    1.287295] Loaded X.509 cert 'Rocky kernel signing key: 1c186528cdbf146bf66427b7dbce1d6f6aab4538'
[    1.289797] Loaded X.509 cert 'Rocky Enterprise Software Foundation: Rocky Linux Driver Signing Cert 101: ce537f0c615c038114acbb01233a5b62b93a1971'
[    1.293466] Loaded X.509 cert 'Rocky Enterprise Software Foundation: Rocky Linux Kpatch Signing Cert 101: b5ee07c737e57ecbeaed493a51379763b06312c5'
[    1.297170] zswap: loaded using pool lzo/zbud
[    1.298540] page_owner is disabled
[    1.303768] Key type big_key registered
[    1.306856] Key type encrypted registered
[    1.308061] ima: No TPM chip found, activating TPM-bypass!
[    1.309646] ima: Allocated hash algorithm: sha256
[    1.310987] ima: No architecture policies found
[    1.312269] evm: Initialising EVM extended attributes:
[    1.313696] evm: security.selinux
[    1.314640] evm: security.ima
[    1.315496] evm: security.capability
[    1.316535] evm: HMAC attrs: 0x1
[    1.317807] rtc_cmos 00:04: setting system clock to 2026-10-10 09:50:08 UTC (1791625808)
[    1.329171] Freeing unused decrypted memory: 2028K
[    1.331072] Freeing unused kernel image (initmem) memory: 2820K
[    1.335017] Write protecting the kernel read-only data: 26624k
[    1.337174] Freeing unused kernel image (text/rodata gap) memory: 2016K
[    1.339320] Freeing unused kernel image (rodata/data gap) memory: 1672K
[    1.348266] systemd[1]: systemd 239 (239-82.el8) running in system mode. (+PAM +AUDIT +SELINUX +IMA -APPARMOR +SMACK +SYSVINIT +UTMP +LIBCRYPTSETUP +GCRYPT +GNUTLS +ACL +XZ +LZ4 +SECCOMP +BLKID +ELFUTILS +KMOD +IDN2 -IDN +PCRE2 default-hierarchy=legacy)
[    1.354386] systemd[1]: Detected virtualization kvm.
[    1.355777] systemd[1]: Detected architecture x86-64.
[    1.357244] systemd[1]: Running in initial RAM disk.

Welcome to [0;31mRocky Linux 8.10 (Green Obsidian) dracut-049-233.git20240115.el8 (Initramfs)[0m!

[    1.371167] systemd[1]: No hostname configured.
[    1.372514] systemd[1]: Set hostname to <localhost>.
[    1.373972] systemd[1]: Initializing machine ID from random generator.
[    1.414546] systemd[1]: Reached target Slices.
[[0;32m  OK  [0m] Reached target Slices.
[    1.416690] systemd[1]: Listening on udev Kernel Socket.
[[0;32m  OK  [0m] Listening on udev Kernel Socket.
[    1.419147] systemd[1]: Listening on udev Control Socket.
[[0;32m  OK  [0m] Listening on udev Control Socket.
[[0;32m  OK  [0m] Listening on Journal Socket.
         Starting Create list of required st…ce nodes for the current kernel...
         Starting Setup Virtual Console...
         Starting Load Kernel Modules...
[[0;32m  OK  [0m] Listening on Journal Socket (/dev/log).
[[0;32m  OK  [0m] Reached target Sockets.
[[0;32m  OK  [0m] Reached target Timers.
[[0;32m  OK  [0m] Started Memstrack Anylazing Service.
[[0;32m  OK  [0m] Started Dispatch Password Requests to Console Directory Watch.
[[0;32m  OK  [0m] Reached target Local Encrypted Volumes.
         Starting Journal Service...
[[0;32m  OK  [0m] Reached target Swap.
[[0;32m  OK  [0m] Reached target Paths.
[[0;32m  OK  [0m] Reached target Local File Systems.
         Starting Create Volatile Files and Directories...
[[0;32m  OK  [0m] Started Create list of required sta…vice nodes for the current kernel.
[[0;32m  OK  [0m] Started Setup Virtual Console.
[[0;32m  OK  [0m] Started Load Kernel Modules.
[[0;32m  OK  [0m] Started Create Volatile Files and Directories.
         Starting Apply Kernel Variables...
         Starting dracut cmdline hook...
         Starting Create Static Device Nodes in /dev...
[[0;32m  OK  [0m] Started Apply Kernel Variables.
[[0;32m  OK  [0m] Started Create Static Device Nodes in /dev.
[[0;32m  OK  [0m] Started Journal Service.
[[0;32m  OK  [0m] Started dracut cmdline hook.
         Starting dracut pre-udev hook...
[    1.643373] device-mapper: uevent: version 1.0.3
[    1.644854] device-mapper: ioctl: 4.46.0-ioctl (2022-02-22) initialised: dm-devel@redhat.com
[    1.685202] RPC: Registered named UNIX socket transport module.
[    1.686895] RPC: Registered udp transport module.
[    1.688193] RPC: Registered tcp transport module.
[    1.689516] RPC: Registered tcp NFSv4.1 backchannel transport module.
[[0;32m  OK  [0m] Started dracut pre-udev hook.
         Starting udev Kernel Device Manager...
[[0;32m  OK  [0m] Started udev Kernel Device Manager.
         Starting dracut pre-trigger hook...
[[0;32m  OK  [0m] Started dracut pre-trigger hook.
         Starting udev Coldplug all Devices...
         Mounting Kernel Configuration File System...
[[0;32m  OK  [0m] Mounted Kernel Configuration File System.
[[0;32m  OK  [0m] Started udev Coldplug all Devices.
         Starting dracut initqueue hook...
[[0;32m  OK  [0m] Reached target System Initialization.
[[0;32m  OK  [0m] Reached target Basic System.
[[0;32m  OK  [0m] Started Hardware RNG Entropy Gatherer Daemon.
[    1.849171] virtio_blk virtio1: [vda] 33554432 512-byte logical blocks (17.2 GB/16.0 GiB)
[    1.878650] vda: detected capacity change from 0 to 17179869184
[    1.893282] GPT:Primary header thinks Alt. header is not at the end of the disk.
[    1.895351] GPT:20971519 != 33554431
[    1.896369] GPT:Alternate GPT header not at the end of the disk.
[    1.897987] GPT:20971519 != 33554431
[    1.899036] GPT: Use GNU Parted to correct GPT errors.
[    1.900542]  vda: vda1 vda2 vda3 vda4 vda5
[    1.901980] ACPI: \_SB_.GSIA: Enabled at IRQ 16
[    1.912118] ahci 0000:00:1f.2: AHCI 0001.0000 32 slots 6 ports 1.5 Gbps 0x3f impl SATA mode
[    1.914381] ahci 0000:00:1f.2: flags: 64bit ncq only 
[    1.920988] virtio_blk virtio2: [vdb] 732 512-byte logical blocks (375 kB/366 KiB)
[    1.924373] vdb: detected capacity change from 0 to 374784
[    1.933783] virtio_blk virtio3: [vdc] 1048576 512-byte logical blocks (537 MB/512 MiB)
[    1.933788] vdc: detected capacity change from 0 to 536870912
[    1.937023]  vdc:
[    1.956549] scsi host0: ahci
[    1.974100] scsi host1: ahci
[    1.985122] scsi host2: ahci
[    1.995067] scsi host3: ahci
[    2.005449] scsi host4: ahci
[    2.011705] scsi host5: ahci
[    2.011781] ata1: SATA max UDMA/133 abar m4096@0xfeb95000 port 0xfeb95100 irq 30
[    2.011804] ata2: SATA max UDMA/133 abar m4096@0xfeb95000 port 0xfeb95180 irq 30
[    2.011817] ata3: SATA max UDMA/133 abar m4096@0xfeb95000 port 0xfeb95200 irq 30
[    2.011830] ata4: SATA max UDMA/133 abar m4096@0xfeb95000 port 0xfeb95280 irq 30
[    2.011843] ata5: SATA max UDMA/133 abar m4096@0xfeb95000 port 0xfeb95300 irq 30
[    2.011856] ata6: SATA max UDMA/133 abar m4096@0xfeb95000 port 0xfeb95380 irq 30
[[0;32m  OK  [0m] Found device /dev/disk/by-uuid/4990ceaa-f9c5-4fa5-abef-198724d21f40.
[    2.317820] ata2: SATA link down (SStatus 0 SControl 300)
[    2.319739] ata1: SATA link down (SStatus 0 SControl 300)
[[0;32m  OK  [0m] Reached target Initrd Root Device.
[    2.329911] ata4: SATA link down (SStatus 0 SControl 300)
[    2.331822] ata3: SATA link up 1.5 Gbps (SStatus 113 SControl 300)
[    2.333711] ata3.00: ATAPI: QEMU DVD-ROM, 2.5+, max UDMA/100
[    2.335326] ata3.00: applying bridge limits
[    2.336887] ata5: SATA link down (SStatus 0 SControl 300)
[    2.338561] ata3.00: configured for UDMA/100
[    2.340197] scsi 2:0:0:0: CD-ROM            QEMU     QEMU DVD-ROM     2.5+ PQ: 0 ANSI: 5
[    2.347099] ata6: SATA link down (SStatus 0 SControl 300)
[    2.378360] scsi 2:0:0:0: Attached scsi generic sg0 type 5
[    2.410439] sr 2:0:0:0: [sr0] scsi3-mmc drive: 4x/4x cd/rw xa/form2 tray
[    2.412312] cdrom: Uniform CD-ROM driver Revision: 3.20
[[0;32m  OK  [0m] Started dracut initqueue hook.
[[0;32m  OK  [0m] Reached target Remote File Systems (Pre).
[[0;32m  OK  [0m] Reached target Remote File Systems.
         Starting dracut pre-mount hook...
[[0;32m  OK  [0m] Started dracut pre-mount hook.
         Starting File System Check on /dev/…eaa-f9c5-4fa5-abef-198724d21f40...
[[0;32m  OK  [0m] Started File System Check on /dev/d…0ceaa-f9c5-4fa5-abef-198724d21f40.
         Mounting /sysroot...
[    2.943199] SGI XFS with ACLs, security attributes, quota, no debug enabled
[    2.976966] XFS (vda5): Mounting V5 Filesystem
[    3.022749] XFS (vda5): Ending clean mount
[[0;32m  OK  [0m] Mounted /sysroot.
[[0;32m  OK  [0m] Reached target Initrd Root File System.
         Starting Reload Configuration from the Real Root...
[[0;32m  OK  [0m] Started Reload Configuration from the Real Root.
[[0;32m  OK  [0m] Reached target Initrd File Systems.
[[0;32m  OK  [0m] Reached target Initrd Default Target.
         Starting dracut pre-pivot and cleanup hook...
[[0;32m  OK  [0m] Started dracut pre-pivot and cleanup hook.
         Starting Cleaning Up and Shutting Down Daemons...
[[0;32m  OK  [0m] Stopped target Timers.
         Stopping Hardware RNG Entropy Gatherer Daemon...
[[0;32m  OK  [0m] Stopped dracut pre-pivot and cleanup hook.
[[0;32m  OK  [0m] Stopped target Initrd Default Target.
[[0;32m  OK  [0m] Stopped target Initrd Root Device.
[[0;32m  OK  [0m] Stopped target Remote File Systems.
[[0;32m  OK  [0m] Stopped target Remote File Systems (Pre).
[[0;32m  OK  [0m] Stopped dracut pre-mount hook.
[[0;32m  OK  [0m] Stopped dracut initqueue hook.
[[0;32m  OK  [0m] Stopped Hardware RNG Entropy Gatherer Daemon.
[[0;32m  OK  [0m] Stopped target Basic System.
[[0;32m  OK  [0m] Stopped target Sockets.
[[0;32m  OK  [0m] Stopped target Slices.
[[0;32m  OK  [0m] Stopped target System Initialization.
[[0;32m  OK  [0m] Stopped target Local Encrypted Volumes.
[[0;32m  OK  [0m] Stopped target Swap.
[[0;32m  OK  [0m] Stopped udev Coldplug all Devices.
[[0;32m  OK  [0m] Stopped dracut pre-trigger hook.
[[0;32m  OK  [0m] Stopped Apply Kernel Variables.
[[0;32m  OK  [0m] Stopped Load Kernel Modules.
         Stopping udev Kernel Device Manager...
[[0;32m  OK  [0m] Stopped Create Volatile Files and Directories.
[[0;32m  OK  [0m] Stopped target Local File Systems.
[[0;32m  OK  [0m] Stopped target Paths.
[[0;32m  OK  [0m] Stopped Dispatch Password Requests to Console Directory Watch.
[[0;32m  OK  [0m] Stopped udev Kernel Device Manager.
[[0;32m  OK  [0m] Started Cleaning Up and Shutting Down Daemons.
[[0;32m  OK  [0m] Stopped dracut pre-udev hook.
[[0;32m  OK  [0m] Stopped dracut cmdline hook.
[[0;32m  OK  [0m] Stopped Create Static Device Nodes in /dev.
[[0;32m  OK  [0m] Stopped Create list of required sta…vice nodes for the current kernel.
[[0;32m  OK  [0m] Closed udev Control Socket.
[[0;32m  OK  [0m] Closed udev Kernel Socket.
         Starting Cleanup udevd DB...
[[0;32m  OK  [0m] Started Cleanup udevd DB.
[[0;32m  OK  [0m] Reached target Switch Root.
         Starting Switch Root...
[    3.705209] printk: systemd: 27 output lines suppressed due to ratelimiting
[    3.811773] audit: type=1404 audit(1791625810.993:2): enforcing=1 old_enforcing=0 auid=4294967295 ses=4294967295 enabled=1 old-enabled=1 lsm=selinux res=1
[    3.910301] SELinux:  policy capability network_peer_controls=1
[    3.912030] SELinux:  policy capability open_perms=1
[    3.913445] SELinux:  policy capability extended_socket_class=1
[    3.915055] SELinux:  policy capability always_check_network=0
[    3.916628] SELinux:  policy capability cgroup_seclabel=1
[    3.918099] SELinux:  policy capability nnp_nosuid_transition=1
[    3.941073] audit: type=1403 audit(1791625811.123:3): auid=4294967295 ses=4294967295 lsm=selinux res=1
[    3.943264] systemd[1]: Successfully loaded SELinux policy in 132.420ms.
[    3.973376] systemd[1]: Relabelled /dev, /run and /sys/fs/cgroup in 12.466ms.
[    3.978392] systemd[1]: systemd 239 (239-82.el8) running in system mode. (+PAM +AUDIT +SELINUX +IMA -APPARMOR +SMACK +SYSVINIT +UTMP +LIBCRYPTSETUP +GCRYPT +GNUTLS +ACL +XZ +LZ4 +SECCOMP +BLKID +ELFUTILS +KMOD +IDN2 -IDN +PCRE2 default-hierarchy=legacy)
[    3.984593] systemd[1]: Detected virtualization kvm.
[    3.986039] systemd[1]: Detected architecture x86-64.

Welcome to [0;32mRocky Linux 8.10 (Green Obsidian)[0m!

[    3.990788] systemd[1]: Set hostname to <localhost.localdomain>.
[    3.993881] systemd[1]: Initializing machine ID from random generator.
[    3.995726] systemd[1]: Installed transient /etc/machine-id file.
[    4.321675] systemd[1]: initrd-switch-root.service: Succeeded.
[    4.323446] systemd[1]: Stopped Switch Root.
[[0;32m  OK  [0m] Stopped Switch Root.
[    4.326365] systemd[1]: systemd-journald.service: Service has no hold-off time (RestartSec=0), scheduling restart.
[    4.329031] systemd[1]: systemd-journald.service: Scheduled restart job, restart counter is at 1.
[[0;32m  OK  [0m] Stopped Journal Service.
         Starting Journal Service...
         Starting Create list of required st…ce nodes for the current kernel...
[[0;32m  OK  [0m] Started Dispatch Password Requests to Console Directory Watch.
[[0;32m  OK  [0m] Stopped target Switch Root.
[[0;32m  OK  [0m] Stopped target Initrd File Systems.
         Starting Load Kernel Modules...
[[0;32m  OK  [0m] Created slice system-sshd\x2dkeygen.slice.
[[0;32m  OK  [0m] Created slice system-systemd\x2dfsck.slice.
[[0;32m  OK  [0m] Set up automount Arbitrary Executab…rmats File System Automount Point.
[[0;32m  OK  [0m] Listening on initctl Compatibility Named Pipe.
[[0;32m  OK  [0m] Reached target rpc_pipefs.target.
         Starting Read and set NIS domainname from /etc/sysconfig/network...
         Mounting Huge Pages File System...
[[0;32m  OK  [0m] Listening on Process Core Dump Socket.
[[0;32m  OK  [0m] Started Forward Password Requests to Wall Directory Watch.
[[0;32m  OK  [0m] Reached target Swap.
[[0;32m  OK  [0m] Created slice User and Session Slice.
[[0;32m  OK  [0m] Reached target Slices.
         Mounting POSIX Message Queue File System...
[[0;32m  OK  [0m] Listening on RPCbind Server Activation Socket.
[[0;32m  OK  [0m] Reached target RPC Port Mapper.
[[0;32m  OK  [0m] Stopped target Initrd Root File System.
[[0;32m  OK  [0m] Reached target Local Encrypted Volumes.
[[0;32m  OK  [0m] Created slice system-serial\x2dgetty.slice.
[[0;32m  OK  [0m] Listening on udev Control Socket.
[[0;32m  OK  [0m] Listening on udev Kernel Socket.
         Starting udev Coldplug all Devices...
         Mounting Kernel Debug File System...
[[0;32m  OK  [0m] Created slice system-getty.slice.
[[0;32m  OK  [0m] Reached target Paths.
[[0;32m  OK  [0m] Stopped File System Check on Root Device.
         Starting Remount Root and Kernel File Systems...
[[0;32m  OK  [0m] Started Journal Service.
[[0;32m  OK  [0m] Started Create list of required sta…vice nodes for the current kernel.
[[0;32m  OK  [0m] Started Load Kernel Modules.
[[0;32m  OK  [0m] Started Read and set NIS domainname from /etc/sysconfig/network.
[[0;32m  OK  [0m] Mounted Huge Pages File System.
[[0;32m  OK  [0m] Mounted POSIX Message Queue File System.
[[0;32m  OK  [0m] Mounted Kernel Debug File System.
         Starting Apply Kernel Variables...
[[0;32m  OK  [0m] Started Remount Root and Kernel File Systems.
         Starting Create System Users...
         Starting Load/Save Random Seed...
         Starting Flush Journal to Persistent Storage...
         Starting Rebuild Hardware Database...
[[0;32m  OK  [0m] Started Apply Kernel Variables.
[[0;32m  OK  [0m] Started Flush Journal to Persistent Storage.
[[0;32m  OK  [0m] Started Load/Save Random Seed.
[[0;32m  OK  [0m] Started Create System Users.
         Starting Create Static Device Nodes in /dev...
[[0;32m  OK  [0m] Started udev Coldplug all Devices.
[[0;32m  OK  [0m] Started Create Static Device Nodes in /dev.
[[0;32m  OK  [0m] Reached target Local File Systems (Pre).
         Mounting /boot...
         Starting File System Check on /dev/disk/by-uuid/51D8-0B33...
[    4.593430] XFS (vda2): Mounting V5 Filesystem
[[0;32m  OK  [0m] Started File System Check on /dev/disk/by-uuid/51D8-0B33.
[[0;32m  OK  [0m] Started Rebuild Hardware Database.
         Starting udev Kernel Device Manager...
[[0;32m  OK  [0m] Started udev Kernel Device Manager.
[    4.950041] parport_pc 00:02: reported by Plug and Play ACPI
[    4.952762] parport0: PC-style at 0x378, irq 7 [PCSPP,TRISTATE]
[    4.967529] lpc_ich 0000:00:1f.0: I/O space for GPIO uninitialized
[    4.998747] input: PC Speaker as /devices/platform/pcspkr/input/input5
[    5.007666] i801_smbus 0000:00:1f.3: SMBus using PCI interrupt
[    5.058910] RAPL PMU: API unit is 2^-32 Joules, 1 fixed counters, 10737418240 ms ovfl timer
[    5.061460] RAPL PMU: hw unit of domain psys 2^-0 Joules
[    5.105966] ACPI: bus type drm_connector registered
[    5.113710] iTCO_vendor_support: vendor-support=0
[    5.118034] ppdev: user-space parallel port driver
[    5.122192] iTCO_wdt: Intel TCO WatchDog Timer Driver v1.11
[    5.140913] iTCO_wdt: Found a ICH9 TCO device (Version=2, TCOBASE=0x0660)
[    5.152986] iTCO_wdt: initialized. heartbeat=30 sec (nowayout=0)
[    5.213134] bochs-drm 0000:00:01.0: vgaarb: deactivate vga console
[    5.366289] Console: switching to colour dummy device 80x25
[    5.368353] [drm] Found bochs VGA, ID 0xb0c5.
[    5.368370] [drm] Framebuffer size 16384 kB @ 0xfd000000, mmio @ 0xfeb90000.
[    5.378785] [drm] Found EDID data blob.
[    5.380759] [drm] Initialized bochs-drm 1.0.0 20130925 for 0000:00:01.0 on minor 0
[    5.384915] fbcon: bochs-drmdrmfb (fb0) is primary device
[    5.396151] Console: switching to colour frame buffer device 160x50
[    5.403884] bochs-drm 0000:00:01.0: [drm] fb0: bochs-drmdrmfb frame buffer device
[    5.543299] XFS (vda2): Ending clean mount
[[0;32m  OK  [0m] Mounted /boot.
         Mounting /boot/efi...
[[0;32m  OK  [0m] Mounted /boot/efi.
[[0;32m  OK  [0m] Reached target Local File Systems.
         Starting Rebuild Journal Catalog...
         Starting Commit a transient machine-id on disk...
         Starting Import network configuration from initramfs...
         Starting Rebuild Dynamic Linker Cache...
[[0;32m  OK  [0m] Started Rebuild Journal Catalog.
[[0;32m  OK  [0m] Started Commit a transient machine-id on disk.
[[0;32m  OK  [0m] Started Import network configuration from initramfs.
         Starting Create Volatile Files and Directories...
[[0;32m  OK  [0m] Started Rebuild Dynamic Linker Cache.
         Starting Update is Completed...
[[0;32m  OK  [0m] Started Update is Completed.
[[0;32m  OK  [0m] Started Create Volatile Files and Directories.
         Starting Security Auditing Service...
         Starting RPC Bind...
[[0;32m  OK  [0m] Started RPC Bind.
[[0;32m  OK  [0m] Started Security Auditing Service.
         Starting Update UTMP about System Boot/Shutdown...
[[0;32m  OK  [0m] Started Update UTMP about System Boot/Shutdown.
[[0;32m  OK  [0m] Reached target System Initialization.
[[0;32m  OK  [0m] Listening on D-Bus System Message Bus Socket.
[[0;32m  OK  [0m] Started dnf makecache --timer.
[[0;32m  OK  [0m] Listening on SSSD Kerberos Cache Manager responder socket.
[[0;32m  OK  [0m] Reached target Sockets.
[[0;32m  OK  [0m] Started daily update of the root trust anchor for DNSSEC.
[[0;32m  OK  [0m] Started Daily Cleanup of Temporary Directories.
[[0;32m  OK  [0m] Reached target Timers.
[[0;32m  OK  [0m] Reached target Basic System.
[[0;32m  OK  [0m] Reached target User and Group Name Lookups.
[[0;32m  OK  [0m] Started Hardware RNG Entropy Gatherer Daemon.
         Starting NTP client/server...
[[0;32m  OK  [0m] Started D-Bus System Message Bus.
         Starting Initial cloud-init job (pre-networking)...
[[0;32m  OK  [0m] Started irqbalance daemon.
         Starting Restore /run/initramfs on shutdown...
         Starting Login Service...
[[0;32m  OK  [0m] Reached target sshd-keygen.target.
[[0;32m  OK  [0m] Started Login Service.
[[0;32m  OK  [0m] Started Restore /run/initramfs on shutdown.
[[0;32m  OK  [0m] Started NTP client/server.
         Starting Hostname Service...
[[0;32m  OK  [0m] Started Hostname Service.
[    7.539646] cloud-init[774]: Cloud-init v. 23.4-7.el8_10.0.1 running 'init-local' at Sat, 10 Oct 2026 09:50:13 +0000. Up 6.69 seconds.
[[0;32m  OK  [0m] Started Initial cloud-init job (pre-networking).
[[0;32m  OK  [0m] Reached target Network (Pre).
         Starting Network Manager...
[[0;32m  OK  [0m] Started Network Manager.
         Starting Network Manager Wait Online...
[[0;32m  OK  [0m] Reached target Network.
         Starting Dynamic System Tuning Daemon...
         Starting GSSAPI Proxy Daemon...
         Starting Network Manager Script Dispatcher Service...
[    7.782346] IPv6: ADDRCONF(NETDEV_UP): eth0: link is not ready
[[0;32m  OK  [0m] Started GSSAPI Proxy Daemon.
[[0;32m  OK  [0m] Reached target NFS client services.
[[0;32m  OK  [0m] Reached target Remote File Systems (Pre).
[[0;32m  OK  [0m] Reached target Remote File Systems.
[[0;32m  OK  [0m] Started Network Manager Script Dispatcher Service.
[[0;32m  OK  [0m] Started Network Manager Wait Online.
         Starting Initial cloud-init job (metadata service crawler)...
         Starting Authorization Manager...
[[0;32m  OK  [0m] Started Dynamic System Tuning Daemon.
[[0;32m  OK  [0m] Started Authorization Manager.
[    8.913330] cloud-init[873]: Cloud-init v. 23.4-7.el8_10.0.1 running 'init' at Sat, 10 Oct 2026 09:50:15 +0000. Up 8.58 seconds.
[    8.916337] cloud-init[873]: ci-info: ++++++++++++++++++++++++++++++++++++++Net device info++++++++++++++++++++++++++++++++++++++
[    8.919197] cloud-init[873]: ci-info: +--------+------+----------------------------+---------------+--------+-------------------+
[    8.922044] cloud-init[873]: ci-info: | Device |  Up  |          Address           |      Mask     | Scope  |     Hw-Address    |
[    8.924934] cloud-init[873]: ci-info: +--------+------+----------------------------+---------------+--------+-------------------+
[    8.927786] cloud-init[873]: ci-info: |  eth0  | True |         10.0.2.15          | 255.255.255.0 | global | 52:54:00:12:34:56 |
[    8.930652] cloud-init[873]: ci-info: |  eth0  | True | fe80::5054:ff:fe12:3456/64 |       .       |  link  | 52:54:00:12:34:56 |
[    8.933496] cloud-init[873]: ci-info: |   lo   | True |         127.0.0.1          |   255.0.0.0   |  host  |         .         |
[    8.936294] cloud-init[873]: ci-info: |   lo   | True |          ::1/128           |       .       |  host  |         .         |
[    8.939171] cloud-init[873]: ci-info: +--------+------+----------------------------+---------------+--------+-------------------+
[    8.941932] cloud-init[873]: ci-info: +++++++++++++++++++++++++++Route IPv4 info++++++++++++++++++++++++++++
[    8.944382] cloud-init[873]: ci-info: +-------+-------------+----------+---------------+-----------+-------+
[    8.946824] cloud-init[873]: ci-info: | Route | Destination | Gateway  |    Genmask    | Interface | Flags |
[    8.949297] cloud-init[873]: ci-info: +-------+-------------+----------+---------------+-----------+-------+
[    8.951746] cloud-init[873]: ci-info: |   0   |   0.0.0.0   | 10.0.2.2 |    0.0.0.0    |    eth0   |   UG  |
[    8.954255] cloud-init[873]: ci-info: |   1   |   10.0.2.0  | 0.0.0.0  | 255.255.255.0 |    eth0   |   U   |
[    8.956832] cloud-init[873]: ci-info: +-------+-------------+----------+---------------+-----------+-------+
[    8.959388] cloud-init[873]: ci-info: +++++++++++++++++++Route IPv6 info+++++++++++++++++++
[    8.961604] cloud-init[873]: ci-info: +-------+-------------+---------+-----------+-------+
[    8.963825] cloud-init[873]: ci-info: | Route | Destination | Gateway | Interface | Flags |
[    8.966050] cloud-init[873]: ci-info: +-------+-------------+---------+-----------+-------+
[    8.968247] cloud-init[873]: ci-info: |   1   |  fe80::/64  |    ::   |    eth0   |   U   |
[    8.970551] cloud-init[873]: ci-info: |   3   |  multicast  |    ::   |    eth0   |   U   |
[    8.972895] cloud-init[873]: ci-info: +-------+-------------+---------+-----------+-------+
[   14.000212] cloud-init[873]: Generating public/private rsa key pair.
[   14.001724] cloud-init[873]: Your identification has been saved in /etc/ssh/ssh_host_rsa_key.
[   14.003532] cloud-init[873]: Your public key has been saved in /etc/ssh/ssh_host_rsa_key.pub.
[   14.005295] cloud-init[873]: The key fingerprint is:
[   14.006390] cloud-init[873]: SHA256:ZC4M/7uwIXvNL2bgMfhxP7UlB2NjM8Eru32+1jI/bIQ root@probe
[   14.008222] cloud-init[873]: The key's randomart image is:
[   14.009440] cloud-init[873]: +---[RSA 3072]----+
[   14.011405] cloud-init[873]: |           .     |
[   14.013276] cloud-init[873]: |            o    |
[   14.015121] cloud-init[873]: |    .   o    o   |
[   14.016914] cloud-init[873]: |     + +  . X    |
[   14.018730] cloud-init[873]: |     .+ S  = *.  |
[   14.020491] cloud-init[873]: |    . =o. . oEo. |
[   14.022276] cloud-init[873]: |    .ooO.. + =o. |
[   14.024031] cloud-init[873]: |     o++*.+ o =+.|
[   14.025865] cloud-init[873]: |    ...oo+.. ++=o|
[   14.027718] cloud-init[873]: +----[SHA256]-----+
[   14.029529] cloud-init[873]: Generating public/private ecdsa key pair.
[   14.031640] cloud-init[873]: Your identification has been saved in /etc/ssh/ssh_host_ecdsa_key.
[   14.034204] cloud-init[873]: Your public key has been saved in /etc/ssh/ssh_host_ecdsa_key.pub.
[   14.036726] cloud-init[873]: The key fingerprint is:
[   14.038560] cloud-init[873]: SHA256:fWn60aDJLKA7vwKPpq9nHsp5lxR/kmiIB9ArzVuqPOE root@probe
[   14.040978] cloud-init[873]: The key's randomart image is:
[   14.042892] cloud-init[873]: +---[ECDSA 256]---+
[   14.044713] cloud-init[873]: | .               |
[   14.046541] cloud-init[873]: |. .              |
[   14.048366] cloud-init[873]: |.o .             |
[   14.050172] cloud-init[873]: |..+ ..   .   .   |
[   14.051976] cloud-init[873]: | .o+. = S . =    |[[0;32m  OK  [0m] Started Initial cloud-init job (metadata service crawler).
[[0;32m  OK  [0m] Reached target Network is Online.
         Starting Crash recovery kernel arming...
         Starting Notify NFS peers of a restart...

         Starting System Logging Service...
[[0;32m  OK  [0m] Reached target Cloud-config availability.
         Starting Apply the settings specified in cloud-config...
[   14.058774] cloud-init[873]: | o+o = = + * o   |
[   14.066852] cloud-init[873]: |o.+++ . + * . .  |
[   14.068653] cloud-init[873]: |oE*o++   . . .   |
[   14.070429] cloud-init[873]: |+@= o+o.    .    |
[   14.072190] cloud-init[873]: +----[SHA256]-----+
[   14.073905] cloud-init[873]: Generating public/private ed25519 key pair.
[   14.076375] cloud-init[873]: Your identification has been saved in /etc/ssh/ssh_host_ed25519_key.
[   14.078962] cloud-init[873]: Your public key has been saved in /etc/ssh/ssh_host_ed25519_key.pub.
[   14.081762] cloud-init[873]: The key fingerprint is:
[   14.083845] cloud-init[873]: SHA256:QoHoBq0pm+BXEDvlM1CYoFaMpnWYhWcXZsadkM87KPI root@probe
[   14.086879] cloud-init[873]: The key's randomart image is:
[   14.089435] cloud-init[873]: +--[ED25519 256]--+
[   14.091825] cloud-init[873]: | o+X*=B= .       |
[   14.094272] cloud-init[873]: |ooO=X++.o        |
[   14.096755] cloud-init[873]: |+B *.=.o         |
         Starting OpenSSH server daemon...
[[0;32m  OK  [0m] Started Notify NFS peers of a restart.
[   14.100267] cloud-init[873]: |B o .oo o        |
[   14.118993] cloud-init[873]: |++  . ..S.       |
[   14.121478] cloud-init[873]: |o.... ..o        |
[   14.123103] cloud-init[873]: |  .o .   .       |
[   14.124660] cloud-init[873]: |    E            |
[   14.126256] cloud-init[873]: |                 |
[   14.127812] cloud-init[873]: +----[SHA256]-----+
[[0;32m  OK  [0m] Started OpenSSH server daemon.
[[0;32m  OK  [0m] Started System Logging Service.
         Stopping OpenSSH server daemon...
[[0;32m  OK  [0m] Stopped OpenSSH server daemon.
[[0;32m  OK  [0m] Stopped target sshd-keygen.target.
         Stopping sshd-keygen.target.
[[0;32m  OK  [0m] Reached target sshd-keygen.target.
         Starting OpenSSH server daemon...
[[0;32m  OK  [0m] Started OpenSSH server daemon.
[   14.587577] cloud-init[1251]: Cloud-init v. 23.4-7.el8_10.0.1 running 'modules:config' at Sat, 10 Oct 2026 09:50:21 +0000. Up 14.44 seconds.
[[0;32m  OK  [0m] Started Apply the settings specified in cloud-config.
         Starting Execute cloud user/final scripts...
         Starting Permit User Sessions...
[[0;32m  OK  [0m] Started Permit User Sessions.
[[0;32m  OK  [0m] Started Getty on tty1.
[[0;32m  OK  [0m] Started Command Scheduler.
[[0;32m  OK  [0m] Started Serial Getty on ttyS0.
[[0;32m  OK  [0m] Reached target Login Prompts.
[[0;32m  OK  [0m] Reached target Multi-User System.
         Starting Update UTMP about System Runlevel Changes...
[[0;32m  OK  [0m] Started Update UTMP about System Runlevel Changes.
vm-inner: start

Rocky Linux 8.10 (Green Obsidian)
Kernel 4.18.0-553.el8_10.x86_64 on an x86_64

Activate the web console with: systemctl enable --now cockpit.socket

probe login: vm-inner: packages exit 0
vm-inner: measure exit 0
vm-inner: done
         Stopping Hardware RNG Entropy Gatherer Daemon...
[[0;32m  OK  [0m] Stopped target rpc_pipefs.target.
         Stopping /usr/bin/systemctl start man-db-cache-update...
         Stopping Restore /run/initramfs on shutdown...
[[0;32m  OK  [0m] Stopped target Multi-User System.
[[0;32m  OK  [0m] Stopped target Login Prompts.
         Stopping Serial Getty on ttyS0...
         Stopping Login Service...
         Stopping irqbalance daemon...
         Stopping OpenSSH server daemon...
         Stopping Dynamic System Tuning Daemon...
[[0;32m  OK  [0m] Stopped target Timers.
[[0;32m  OK  [0m] Stopped daily update of the root trust anchor for DNSSEC.
[[0;32m  OK  [0m] Stopped dnf makecache --timer.
         Stopping Getty on tty1...
[[0;32m  OK  [0m] Removed slice system-sshd\x2dkeygen.slice.
         Stopping NTP client/server...
[[0;32m  OK  [0m] Stopped Daily Cleanup of Temporary Directories.
[[0;32m  OK  [0m] Stopped target RPC Port Mapper.
         Stopping Command Scheduler...
         Stopping System Logging Service...Cloud-init 23.4-7.el8_10.0.1 received SIGTERM, exiting...
  Filename: /usr/lib64/python3.6/subprocess.py
  Function: _try_wait
  Line number: 1424
    Filename: /usr/lib64/python3.6/subprocess.py
    Function: wait
    Line number: 1477
      Filename: /usr/lib64/python3.6/subprocess.py
      Function: communicate
      Line number: 855

[[0;32m  OK  [0m] Stopped Hardware RNG Entropy Gatherer Daemon.
[[0;32m  OK  [0m] Stopped Getty on tty1.
[[0;32m  OK  [0m] Stopped Command Scheduler.
[[0;32m  OK  [0m] Stopped Serial Getty on ttyS0.
[[0;32m  OK  [0m] Removed slice system-serial\x2dgetty.slice.
[[0;32m  OK  [0m] Removed slice system-getty.slice.
         Stopping Permit User Sessions...
[[0;32m  OK  [0m] Stopped target sshd-keygen.target.
[[0;32m  OK  [0m] Stopped irqbalance daemon.
[[0;32m  OK  [0m] Stopped Permit User Sessions.
[[0;32m  OK  [0m] Stopped target Remote File Systems.
[[0;32m  OK  [0m] Stopped target Remote File Systems (Pre).
[[0;32m  OK  [0m] Stopped target NFS client services.
         Stopping GSSAPI Proxy Daemon...
[[0;32m  OK  [0m] Stopped GSSAPI Proxy Daemon.
[[0;32m  OK  [0m] Stopped Login Service.
[[0;32m  OK  [0m] Stopped target User and Group Name Lookups.
[[0;32m  OK  [0m] Stopped NTP client/server.
[[0;32m  OK  [0m] Stopped Execute cloud user/final scripts.
[[0;32m  OK  [0m] Stopped Apply the settings specified in cloud-config.
[[0;32m  OK  [0m] Stopped target Cloud-config availability.
[[0;32m  OK  [0m] Stopped Dynamic System Tuning Daemon.
[[0;32m  OK  [0m] Stopped man-db-cache-update.service.
         Stopping Authorization Manager...
[[0;32m  OK  [0m] Stopped System Logging Service.
[[0;32m  OK  [0m] Stopped target Network is Online.
[[0;32m  OK  [0m] Stopped Network Manager Wait Online.
[[0;32m  OK  [0m] Stopped target Network.
         Stopping Network Manager...
[[0;32m  OK  [0m] Stopped Authorization Manager.
[[0;32m  OK  [0m] Stopped Network Manager.
         Stopping D-Bus System Message Bus...
[[0;32m  OK  [0m] Stopped target Network (Pre).
[[0;32m  OK  [0m] Stopped Initial cloud-init job (pre-networking).
[[0;32m  OK  [0m] Stopped D-Bus System Message Bus.
[[0;32m  OK  [0m] Stopped target Basic System.
[[0;32m  OK  [0m] Stopped target Slices.
[[0;32m  OK  [0m] Removed slice User and Session Slice.
[[0;32m  OK  [0m] Stopped target Paths.
[[0;32m  OK  [0m] Stopped target Sockets.
[[0;32m  OK  [0m] Closed SSSD Kerberos Cache Manager responder socket.
[[0;32m  OK  [0m] Closed D-Bus System Message Bus Socket.
[[0;32m  OK  [0m] Stopped target System Initialization.
[[0;32m  OK  [0m] Stopped Update is Completed.
[[0;32m  OK  [0m] Stopped Rebuild Hardware Database.
[[0;32m  OK  [0m] Stopped Rebuild Dynamic Linker Cache.
         Stopping Load/Save Random Seed...
[[0;32m  OK  [0m] Stopped target Local Encrypted Volumes.
[[0;32m  OK  [0m] Stopped Forward Password Requests to Wall Directory Watch.
[[0;32m  OK  [0m] Stopped Dispatch Password Requests to Console Directory Watch.
[[0;32m  OK  [0m] Stopped Apply Kernel Variables.
[[0;32m  OK  [0m] Stopped Rebuild Journal Catalog.
         Stopping Update UTMP about System Boot/Shutdown...
[[0;32m  OK  [0m] Stopped Load Kernel Modules.
[[0;32m  OK  [0m] Stopped Read and set NIS domainname from /etc/sysconfig/network.
[[0;32m  OK  [0m] Stopped target Swap.
[[0;32m  OK  [0m] Stopped Commit a transient machine-id on disk.
[[0;32m  OK  [0m] Stopped Load/Save Random Seed.
[[0;32m  OK  [0m] Stopped Update UTMP about System Boot/Shutdown.
         Stopping Security Auditing Service...
[   44.028703] audit: type=1305 audit(1791625851.474:109): op=set audit_pid=0 old=727 auid=4294967295 ses=4294967295 subj=system_u:system_r:auditd_t:s0 res=1
[[0;32m  OK  [0m] Stopped Security Auditing Service.
[   44.037050] audit: type=1130 audit(1791625851.483:110): pid=1 uid=0 auid=4294967295 ses=4294967295 subj=system_u:system_r:init_t:s0 msg='unit=auditd comm="systemd" exe="/usr/lib/systemd/systemd" hostname=? addr=? terminal=? res=success'
[[0;32m  OK  [0m] Stopped Create Volatile Files and Directories.
[   44.043906] audit: type=1131 audit(1791625851.483:111): pid=1 uid=0 auid=4294967295 ses=4294967295 subj=system_u:system_r:init_t:s0 msg='unit=auditd comm="systemd" exe="/usr/lib/systemd/systemd" hostname=? addr=? terminal=? res=success'
[   44.050318] audit: type=1130 audit(1791625851.496:112): pid=1 uid=0 auid=4294967295 ses=4294967295 subj=system_u:system_r:init_t:s0 msg='unit=systemd-tmpfiles-setup comm="systemd" exe="/usr/lib/systemd/systemd" hostname=? addr=? terminal=? res=success'
[   44.056180] audit: type=1131 audit(1791625851.496:113): pid=1 uid=0 auid=4294967295 ses=4294967295 subj=system_u:system_r:init_t:s0 msg='unit=systemd-tmpfiles-setup comm="systemd" exe="/usr/lib/systemd/systemd" hostname=? addr=? terminal=? res=success'
[[0;32m  OK  [0m] Stopped Import network configuration from initramfs.
[   44.064065] audit: type=1130 audit(1791625851.510:114): pid=1 uid=0 auid=4294967295 ses=4294967295 subj=system_u:system_r:init_t:s0 msg='unit=import-state comm="systemd" exe="/usr/lib/systemd/systemd" hostname=? addr=? terminal=? res=success'
[   44.069889] audit: type=1131 audit(1791625851.510:115): pid=1 uid=0 auid=4294967295 ses=4294967295 subj=system_u:system_r:init_t:s0 msg='unit=import-state comm="systemd" exe="/usr/lib/systemd/systemd" hostname=? addr=? terminal=? res=success'
[[0;32m  OK  [0m] Stopped target Local File Systems.
         Unmounting /boot/efi...
[[0;32m  OK  [0m] Unmounted /boot/efi.
[[0;32m  OK  [0m] Stopped File System Check on /dev/disk/by-uuid/51D8-0B33.
[   44.090254] audit: type=1130 audit(1791625851.536:116): pid=1 uid=0 auid=4294967295 ses=4294967295 subj=system_u:system_r:init_t:s0 msg='unit=systemd-fsck@dev-disk-by\x2duuid-51D8\x2d0B33 comm="systemd" exe="/usr/lib/systemd/systemd" hostname=? addr=? terminal=? res=success'
[   44.096804] audit: type=1131 audit(1791625851.536:117): pid=1 uid=0 auid=4294967295 ses=4294967295 subj=system_u:system_r:init_t:s0 msg='unit=systemd-fsck@dev-disk-by\x2duuid-51D8\x2d0B33 comm="systemd" exe="/usr/lib/systemd/systemd" hostname=? addr=? terminal=? res=success'
[[0;32m  OK  [0m] Removed slice system-systemd\x2dfsck.slice.
         Unmounting /boot...
[   44.114252] XFS (vda2): Unmounting Filesystem
[[0;32m  OK  [0m] Unmounted /boot.
[[0;32m  OK  [0m] Reached target Unmount All Filesystems.
[[0;32m  OK  [0m] Stopped target Local File Systems (Pre).
[[0;32m  OK  [0m] Stopped Create Static Device Nodes in /dev.
[   44.125954] audit: type=1130 audit(1791625851.571:118): pid=1 uid=0 auid=4294967295 ses=4294967295 subj=system_u:system_r:init_t:s0 msg='unit=systemd-tmpfiles-setup-dev comm="systemd" exe="/usr/lib/systemd/systemd" hostname=? addr=? terminal=? res=success'
[[0;32m  OK  [0m] Stopped Create System Users.
[[0;32m  OK  [0m] Stopped Remount Root and Kernel File Systems.
[[0;32m  OK  [0m] Reached target Shutdown.
[[0;32m  OK  [0m] Reached target Final Step.
[[0;32m  OK  [0m] Started Power-Off.
[[0;32m  OK  [0m] Reached target Power-Off.
[   44.160723] printk: systemd-shutdow: 37 output lines suppressed due to ratelimiting
[   44.180868] systemd-shutdown[1]: Syncing filesystems and block devices.
[   44.183305] systemd-shutdown[1]: Sending SIGTERM to remaining processes...
[   44.198200] systemd-shutdown[1]: Sending SIGKILL to remaining processes...
[   44.201698] systemd-shutdown[1]: Unmounting file systems.
[   44.203839] [6071]: Remounting '/var/lib/nfs/rpc_pipefs' read-only in with options '(null)'.
[   44.207283] [6072]: Unmounting '/var/lib/nfs/rpc_pipefs'.
[   44.213512] [6073]: Remounting '/' read-only in with options 'seclabel,attr2,inode64,logbufs=8,logbsize=32k,noquota'.
[   44.252746] systemd-shutdown[1]: All filesystems unmounted.
[   44.254341] systemd-shutdown[1]: Deactivating swaps.
[   44.255731] systemd-shutdown[1]: All swaps deactivated.
[   44.257168] systemd-shutdown[1]: Detaching loop devices.
[   44.258737] systemd-shutdown[1]: All loop devices detached.
[   44.260236] systemd-shutdown[1]: Stopping MD devices.
[   44.270257] kvm: exiting hardware virtualization
[   44.273100] ACPI: PM: Preparing to enter system sleep state S5
[   44.274653] reboot: Power down
