===== visit 1 =====
total 12
drwxr-xr-x 2 root root 4096 Aug 15 06:35 .
drwxr-xr-x 3 root root 4096 Aug 15 06:35 ..
-rw-r--r-- 1 root root   25 Aug 15 06:35 bookmarks.db
bookmarks.db size=25 head16= 73 69 64 65 65 79 65 2d 63 6f 72 72 75 70 74 69 bytes24-27=0a
bookmarks.db-journal MISSING
query rc=1
[31m[ERROR][0m initdb(): file is not a database
after-query dir: bookmarks.db 
VERDICT visit 1: FAIL bystander query exited 1: /usr/bin/buku:22: DeprecationWarning: 'cgi' is deprecated and slated for removal in Python 3.13
  import cgi
[31m[ERROR][0m initdb(): file is not a database
===== visit 2 =====
total 20
drwxr-xr-x 2 root root  4096 Aug 15 06:35 .
drwxr-xr-x 3 root root  4096 Aug 15 06:35 ..
-rw-r--r-- 1 root root 12288 Aug 15 06:35 bookmarks.db
bookmarks.db size=12288 head16= 53 51 4c 69 74 65 20 66 6f 72 6d 61 74 20 33 00 bytes24-27=00000002
bookmarks.db-journal MISSING
query rc=0
1	https://example.com/g	GraceMark	grace
after-query dir: bookmarks.db 
VERDICT visit 2: PASS
===== visit 3 =====
total 20
drwxr-xr-x 2 root root  4096 Aug 15 06:35 .
drwxr-xr-x 3 root root  4096 Aug 15 06:35 ..
-rw-r--r-- 1 root root 12288 Aug 15 06:35 bookmarks.db
bookmarks.db size=12288 head16= 53 51 4c 69 74 65 20 66 6f 72 6d 61 74 20 33 00 bytes24-27=00000002
bookmarks.db-journal MISSING
query rc=0
1	https://example.com/g	GraceMark	grace
after-query dir: bookmarks.db 
VERDICT visit 3: PASS
===== visit 4 =====
total 20
drwxr-xr-x 2 root root  4096 Aug 15 06:35 .
drwxr-xr-x 3 root root  4096 Aug 15 06:35 ..
-rw-r--r-- 1 root root 12288 Aug 15 06:35 bookmarks.db
-rw-r--r-- 1 root root     0 Aug 15 06:35 bookmarks.db-journal
bookmarks.db size=12288 head16= 53 51 4c 69 74 65 20 66 6f 72 6d 61 74 20 33 00 bytes24-27=00000002
bookmarks.db-journal size=0 head16= bytes24-27=
query rc=0
1	https://example.com/g	GraceMark	grace
after-query dir: bookmarks.db bookmarks.db-journal 
VERDICT visit 4: PASS
===== visit 5 =====
total 24
drwxr-xr-x 2 root root  4096 Aug 15 06:35 .
drwxr-xr-x 3 root root  4096 Aug 15 06:35 ..
-rw-r--r-- 1 root root 12288 Aug 15 06:35 bookmarks.db
-rw-r--r-- 1 root root   512 Aug 15 06:35 bookmarks.db-journal
bookmarks.db size=12288 head16= 53 51 4c 69 74 65 20 66 6f 72 6d 61 74 20 33 00 bytes24-27=00000002
bookmarks.db-journal size=512 head16= 00 00 00 00 00 00 00 00 00 00 00 00 2b 43 8c 56 bytes24-27=00001000
query rc=0
1	https://example.com/g	GraceMark	grace
after-query dir: bookmarks.db bookmarks.db-journal 
VERDICT visit 5: PASS
===== visit 6 =====
total 24
drwxr-xr-x 2 root root  4096 Aug 15 06:35 .
drwxr-xr-x 3 root root  4096 Aug 15 06:35 ..
-rw-r--r-- 1 root root 12288 Aug 15 06:35 bookmarks.db
-rw-r--r-- 1 root root   516 Aug 15 06:35 bookmarks.db-journal
bookmarks.db size=12288 head16= 53 51 4c 69 74 65 20 66 6f 72 6d 61 74 20 33 00 bytes24-27=00000002
bookmarks.db-journal size=516 head16= 00 00 00 00 00 00 00 00 00 00 00 00 cc b3 b3 a4 bytes24-27=00001000
query rc=0
1	https://example.com/g	GraceMark	grace
after-query dir: bookmarks.db bookmarks.db-journal 
VERDICT visit 6: PASS
===== visit 7 =====
total 28
drwxr-xr-x 2 root root  4096 Aug 15 06:35 .
drwxr-xr-x 3 root root  4096 Aug 15 06:35 ..
-rw-r--r-- 1 root root 12288 Aug 15 06:35 bookmarks.db
-rw-r--r-- 1 root root  4612 Aug 15 06:35 bookmarks.db-journal
bookmarks.db size=12288 head16= 53 51 4c 69 74 65 20 66 6f 72 6d 61 74 20 33 00 bytes24-27=00000002
bookmarks.db-journal size=4612 head16= 00 00 00 00 00 00 00 00 00 00 00 00 c1 2f dd 8c bytes24-27=00001000
query rc=0
1	https://example.com/g	GraceMark	grace
after-query dir: bookmarks.db bookmarks.db-journal 
VERDICT visit 7: PASS
===== visit 8 =====
total 28
drwxr-xr-x 2 root root  4096 Aug 15 06:35 .
drwxr-xr-x 3 root root  4096 Aug 15 06:35 ..
-rw-r--r-- 1 root root 12288 Aug 15 06:35 bookmarks.db
-rw-r--r-- 1 root root  4616 Aug 15 06:35 bookmarks.db-journal
bookmarks.db size=12288 head16= 53 51 4c 69 74 65 20 66 6f 72 6d 61 74 20 33 00 bytes24-27=00000002
bookmarks.db-journal size=4616 head16= 00 00 00 00 00 00 00 00 00 00 00 00 86 a0 ae e5 bytes24-27=00001000
query rc=0
1	https://example.com/g	GraceMark	grace
after-query dir: bookmarks.db bookmarks.db-journal 
VERDICT visit 8: PASS
===== visit 9 =====
total 28
drwxr-xr-x 2 root root  4096 Aug 15 06:35 .
drwxr-xr-x 3 root root  4096 Aug 15 06:35 ..
-rw-r--r-- 1 root root 12288 Aug 15 06:35 bookmarks.db
-rw-r--r-- 1 root root  4620 Aug 15 06:35 bookmarks.db-journal
bookmarks.db size=12288 head16= 53 51 4c 69 74 65 20 66 6f 72 6d 61 74 20 33 00 bytes24-27=00000002
bookmarks.db-journal size=4620 head16= 00 00 00 00 00 00 00 00 00 00 00 00 03 e1 47 fd bytes24-27=00001000
query rc=0
1	https://example.com/g	GraceMark	grace
after-query dir: bookmarks.db bookmarks.db-journal 
VERDICT visit 9: PASS
===== visit 10 =====
total 32
drwxr-xr-x 2 root root  4096 Aug 15 06:35 .
drwxr-xr-x 3 root root  4096 Aug 15 06:35 ..
-rw-r--r-- 1 root root 12288 Aug 15 06:35 bookmarks.db
-rw-r--r-- 1 root root  8716 Aug 15 06:35 bookmarks.db-journal
bookmarks.db size=12288 head16= 53 51 4c 69 74 65 20 66 6f 72 6d 61 74 20 33 00 bytes24-27=00000002
bookmarks.db-journal size=8716 head16= 00 00 00 00 00 00 00 00 00 00 00 00 45 ff 60 99 bytes24-27=00001000
query rc=0
1	https://example.com/g	GraceMark	grace
after-query dir: bookmarks.db bookmarks.db-journal 
VERDICT visit 10: PASS
===== visit 11 =====
total 32
drwxr-xr-x 2 root root  4096 Aug 15 06:35 .
drwxr-xr-x 3 root root  4096 Aug 15 06:35 ..
-rw-r--r-- 1 root root 12288 Aug 15 06:35 bookmarks.db
-rw-r--r-- 1 root root  8720 Aug 15 06:35 bookmarks.db-journal
bookmarks.db size=12288 head16= 53 51 4c 69 74 65 20 66 6f 72 6d 61 74 20 33 00 bytes24-27=00000002
bookmarks.db-journal size=8720 head16= 00 00 00 00 00 00 00 00 00 00 00 00 e5 ca d9 2e bytes24-27=00001000
query rc=0
1	https://example.com/g	GraceMark	grace
after-query dir: bookmarks.db bookmarks.db-journal 
VERDICT visit 11: PASS
===== visit 12 =====
total 32
drwxr-xr-x 2 root root  4096 Aug 15 06:35 .
drwxr-xr-x 3 root root  4096 Aug 15 06:35 ..
-rw-r--r-- 1 root root 12288 Aug 15 06:35 bookmarks.db
-rw-r--r-- 1 root root  8724 Aug 15 06:35 bookmarks.db-journal
bookmarks.db size=12288 head16= 53 51 4c 69 74 65 20 66 6f 72 6d 61 74 20 33 00 bytes24-27=00000002
bookmarks.db-journal size=8724 head16= 00 00 00 00 00 00 00 00 00 00 00 00 53 ef 0f 01 bytes24-27=00001000
query rc=0
1	https://example.com/g	GraceMark	grace
after-query dir: bookmarks.db bookmarks.db-journal 
VERDICT visit 12: PASS
===== visit 13 =====
total 36
drwxr-xr-x 2 root root  4096 Aug 15 06:35 .
drwxr-xr-x 3 root root  4096 Aug 15 06:35 ..
-rw-r--r-- 1 root root 12288 Aug 15 06:35 bookmarks.db
-rw-r--r-- 1 root root 12820 Aug 15 06:35 bookmarks.db-journal
bookmarks.db size=12288 head16= 53 51 4c 69 74 65 20 66 6f 72 6d 61 74 20 33 00 bytes24-27=00000002
bookmarks.db-journal size=12820 head16= 00 00 00 00 00 00 00 00 00 00 00 00 c0 00 a6 30 bytes24-27=00001000
query rc=0
1	https://example.com/g	GraceMark	grace
after-query dir: bookmarks.db bookmarks.db-journal 
VERDICT visit 13: PASS
===== visit 14 =====
total 36
drwxr-xr-x 2 root root  4096 Aug 15 06:35 .
drwxr-xr-x 3 root root  4096 Aug 15 06:35 ..
-rw-r--r-- 1 root root 12288 Aug 15 06:35 bookmarks.db
-rw-r--r-- 1 root root 12824 Aug 15 06:35 bookmarks.db-journal
bookmarks.db size=12288 head16= 53 51 4c 69 74 65 20 66 6f 72 6d 61 74 20 33 00 bytes24-27=00000002
bookmarks.db-journal size=12824 head16= 00 00 00 00 00 00 00 00 00 00 00 00 bf fb 6c 5f bytes24-27=00001000
query rc=0
1	https://example.com/g	GraceMark	grace
after-query dir: bookmarks.db bookmarks.db-journal 
VERDICT visit 14: PASS
===== visit 15 =====
total 36
drwxr-xr-x 2 root root  4096 Aug 15 06:35 .
drwxr-xr-x 3 root root  4096 Aug 15 06:35 ..
-rw-r--r-- 1 root root 12288 Aug 15 06:35 bookmarks.db
-rw-r--r-- 1 root root 12824 Aug 15 06:35 bookmarks.db-journal
bookmarks.db size=12288 head16= 53 51 4c 69 74 65 20 66 6f 72 6d 61 74 20 33 00 bytes24-27=00000002
bookmarks.db-journal size=12824 head16= 00 00 00 00 00 00 00 00 00 00 00 00 56 a7 5e d5 bytes24-27=00001000
query rc=0
1	https://example.com/g	GraceMark	grace
after-query dir: bookmarks.db bookmarks.db-journal 
VERDICT visit 15: PASS
===== visit 16 =====
total 36
drwxr-xr-x 2 root root  4096 Aug 15 06:35 .
drwxr-xr-x 3 root root  4096 Aug 15 06:35 ..
-rw-r--r-- 1 root root 12288 Aug 15 06:35 bookmarks.db
-rw-r--r-- 1 root root 12824 Aug 15 06:35 bookmarks.db-journal
bookmarks.db size=12288 head16= 53 51 4c 69 74 65 20 66 6f 72 6d 61 74 20 33 00 bytes24-27=00000002
bookmarks.db-journal size=12824 head16= 00 00 00 00 00 00 00 00 00 00 00 00 e9 85 e5 ac bytes24-27=00001000
query rc=0
1	https://example.com/g	GraceMark	grace
after-query dir: bookmarks.db bookmarks.db-journal 
VERDICT visit 16: PASS
===== visit 17 =====
total 36
drwxr-xr-x 2 root root  4096 Aug 15 06:35 .
drwxr-xr-x 3 root root  4096 Aug 15 06:35 ..
-rw-r--r-- 1 root root 12288 Aug 15 06:35 bookmarks.db
-rw-r--r-- 1 root root 12824 Aug 15 06:35 bookmarks.db-journal
bookmarks.db size=12288 head16= 53 51 4c 69 74 65 20 66 6f 72 6d 61 74 20 33 00 bytes24-27=00000002
bookmarks.db-journal size=12824 head16= d9 d5 05 f9 20 a1 63 d7 00 00 00 03 33 09 a9 54 bytes24-27=00001000
query rc=0
1	https://example.com/g	GraceMark	grace
after-query dir: bookmarks.db 
VERDICT visit 17: PASS
===== visit 18 =====
total 36
drwxr-xr-x 2 root root  4096 Aug 15 06:35 .
drwxr-xr-x 3 root root  4096 Aug 15 06:35 ..
-rw-r--r-- 1 root root 12288 Aug 15 06:35 bookmarks.db
-rw-r--r-- 1 root root 12824 Aug 15 06:35 bookmarks.db-journal
bookmarks.db size=12288 head16= 53 51 4c 69 74 65 20 66 6f 72 6d 61 74 20 33 00 bytes24-27=00000002
bookmarks.db-journal size=12824 head16= d9 d5 05 f9 20 a1 63 d7 00 00 00 03 e4 29 a0 de bytes24-27=00001000
query rc=0
1	https://example.com/g	GraceMark	grace
after-query dir: bookmarks.db 
VERDICT visit 18: PASS
===== visit 19 =====
total 36
drwxr-xr-x 2 root root  4096 Aug 15 06:35 .
drwxr-xr-x 3 root root  4096 Aug 15 06:35 ..
-rw-r--r-- 1 root root 12288 Aug 15 06:35 bookmarks.db
-rw-r--r-- 1 root root 12824 Aug 15 06:35 bookmarks.db-journal
bookmarks.db size=12288 head16= 53 51 4c 69 74 65 20 66 6f 72 6d 61 74 20 33 00 bytes24-27=00000003
bookmarks.db-journal size=12824 head16= d9 d5 05 f9 20 a1 63 d7 00 00 00 03 58 73 87 46 bytes24-27=00001000
query rc=0
1	https://example.com/g	GraceMark	grace
after-query dir: bookmarks.db 
VERDICT visit 19: PASS
===== visit 20 =====
total 36
drwxr-xr-x 2 root root  4096 Aug 15 06:35 .
drwxr-xr-x 3 root root  4096 Aug 15 06:35 ..
-rw-r--r-- 1 root root 12288 Aug 15 06:35 bookmarks.db
-rw-r--r-- 1 root root 12824 Aug 15 06:35 bookmarks.db-journal
bookmarks.db size=12288 head16= 53 51 4c 69 74 65 20 66 6f 72 6d 61 74 20 33 00 bytes24-27=00000003
bookmarks.db-journal size=12824 head16= d9 d5 05 f9 20 a1 63 d7 00 00 00 03 ff 7a 4c 2c bytes24-27=00001000
query rc=0
1	https://example.com/g	GraceMark	grace
after-query dir: bookmarks.db 
VERDICT visit 20: PASS
===== visit 21 =====
total 36
drwxr-xr-x 2 root root  4096 Aug 15 06:35 .
drwxr-xr-x 3 root root  4096 Aug 15 06:35 ..
-rw-r--r-- 1 root root 12288 Aug 15 06:35 bookmarks.db
-rw-r--r-- 1 root root 12824 Aug 15 06:35 bookmarks.db-journal
bookmarks.db size=12288 head16= 53 51 4c 69 74 65 20 66 6f 72 6d 61 74 20 33 00 bytes24-27=00000003
bookmarks.db-journal size=12824 head16= d9 d5 05 f9 20 a1 63 d7 00 00 00 03 e9 c9 a8 06 bytes24-27=00001000
query rc=0
1	https://example.com/g	GraceMark	grace
after-query dir: bookmarks.db 
VERDICT visit 21: PASS
===== visit 22 =====
total 36
drwxr-xr-x 2 root root  4096 Aug 15 06:35 .
drwxr-xr-x 3 root root  4096 Aug 15 06:35 ..
-rw-r--r-- 1 root root 12288 Aug 15 06:35 bookmarks.db
-rw-r--r-- 1 root root 12824 Aug 15 06:35 bookmarks.db-journal
bookmarks.db size=12288 head16= 53 51 4c 69 74 65 20 66 6f 72 6d 61 74 20 33 00 bytes24-27=00000003
bookmarks.db-journal size=12824 head16= d9 d5 05 f9 20 a1 63 d7 00 00 00 03 01 ba 9d dc bytes24-27=00001000
query rc=0
1	https://example.com/g	GraceMark	grace
after-query dir: bookmarks.db 
VERDICT visit 22: PASS
===== visit 23 =====
total 20
drwxr-xr-x 2 root root  4096 Aug 15 06:35 .
drwxr-xr-x 3 root root  4096 Aug 15 06:35 ..
-rw-r--r-- 1 root root 12288 Aug 15 06:35 bookmarks.db
bookmarks.db size=12288 head16= 53 51 4c 69 74 65 20 66 6f 72 6d 61 74 20 33 00 bytes24-27=00000003
bookmarks.db-journal MISSING
query rc=0
1	https://example.com/g	GraceMark	grace
after-query dir: bookmarks.db 
VERDICT visit 23: PASS
