UEFI firmware (version 2024.02-2ubuntu0.10 built at 15:40:28 on Sep 23 2026)
[2J[01;01H[=3h[2J[01;01H[2J[01;01H[=3h[2J[01;01HBdsDxe: loading Boot0001 "UEFI Misc Device" from PciRoot(0x0)/Pci(0x2,0x0)
BdsDxe: starting Boot0001 "UEFI Misc Device" from PciRoot(0x0)/Pci(0x2,0x0)
EFI stub: Booting Linux Kernel...
EFI stub: EFI_RNG_PROTOCOL unavailable
EFI stub: Using DTB from configuration table
EFI stub: Exiting boot services...
[    0.000000] Booting Linux on physical CPU 0x0000000000 [0x000f0510]
[    0.000000] Linux version 5.15.0-198-generic (buildd@bos03-arm64-037) (gcc (Ubuntu 11.4.0-1ubuntu1~22.04.3) 11.4.0, GNU ld (GNU Binutils for Ubuntu) 2.38) #208-Ubuntu SMP Fri Sep 4 10:23:39 UTC 2026 (Ubuntu 5.15.0-198.208-generic 5.15.216)
[    0.000000] efi: EFI v2.70 by Ubuntu distribution of EDK II
[    0.000000] efi: SMBIOS 3.0=0xbfed0000 MEMATTR=0xbdf2f018 ACPI 2.0=0xbc3e0018 MOKvar=0xbfdb0000 MEMRESERVE=0xbc306698 
[    0.000000] secureboot: Secure boot disabled
[    0.000000] ACPI: Early table checksum verification disabled
[    0.000000] ACPI: RSDP 0x00000000BC3E0018 000024 (v02 BOCHS )
[    0.000000] ACPI: XSDT 0x00000000BC3EFE98 000064 (v01 BOCHS  BXPC     00000001      01000013)
[    0.000000] ACPI: FACP 0x00000000BC3EFA98 000114 (v06 BOCHS  BXPC     00000001 BXPC 00000001)
[    0.000000] ACPI: DSDT 0x00000000BC3E7518 001468 (v02 BOCHS  BXPC     00000001 BXPC 00000001)
[    0.000000] ACPI: APIC 0x00000000BC3EFC18 0000FC (v04 BOCHS  BXPC     00000001 BXPC 00000001)
[    0.000000] ACPI: PPTT 0x00000000BC3EFD98 000060 (v02 BOCHS  BXPC     00000001 BXPC 00000001)
[    0.000000] ACPI: GTDT 0x00000000BC3ED898 000060 (v02 BOCHS  BXPC     00000001 BXPC 00000001)
[    0.000000] ACPI: MCFG 0x00000000BC3EFF98 00003C (v01 BOCHS  BXPC     00000001 BXPC 00000001)
[    0.000000] ACPI: SPCR 0x00000000BC3EE818 000050 (v02 BOCHS  BXPC     00000001 BXPC 00000001)
[    0.000000] ACPI: DBG2 0x00000000BC3EE898 000057 (v00 BOCHS  BXPC     00000001 BXPC 00000001)
[    0.000000] ACPI: IORT 0x00000000BC3EE418 000080 (v03 BOCHS  BXPC     00000001 BXPC 00000001)
[    0.000000] ACPI: SPCR: console: pl011,mmio32,0x9000000,9600
[    0.000000] NUMA: Failed to initialise from firmware
[    0.000000] NUMA: Faking a node at [mem 0x0000000040000000-0x00000000bfffffff]
[    0.000000] NUMA: NODE_DATA [mem 0xbf81ff80-0xbf824fff]
[    0.000000] Zone ranges:
[    0.000000]   DMA      [mem 0x0000000040000000-0x00000000bfffffff]
[    0.000000]   DMA32    empty
[    0.000000]   Normal   empty
[    0.000000]   Device   empty
[    0.000000] Movable zone start for each node
[    0.000000] Early memory node ranges
[    0.000000]   node   0: [mem 0x0000000040000000-0x00000000bc3effff]
[    0.000000]   node   0: [mem 0x00000000bc3f0000-0x00000000bc72ffff]
[    0.000000]   node   0: [mem 0x00000000bc730000-0x00000000bfbfffff]
[    0.000000]   node   0: [mem 0x00000000bfc00000-0x00000000bffdffff]
[    0.000000]   node   0: [mem 0x00000000bffe0000-0x00000000bfffffff]
[    0.000000] Initmem setup node 0 [mem 0x0000000040000000-0x00000000bfffffff]
[    0.000000] cma: Reserved 32 MiB at 0x00000000b8000000
[    0.000000] psci: probing for conduit method from ACPI.
[    0.000000] psci: PSCIv1.1 detected in firmware.
[    0.000000] psci: Using standard PSCI v0.2 function IDs
[    0.000000] psci: Trusted OS migration not required
[    0.000000] psci: SMC Calling Convention v1.0
[    0.000000] ACPI: SRAT not present
[    0.000000] percpu: Embedded 31 pages/cpu s88792 r8192 d29992 u126976
[    0.000000] Detected PIPT I-cache on CPU0
[    0.000000] CPU features: detected: Address authentication (architected algorithm)
[    0.000000] CPU features: detected: Hardware dirty bit management
[    0.000000] CPU features: detected: Spectre-v4
[    0.000000] CPU features: detected: Spectre-BHB
[    0.000000] alternatives: patching kernel code
[    0.000000] Built 1 zonelists, mobility grouping on.  Total pages: 516096
[    0.000000] Policy zone: DMA
[    0.000000] Kernel command line: BOOT_IMAGE=/boot/vmlinuz-5.15.0-198-generic root=LABEL=cloudimg-rootfs ro console=tty1 console=ttyAMA0
[    0.000000] Dentry cache hash table entries: 262144 (order: 9, 2097152 bytes, linear)
[    0.000000] Inode-cache hash table entries: 131072 (order: 8, 1048576 bytes, linear)
[    0.000000] mem auto-init: stack:off, heap alloc:on, heap free:off
[    0.000000] Memory: 1937112K/2097152K available (17536K kernel code, 4602K rwdata, 14120K rodata, 9664K init, 1193K bss, 127272K reserved, 32768K cma-reserved)
[    0.000000] SLUB: HWalign=64, Order=0-3, MinObjects=0, CPUs=2, Nodes=1
[    0.000000] ftrace: allocating 54709 entries in 214 pages
[    0.000000] ftrace: allocated 214 pages with 5 groups
[    0.000000] trace event string verifier disabled
[    0.000000] rcu: Hierarchical RCU implementation.
[    0.000000] rcu: 	RCU restricting CPUs from NR_CPUS=256 to nr_cpu_ids=2.
[    0.000000] 	Rude variant of Tasks RCU enabled.
[    0.000000] 	Tracing variant of Tasks RCU enabled.
[    0.000000] rcu: RCU calculated value of scheduler-enlistment delay is 25 jiffies.
[    0.000000] rcu: Adjusting geometry for rcu_fanout_leaf=16, nr_cpu_ids=2
[    0.000000] NR_IRQS: 64, nr_irqs: 64, preallocated irqs: 0
[    0.000000] Root IRQ handler: gic_handle_irq
[    0.000000] GICv2m: ACPI overriding V2M MSI_TYPER (base:80, num:64)
[    0.000000] GICv2m: range[mem 0x08020000-0x08020fff], SPI[80:143]
[    0.000000] arch_timer: cp15 timer(s) running at 62.50MHz (virt).
[    0.000000] clocksource: arch_sys_counter: mask: 0x1ffffffffffffff max_cycles: 0x1cd42e208c, max_idle_ns: 881590405314 ns
[    0.000064] sched_clock: 57 bits at 62MHz, resolution 16ns, wraps every 4398046511096ns
[    0.001424] random: crng init done
[    0.012672] Console: colour dummy device 80x25
[    0.029643] printk: console [tty1] enabled
[    0.034001] ACPI: Core revision 20210730
[    0.040374] Calibrating delay loop (skipped), value calculated using timer frequency.. 125.00 BogoMIPS (lpj=250000)
[    0.041299] pid_max: default: 32768 minimum: 301
[    0.044156] LSM: Security Framework initializing
[    0.045735] landlock: Up and running.
[    0.045942] Yama: becoming mindful.
[    0.049589] AppArmor: AppArmor initialized
[    0.054462] Mount-cache hash table entries: 4096 (order: 3, 32768 bytes, linear)
[    0.054879] Mountpoint-cache hash table entries: 4096 (order: 3, 32768 bytes, linear)
[    0.115535] rcu: Hierarchical SRCU implementation.
[    0.136472] Remapping and enabling EFI services.
[    0.153274] smp: Bringing up secondary CPUs ...
[    0.169350] Detected PIPT I-cache on CPU1
[    0.174688] CPU1: Booted secondary processor 0x0000000001 [0x000f0510]
[    0.179474] smp: Brought up 1 node, 2 CPUs
[    0.180084] SMP: Total of 2 processors activated.
[    0.180377] CPU features: detected: Branch Target Identification
[    0.180679] CPU features: detected: 32-bit EL0 Support
[    0.180890] CPU features: detected: 32-bit EL1 Support
[    0.181099] CPU features: detected: ARMv8.4 Translation Table Level
[    0.181344] CPU features: detected: Data cache clean to the PoU not required for I/D coherence
[    0.181689] CPU features: detected: Common not Private translations
[    0.181922] CPU features: detected: CRC32 instructions
[    0.182132] CPU features: detected: Data cache clean to Point of Deep Persistence
[    0.182410] CPU features: detected: Data cache clean to Point of Persistence
[    0.182658] CPU features: detected: E0PD
[    0.182842] CPU features: detected: Enhanced Privileged Access Never
[    0.183422] CPU features: detected: Generic authentication (architected algorithm)
[    0.183713] CPU features: detected: RCpc load-acquire (LDAPR)
[    0.183934] CPU features: detected: LSE atomic instructions
[    0.184152] CPU features: detected: Privileged Access Never
[    0.184369] CPU features: detected: RAS Extension Support
[    0.184591] CPU features: detected: Random Number Generator
[    0.184810] CPU features: detected: Speculation barrier (SB)
[    0.185028] CPU features: detected: Stage-2 Force Write-Back
[    0.185247] CPU features: detected: TLB range maintenance instructions
[    0.185549] CPU features: detected: Speculative Store Bypassing Safe (SSBS)
[    0.185801] CPU features: detected: Scalable Vector Extension
[    0.450068] SVE: maximum available vector length 256 bytes per vector
[    0.453577] SVE: default vector length 64 bytes per vector
[    0.723340] CPU: All CPU(s) started at EL1
[    0.800979] devtmpfs: initialized
[    0.847831] KASLR enabled
[    0.852598] clocksource: jiffies: mask: 0xffffffff max_cycles: 0xffffffff, max_idle_ns: 7645041785100000 ns
[    0.853908] futex hash table entries: 512 (order: 3, 32768 bytes, linear)
[    0.877575] pinctrl core: initialized pinctrl subsystem
[    0.898316] SMBIOS 3.0.0 present.
[    0.898916] DMI: QEMU QEMU Virtual Machine, BIOS 2024.02-2ubuntu0.10 09/23/2026
[    0.913178] NET: Registered PF_NETLINK/PF_ROUTE protocol family
[    0.968559] DMA: preallocated 256 KiB GFP_KERNEL pool for atomic allocations
[    0.971469] DMA: preallocated 256 KiB GFP_KERNEL|GFP_DMA pool for atomic allocations
[    0.974460] DMA: preallocated 256 KiB GFP_KERNEL|GFP_DMA32 pool for atomic allocations
[    0.975695] audit: initializing netlink subsys (disabled)
[    0.980151] audit: type=2000 audit(0.904:1): state=initialized audit_enabled=0 res=1
[    1.000675] thermal_sys: Registered thermal governor 'fair_share'
[    1.000830] thermal_sys: Registered thermal governor 'bang_bang'
[    1.001136] thermal_sys: Registered thermal governor 'step_wise'
[    1.001372] thermal_sys: Registered thermal governor 'user_space'
[    1.001624] thermal_sys: Registered thermal governor 'power_allocator'
[    1.003688] cpuidle: using governor ladder
[    1.004484] cpuidle: using governor menu
[    1.008076] hw-breakpoint: found 6 breakpoint and 4 watchpoint registers.
[    1.009661] ASID allocator initialised with 65536 entries
[    1.019315] ACPI: bus type PCI registered
[    1.019717] acpiphp: ACPI Hot Plug PCI Controller Driver version: 0.5
[    1.025896] Serial: AMBA PL011 UART driver
[    1.205337] HugeTLB registered 1.00 GiB page size, pre-allocated 0 pages
[    1.205715] HugeTLB registered 32.0 MiB page size, pre-allocated 0 pages
[    1.205978] HugeTLB registered 2.00 MiB page size, pre-allocated 0 pages
[    1.206241] HugeTLB registered 64.0 KiB page size, pre-allocated 0 pages
[    1.341475] fbcon: Taking over console
[    1.343960] ACPI: Added _OSI(Module Device)
[    1.344226] ACPI: Added _OSI(Processor Device)
[    1.344445] ACPI: Added _OSI(Processor Aggregator Device)
[    1.344761] ACPI: Added _OSI(Linux-Dell-Video)
[    1.344984] ACPI: Added _OSI(Linux-Lenovo-NV-HDMI-Audio)
[    1.345310] ACPI: Added _OSI(Linux-HPI-Hybrid-Graphics)
[    1.459370] ACPI: 1 ACPI AML tables successfully acquired and loaded
[    1.495460] ACPI: Interpreter enabled
[    1.495732] ACPI: Using GIC for interrupt routing
[    1.496999] ACPI: MCFG table detected, 1 entries
[    1.730873] ARMH0011:00: ttyAMA0 at MMIO 0x9000000 (irq = 12, base_baud = 0) is a SBSA
[    1.772290] printk: console [ttyAMA0] enabled
[    1.911477] ACPI: PCI Root Bridge [PCI0] (domain 0000 [bus 00-ff])
[    1.914507] acpi PNP0A08:00: _OSC: OS supports [ExtendedConfig ASPM ClockPM Segments MSI EDR HPX-Type3]
[    1.931227] acpi PNP0A08:00: _OSC: platform does not support [LTR DPC]
[    1.944045] acpi PNP0A08:00: _OSC: OS now controls [PCIeHotplug SHPCHotplug PME AER PCIeCapability]
[    1.964620] acpi PNP0A08:00: ECAM area [mem 0x4010000000-0x401fffffff] reserved by PNP0C02:00
[    1.965976] acpi PNP0A08:00: ECAM at [mem 0x4010000000-0x401fffffff] for [bus 00-ff]
[    1.968023] ACPI: Remapped I/O 0x000000003eff0000 to [io  0x0000-0xffff window]
[    1.976586] PCI host bridge to bus 0000:00
[    1.977174] pci_bus 0000:00: root bus resource [mem 0x10000000-0x3efeffff window]
[    1.977852] pci_bus 0000:00: root bus resource [io  0x0000-0xffff window]
[    1.978428] pci_bus 0000:00: root bus resource [mem 0x8000000000-0xffffffffff window]
[    1.979214] pci_bus 0000:00: root bus resource [bus 00-ff]
[    1.983713] pci 0000:00:00.0: [1b36:0008] type 00 class 0x060000
[    1.991455] pci 0000:00:01.0: [1af4:1000] type 00 class 0x020000
[    1.993437] pci 0000:00:01.0: reg 0x10: [io  0x0180-0x019f]
[    1.994038] pci 0000:00:01.0: reg 0x14: [mem 0x10083000-0x10083fff]
[    1.994624] pci 0000:00:01.0: reg 0x20: [mem 0x8000000000-0x8000003fff 64bit pref]
[    1.995374] pci 0000:00:01.0: reg 0x30: [mem 0xfff80000-0xffffffff pref]
[    2.000170] pci 0000:00:02.0: [1af4:1001] type 00 class 0x010000
[    2.001510] pci 0000:00:02.0: reg 0x10: [io  0x0100-0x017f]
[    2.002081] pci 0000:00:02.0: reg 0x14: [mem 0x10082000-0x10082fff]
[    2.002643] pci 0000:00:02.0: reg 0x20: [mem 0x8000004000-0x8000007fff 64bit pref]
[    2.007209] pci 0000:00:03.0: [1af4:1001] type 00 class 0x010000
[    2.008325] pci 0000:00:03.0: reg 0x10: [io  0x0080-0x00ff]
[    2.008903] pci 0000:00:03.0: reg 0x14: [mem 0x10081000-0x10081fff]
[    2.009634] pci 0000:00:03.0: reg 0x20: [mem 0x8000008000-0x800000bfff 64bit pref]
[    2.014151] pci 0000:00:04.0: [1af4:1001] type 00 class 0x010000
[    2.015262] pci 0000:00:04.0: reg 0x10: [io  0x0000-0x007f]
[    2.015838] pci 0000:00:04.0: reg 0x14: [mem 0x10080000-0x10080fff]
[    2.016392] pci 0000:00:04.0: reg 0x20: [mem 0x800000c000-0x800000ffff 64bit pref]
[    2.022571] pci 0000:00:01.0: BAR 6: assigned [mem 0x10000000-0x1007ffff pref]
[    2.023505] pci 0000:00:01.0: BAR 4: assigned [mem 0x8000000000-0x8000003fff 64bit pref]
[    2.024324] pci 0000:00:02.0: BAR 4: assigned [mem 0x8000004000-0x8000007fff 64bit pref]
[    2.025104] pci 0000:00:03.0: BAR 4: assigned [mem 0x8000008000-0x800000bfff 64bit pref]
[    2.025848] pci 0000:00:04.0: BAR 4: assigned [mem 0x800000c000-0x800000ffff 64bit pref]
[    2.026780] pci 0000:00:01.0: BAR 1: assigned [mem 0x10080000-0x10080fff]
[    2.027422] pci 0000:00:02.0: BAR 1: assigned [mem 0x10081000-0x10081fff]
[    2.028015] pci 0000:00:03.0: BAR 1: assigned [mem 0x10082000-0x10082fff]
[    2.028596] pci 0000:00:04.0: BAR 1: assigned [mem 0x10083000-0x10083fff]
[    2.029248] pci 0000:00:02.0: BAR 0: assigned [io  0x1000-0x107f]
[    2.030151] pci 0000:00:03.0: BAR 0: assigned [io  0x1080-0x10ff]
[    2.031244] pci 0000:00:04.0: BAR 0: assigned [io  0x1100-0x117f]
[    2.032128] pci 0000:00:01.0: BAR 0: assigned [io  0x1180-0x119f]
[    2.033278] pci_bus 0000:00: resource 4 [mem 0x10000000-0x3efeffff window]
[    2.033934] pci_bus 0000:00: resource 5 [io  0x0000-0xffff window]
[    2.034461] pci_bus 0000:00: resource 6 [mem 0x8000000000-0xffffffffff window]
[    2.037885] ACPI: PCI: Interrupt link GSI0 configured for IRQ 35
[    2.039074] ACPI: PCI: Interrupt link GSI1 configured for IRQ 36
[    2.040301] ACPI: PCI: Interrupt link GSI2 configured for IRQ 37
[    2.041369] ACPI: PCI: Interrupt link GSI3 configured for IRQ 38
[    2.061659] iommu: Default domain type: Translated 
[    2.062523] iommu: DMA domain TLB invalidation policy: strict mode 
[    2.082600] SCSI subsystem initialized
[    2.089028] vgaarb: loaded
[    2.091726] ACPI: bus type USB registered
[    2.093706] usbcore: registered new interface driver usbfs
[    2.094966] usbcore: registered new interface driver hub
[    2.095986] usbcore: registered new device driver usb
[    2.099491] pps_core: LinuxPPS API ver. 1 registered
[    2.100010] pps_core: Software ver. 5.3.6 - Copyright 2005-2007 Rodolfo Giometti <giometti@linux.it>
[    2.101027] PTP clock support registered
[    2.104676] EDAC MC: Ver: 3.0.0
[    2.116926] Registered efivars operations
[    2.147892] NetLabel: Initializing
[    2.148325] NetLabel:  domain hash size = 128
[    2.148713] NetLabel:  protocols = UNLABELED CIPSOv4 CALIPSO
[    2.151302] NetLabel:  unlabeled traffic allowed by default
[    2.162948] clocksource: Switched to clocksource arch_sys_counter
[    3.270100] VFS: Disk quotas dquot_6.6.0
[    3.271502] VFS: Dquot-cache hash table entries: 512 (order 0, 4096 bytes)
[    3.285487] AppArmor: AppArmor Filesystem Enabled
[    3.287531] pnp: PnP ACPI init
[    3.297144] system 00:00: [mem 0x4010000000-0x401fffffff window] could not be reserved
[    3.298980] pnp: PnP ACPI: found 1 devices
[    3.466076] NET: Registered PF_INET protocol family
[    3.468862] IP idents hash table entries: 32768 (order: 6, 262144 bytes, linear)
[    3.480392] tcp_listen_portaddr_hash hash table entries: 1024 (order: 2, 16384 bytes, linear)
[    3.481580] Table-perturb hash table entries: 65536 (order: 6, 262144 bytes, linear)
[    3.482749] TCP established hash table entries: 16384 (order: 5, 131072 bytes, linear)
[    3.484013] TCP bind hash table entries: 16384 (order: 6, 262144 bytes, linear)
[    3.484847] TCP: Hash tables configured (established 16384 bind 16384)
[    3.488720] MPTCP token hash table entries: 2048 (order: 4, 49152 bytes, linear)
[    3.489934] UDP hash table entries: 1024 (order: 3, 32768 bytes, linear)
[    3.491032] UDP-Lite hash table entries: 1024 (order: 3, 32768 bytes, linear)
[    3.494104] NET: Registered PF_UNIX/PF_LOCAL protocol family
[    3.495441] NET: Registered PF_XDP protocol family
[    3.496227] PCI: CLS 0 bytes, default 64
[    3.503451] hw perfevents: enabled with armv8_pmuv3_0 PMU driver, 7 counters available
[    3.504900] kvm [1]: HYP mode not available
[    3.505431] Trying to unpack rootfs image as initramfs...
[    3.524215] Initialise system trusted keyrings
[    3.526376] Key type blacklist registered
[    3.529488] workingset: timestamp_bits=40 max_order=19 bucket_order=0
[    3.683366] zbud: loaded
[    3.712534] squashfs: version 4.0 (2009/01/31) Phillip Lougher
[    3.727937] fuse: init (API version 7.34)
[    3.741159] integrity: Platform Keyring initialized
[    3.795458] Key type asymmetric registered
[    3.796015] Asymmetric key parser 'x509' registered
[    3.797442] Block layer SCSI generic (bsg) driver version 0.4 loaded (major 242)
[    3.801491] io scheduler mq-deadline registered
[    3.857666] shpchp: Standard Hot Plug PCI Controller Driver version: 0.4
[    3.897813] input: Power Button as /devices/LNXSYSTM:00/LNXSYBUS:00/PNP0C0C:00/input/input0
[    3.901143] ACPI: button: Power Button [PWRB]
[    4.129385] ACPI: \_SB_.PCI0.GSI1: Enabled at IRQ 36
[    4.131127] virtio-pci 0000:00:01.0: enabling device (0005 -> 0007)
[    4.155066] ACPI: \_SB_.PCI0.GSI2: Enabled at IRQ 37
[    4.155852] virtio-pci 0000:00:02.0: enabling device (0005 -> 0007)
[    4.178222] ACPI: \_SB_.PCI0.GSI3: Enabled at IRQ 38
[    4.179291] virtio-pci 0000:00:03.0: enabling device (0005 -> 0007)
[    4.201654] ACPI: \_SB_.PCI0.GSI0: Enabled at IRQ 35
[    4.202670] virtio-pci 0000:00:04.0: enabling device (0005 -> 0007)
[    4.214257] Serial: 8250/16550 driver, 32 ports, IRQ sharing enabled
[    4.378209] SuperH (H)SCI(F) driver initialized
[    4.382957] msm_serial: driver initialized
[    4.533001] loop: module loaded
[    4.541796] SPI driver altr_a10sr has no spi_device_id for altr,a10sr
[    4.569501] tun: Universal TUN/TAP device driver, 1.6
[    4.578850] PPP generic driver version 2.4.2
[    4.583167] ehci_hcd: USB 2.0 'Enhanced' Host Controller (EHCI) Driver
[    4.584041] ehci-pci: EHCI PCI platform driver
[    4.585135] ehci-orion: EHCI orion driver
[    4.586175] ohci_hcd: USB 1.1 'Open' Host Controller (OHCI) Driver
[    4.587174] ohci-pci: OHCI PCI platform driver
[    4.588201] uhci_hcd: USB Universal Host Controller Interface driver
[    4.594155] mousedev: PS/2 mouse device common for all mice
[    4.607115] rtc-efi rtc-efi.0: registered as rtc0
[    4.608737] rtc-efi rtc-efi.0: setting system clock to 2026-10-10T06:46:00 UTC (1791614760)
[    4.613451] i2c_dev: i2c /dev entries driver
[    4.625338] device-mapper: core: CONFIG_IMA_DISABLE_HTABLE is disabled. Duplicate IMA measurements will not be recorded in the IMA log.
[    4.628240] device-mapper: uevent: version 1.0.3
[    4.633103] device-mapper: ioctl: 4.45.0-ioctl (2021-03-22) initialised: dm-devel@redhat.com
[    4.647975] ledtrig-cpu: registered to indicate activity on CPUs
[    4.672214] drop_monitor: Initializing network drop monitor service
[    4.685310] NET: Registered PF_INET6 protocol family
[    7.706871] Freeing initrd memory: 32348K
[    8.223426] Segment Routing with IPv6
[    8.229098] In-situ OAM (IOAM) with IPv6
[    8.232865] NET: Registered PF_PACKET protocol family
[    8.238047] Key type dns_resolver registered
[    8.252711] registered taskstats version 1
[    8.258104] Loading compiled-in X.509 certificates
[    8.284469] Loaded X.509 cert 'Build time autogenerated kernel key: 7a0f5d5a6e2e4a0c17ddb76690cc118abd723d75'
[    8.297476] Loaded X.509 cert 'Canonical Ltd. Live Patch Signing 2025 Kmod: d541cef61dc7e793b7eb7e899970a2eef0b5dc8c'
[    8.307539] Loaded X.509 cert 'Canonical Ltd. Live Patch Signing: 14df34d1a87cf37625abec039ef2bf521249b969'
[    8.317292] Loaded X.509 cert 'Canonical Ltd. Kernel Module Signing 2025 Kmod: 4627603d2357a2a3f81006370894c221175893e9'
[    8.327438] Loaded X.509 cert 'Canonical Ltd. Kernel Module Signing: 88f752e560a1e0737e31163a466ad7b70a850c19'
[    8.328312] blacklist: Loading compiled-in revocation X.509 certificates
[    8.330703] Loaded X.509 cert 'Canonical Ltd. Secure Boot Signing: 61482aa2830d0ab2ad5af10b7250da9033ddcef0'
[    8.332212] Loaded X.509 cert 'Canonical Ltd. Secure Boot Signing (2017): 242ade75ac4a15e50d50c84b0d45ff3eae707a03'
[    8.333850] Loaded X.509 cert 'Canonical Ltd. Secure Boot Signing (ESM 2018): 365188c1d374d6b07c3c8f240f8ef722433d6a8b'
[    8.335545] Loaded X.509 cert 'Canonical Ltd. Secure Boot Signing (2019): c0746fd6c5da3ae827864651ad66ae47fe24b3e8'
[    8.336912] Loaded X.509 cert 'Canonical Ltd. Secure Boot Signing (2021 v1): a8d54bbb3825cfb94fa13c9f8a594a195c107b8d'
[    8.338567] Loaded X.509 cert 'Canonical Ltd. Secure Boot Signing (2021 v2): 4cf046892d6fd3c9a5b03f98d845f90851dc6a8c'
[    8.340100] Loaded X.509 cert 'Canonical Ltd. Secure Boot Signing (2021 v3): 100437bb6de6e469b581e61cd66bce3ef4ed53af'
[    8.341494] Loaded X.509 cert 'Canonical Ltd. Secure Boot Signing (Ubuntu Core 2019): c1d57b8f6b743f23ee41f4f7ee292f06eecadfb9'
[    8.348284] zswap: loaded using pool lzo/zbud
[    8.363019] Key type .fscrypt registered
[    8.363582] Key type fscrypt-provisioning registered
[    9.096178] cryptd: max_cpu_qlen set to 1000
[    9.432086] Key type encrypted registered
[    9.432746] AppArmor: AppArmor sha1 policy hashing enabled
[    9.437905] integrity: Loading X.509 certificate: UEFI:MokListRT (MOKvar table)
[    9.448459] integrity: Loaded X.509 cert 'Canonical Ltd. Master Certificate Authority: ad91990bc22ab1f517048c23b6655a268e345a63'
[    9.449800] ima: No TPM chip found, activating TPM-bypass!
[    9.450908] Loading compiled-in module X.509 certificates
[    9.460444] Loaded X.509 cert 'Build time autogenerated kernel key: 7a0f5d5a6e2e4a0c17ddb76690cc118abd723d75'
[    9.461372] ima: Allocated hash algorithm: sha1
[    9.464056] ima: No architecture policies found
[    9.465664] evm: Initialising EVM extended attributes:
[    9.466133] evm: security.selinux
[    9.466736] evm: security.SMACK64
[    9.467082] evm: security.SMACK64EXEC
[    9.467419] evm: security.SMACK64TRANSMUTE
[    9.467762] evm: security.SMACK64MMAP
[    9.468075] evm: security.apparmor
[    9.468370] evm: security.ima
[    9.468660] evm: security.capability
[    9.468983] evm: HMAC attrs: 0x1
[    9.493974] clk: Disabling unused clocks
[    9.667184] Freeing unused kernel memory: 9664K
[   10.664885] Checked W+X mappings: passed, no W+X pages found
[   10.667262] Run /init as init process
Loading, please wait...
Starting version 249.11-0ubuntu3.22
[   18.463231] virtio_blk virtio1: [vda] 17195008 512-byte logical blocks (8.80 GB/8.20 GiB)
[   18.580998] GPT:Primary header thinks Alt. header is not at the end of the disk.
[   18.581722] GPT:4612095 != 17195007
[   18.582064] GPT:Alternate GPT header not at the end of the disk.
[   18.582920] GPT:4612095 != 17195007
[   18.583296] GPT: Use GNU Parted to correct GPT errors.
[   18.584160]  vda: vda1 vda15
[   18.671570] virtio_blk virtio2: [vdb] 732 512-byte logical blocks (375 kB/366 KiB)
[   18.778830] virtio_blk virtio3: [vdc] 1048576 512-byte logical blocks (537 MB/512 MiB)
[   18.843750]  vdc:
[   21.040470] virtio_net virtio0 enp0s1: renamed from eth0
Begin: Loading essential drivers ... [   25.918621] raid6: neonx8   gen()  1357 MB/s
[   25.986622] raid6: neonx8   xor()   592 MB/s
[   26.054589] raid6: neonx4   gen()  1437 MB/s
[   26.122561] raid6: neonx4   xor()   579 MB/s
[   26.190572] raid6: neonx2   gen()  1313 MB/s
[   26.258538] raid6: neonx2   xor()   578 MB/s
[   26.326566] raid6: neonx1   gen()  1148 MB/s
[   26.394552] raid6: neonx1   xor()   525 MB/s
[   26.462553] raid6: int64x8  gen()  1008 MB/s
[   26.530568] raid6: int64x8  xor()   988 MB/s
[   26.598632] raid6: int64x4  gen()  1805 MB/s
[   26.666545] raid6: int64x4  xor()  1190 MB/s
[   26.734588] raid6: int64x2  gen()  1699 MB/s
[   26.802578] raid6: int64x2  xor()   970 MB/s
[   26.870570] raid6: int64x1  gen()  1286 MB/s
[   26.938737] raid6: int64x1  xor()   687 MB/s
[   26.939282] raid6: using algorithm int64x4 gen() 1805 MB/s
[   26.939780] raid6: .... xor() 1190 MB/s, rmw enabled
[   26.940286] raid6: using neon recovery algorithm
[   26.982096] xor: measuring software checksum speed
[   26.984961]    8regs           :  1708 MB/sec
[   26.987482]    32regs          :  1658 MB/sec
[   26.996589]    arm64_neon      :   380 MB/sec
[   26.997106] xor: using function: 8regs (1708 MB/sec)
[   27.017517] async_tx: api initialized (async)
done.
Begin: Running /scripts/init-premount ... done.
Begin: Mounting root file system ... Begin: Running /scripts/local-top ... done.
Begin: Running /scripts/local-premount ... [   29.472829] Btrfs loaded, crc32c=crc32c-generic, zoned=yes, fsverity=yes
Scanning for Btrfs filesystems
done.
Warning: fsck not present, so skipping root file system
[   30.795903] EXT4-fs (vda1): mounted filesystem with ordered data mode. Opts: (null). Quota mode: none.
done.
Begin: Running /scripts/local-bottom ... done.
Begin: Running /scripts/init-bottom ... done.
[   35.521373] systemd[1]: Inserted module 'autofs4'
[   35.944624] systemd[1]: systemd 249.11-0ubuntu3.22 running in system mode (+PAM +AUDIT +SELINUX +APPARMOR +IMA +SMACK +SECCOMP +GCRYPT +GNUTLS +OPENSSL +ACL +BLKID +CURL +ELFUTILS +FIDO2 +IDN2 -IDN +IPTC +KMOD +LIBCRYPTSETUP +LIBFDISK +PCRE2 -PWQUALITY -P11KIT -QRENCODE +BZIP2 +LZ4 +XZ +ZLIB +ZSTD -XKBCOMMON +UTMP +SYSVINIT default-hierarchy=unified)
[   35.951546] systemd[1]: Detected virtualization qemu.
[   35.952344] systemd[1]: Detected architecture arm64.

Welcome to [1mUbuntu 22.04.5 LTS[0m!

[   35.980121] systemd[1]: Hostname set to <ubuntu>.
[   36.011444] systemd[1]: Initializing machine ID from random generator.
[   36.015149] systemd[1]: Installed transient /etc/machine-id file.
[   44.951628] systemd[1]: Configuration file /run/systemd/system/netplan-ovs-cleanup.service is marked world-inaccessible. This has no effect as configuration data is accessible via APIs without restrictions. Proceeding anyway.
[   45.341146] systemd[1]: /lib/systemd/system/snapd.service:23: Unknown key name 'RestartMode' in section 'Service', ignoring.
[   46.509004] systemd[1]: Queued start job for default target Graphical Interface.
[   46.577928] systemd[1]: Created slice Slice /system/modprobe.
[[0;32m  OK  [0m] Created slice [0;1;39mSlice /system/modprobe[0m.
[   46.603150] systemd[1]: Created slice Slice /system/serial-getty.
[[0;32m  OK  [0m] Created slice [0;1;39mSlice /system/serial-getty[0m.
[   46.633766] systemd[1]: Created slice Slice /system/systemd-fsck.
[[0;32m  OK  [0m] Created slice [0;1;39mSlice /system/systemd-fsck[0m.
[   46.654085] systemd[1]: Created slice User and Session Slice.
[[0;32m  OK  [0m] Created slice [0;1;39mUser and Session Slice[0m.
[   46.664482] systemd[1]: Started Forward Password Requests to Wall Directory Watch.
[[0;32m  OK  [0m] Started [0;1;39mForward Password R…uests to Wall Directory Watch[0m.
[   46.681699] systemd[1]: Set up automount Arbitrary Executable File Formats File System Automount Point.
[[0;32m  OK  [0m] Set up automount [0;1;39mArbitrary…s File System Automount Point[0m.
[   46.687749] systemd[1]: Reached target Slice Units.
[[0;32m  OK  [0m] Reached target [0;1;39mSlice Units[0m.
[   46.691297] systemd[1]: Reached target Mounting snaps.
[[0;32m  OK  [0m] Reached target [0;1;39mMounting snaps[0m.
[   46.694877] systemd[1]: Reached target Swaps.
[[0;32m  OK  [0m] Reached target [0;1;39mSwaps[0m.
[   46.697788] systemd[1]: Reached target Local Verity Protected Volumes.
[[0;32m  OK  [0m] Reached target [0;1;39mLocal Verity Protected Volumes[0m.
[   46.706740] systemd[1]: Listening on Device-mapper event daemon FIFOs.
[[0;32m  OK  [0m] Listening on [0;1;39mDevice-mapper event daemon FIFOs[0m.
[   46.717354] systemd[1]: Listening on LVM2 poll daemon socket.
[[0;32m  OK  [0m] Listening on [0;1;39mLVM2 poll daemon socket[0m.
[   46.727378] systemd[1]: Listening on multipathd control socket.
[[0;32m  OK  [0m] Listening on [0;1;39mmultipathd control socket[0m.
[   46.737326] systemd[1]: Listening on Syslog Socket.
[[0;32m  OK  [0m] Listening on [0;1;39mSyslog Socket[0m.
[   46.746938] systemd[1]: Listening on fsck to fsckd communication Socket.
[[0;32m  OK  [0m] Listening on [0;1;39mfsck to fsckd communication Socket[0m.
[   46.753148] systemd[1]: Listening on initctl Compatibility Named Pipe.
[[0;32m  OK  [0m] Listening on [0;1;39minitctl Compatibility Named Pipe[0m.
[   46.769041] systemd[1]: Listening on Journal Audit Socket.
[[0;32m  OK  [0m] Listening on [0;1;39mJournal Audit Socket[0m.
[   46.779555] systemd[1]: Listening on Journal Socket (/dev/log).
[[0;32m  OK  [0m] Listening on [0;1;39mJournal Socket (/dev/log)[0m.
[   46.791321] systemd[1]: Listening on Journal Socket.
[[0;32m  OK  [0m] Listening on [0;1;39mJournal Socket[0m.
[   46.801883] systemd[1]: Listening on Network Service Netlink Socket.
[[0;32m  OK  [0m] Listening on [0;1;39mNetwork Service Netlink Socket[0m.
[   46.815014] systemd[1]: Listening on udev Control Socket.
[[0;32m  OK  [0m] Listening on [0;1;39mudev Control Socket[0m.
[   46.824692] systemd[1]: Listening on udev Kernel Socket.
[[0;32m  OK  [0m] Listening on [0;1;39mudev Kernel Socket[0m.
[   46.881565] systemd[1]: Mounting Huge Pages File System...
         Mounting [0;1;39mHuge Pages File System[0m...
[   47.955048] systemd[1]: Mounting POSIX Message Queue File System...
         Mounting [0;1;39mPOSIX Message Queue File System[0m...
[   48.192259] systemd[1]: Mounting Kernel Debug File System...
         Mounting [0;1;39mKernel Debug File System[0m...
[   48.337559] systemd[1]: Mounting Kernel Trace File System...
         Mounting [0;1;39mKernel Trace File System[0m...
[   48.534086] systemd[1]: Starting Journal Service...
         Starting [0;1;39mJournal Service[0m...
[   48.593036] systemd[1]: Starting Set the console keyboard layout...
         Starting [0;1;39mSet the console keyboard layout[0m...
[   49.332868] systemd[1]: Starting Create List of Static Device Nodes...
         Starting [0;1;39mCreate List of Static Device Nodes[0m...
[   50.571618] systemd[1]: Starting Monitoring of LVM2 mirrors, snapshots etc. using dmeventd or progress polling...
         Starting [0;1;39mMonitoring of LVM…meventd or progress polling[0m...
[   50.593109] systemd[1]: Condition check resulted in LXD - agent being skipped.
[   51.359236] systemd[1]: Starting Load Kernel Module configfs...
         Starting [0;1;39mLoad Kernel Module configfs[0m...
[   52.635218] systemd[1]: Starting Load Kernel Module drm...
         Starting [0;1;39mLoad Kernel Module drm[0m...
[   53.065257] systemd[1]: Starting Load Kernel Module efi_pstore...
         Starting [0;1;39mLoad Kernel Module efi_pstore[0m...
[   53.649927] systemd[1]: Starting Load Kernel Module fuse...
         Starting [0;1;39mLoad Kernel Module fuse[0m...
[   53.847846] systemd[1]: Condition check resulted in OpenVSwitch configuration for cleanup being skipped.
[   54.289143] systemd[1]: Starting File System Check on Root Device...
         Starting [0;1;39mFile System Check on Root Device[0m...
[   54.614083] systemd[1]: Starting Load Kernel Modules...
         Starting [0;1;39mLoad Kernel Modules[0m...
[   54.717125] pstore: Using crash dump compression: deflate
[   54.718373] pstore: Registered efi as persistent store backend
[   54.845913] systemd[1]: Starting Coldplug All udev Devices...
         Starting [0;1;39mColdplug All udev Devices[0m...
[   55.188472] systemd[1]: Started Journal Service.
[[0;32m  OK  [0m] Started [0;1;39mJournal Service[0m.
[[0;32m  OK  [0m] Mounted [0;1;39mHuge Pages File System[0m.
[[0;32m  OK  [0m] Mounted [0;1;39mPOSIX Message Queue File System[0m.
[[0;32m  OK  [0m] Mounted [0;1;39mKernel Debug File System[0m.
[[0;32m  OK  [0m] Mounted [0;1;39mKernel Trace File System[0m.
[[0;32m  OK  [0m] Finished [0;1;39mCreate List of Static Device Nodes[0m.
[[0;32m  OK  [0m] Finished [0;1;39mMonitoring of LVM… dmeventd or progress polling[0m.
[[0;32m  OK  [0m] Finished [0;1;39mLoad Kernel Module configfs[0m.
[[0;32m  OK  [0m] Finished [0;1;39mLoad Kernel Module drm[0m.
[[0;32m  OK  [0m] Finished [0;1;39mLoad Kernel Module efi_pstore[0m.
[[0;32m  OK  [0m] Finished [0;1;39mLoad Kernel Module fuse[0m.
[[0;32m  OK  [0m] Finished [0;1;39mLoad Kernel Modules[0m.
         Mounting [0;1;39mFUSE Control File System[0m...
         Mounting [0;1;39mKernel Configuration File System[0m...
[[0;32m  OK  [0m] Started [0;1;39mFile System Check Daemon to report status[0m.
         Starting [0;1;39mApply Kernel Variables[0m...
[[0;32m  OK  [0m] Finished [0;1;39mSet the console keyboard layout[0m.
[[0;32m  OK  [0m] Finished [0;1;39mFile System Check on Root Device[0m.
[[0;32m  OK  [0m] Mounted [0;1;39mFUSE Control File System[0m.
[[0;32m  OK  [0m] Mounted [0;1;39mKernel Configuration File System[0m.
         Starting [0;1;39mRemount Root and Kernel File Systems[0m...
[[0;32m  OK  [0m] Finished [0;1;39mApply Kernel Variables[0m.
[[0;32m  OK  [0m] Finished [0;1;39mRemount Root and Kernel File Systems[0m.
         Starting [0;1;39mDevice-Mapper Multipath Device Controller[0m...
         Starting [0;1;39mFlush Journal to Persistent Storage[0m...
         Starting [0;1;39mLoad/Save Random Seed[0m...
         Starting [0;1;39mCreate System Users[0m...
[[0;32m  OK  [0m] Finished [0;1;39mLoad/Save Random Seed[0m.
[[0;32m  OK  [0m] Finished [0;1;39mCreate System Users[0m.
[[0;32m  OK  [0m] Finished [0;1;39mFlush Journal to Persistent Storage[0m.
         Starting [0;1;39mCreate Static Device Nodes in /dev[0m...
[[0;32m  OK  [0m] Finished [0;1;39mCreate Static Device Nodes in /dev[0m.
         Starting [0;1;39mRule-based Manage…for Device Events and Files[0m...
[[0;32m  OK  [0m] Started [0;1;39mDevice-Mapper Multipath Device Controller[0m.
[[0;32m  OK  [0m] Reached target [0;1;39mPreparation for Local File Systems[0m.
         Mounting [0;1;39mMount unit for core22, revision 2956[0m...
         Mounting [0;1;39mMount unit for lxd, revision 40912[0m...
         Mounting [0;1;39mMount unit for snapd, revision 28255[0m...
[[0;32m  OK  [0m] Started [0;1;39mRule-based Manager for Device Events and Files[0m.
[[0;32m  OK  [0m] Mounted [0;1;39mMount unit for core22, revision 2956[0m.
[[0;32m  OK  [0m] Mounted [0;1;39mMount unit for lxd, revision 40912[0m.
[[0;32m  OK  [0m] Mounted [0;1;39mMount unit for snapd, revision 28255[0m.
[[0;32m  OK  [0m] Reached target [0;1;39mMounted snaps[0m.
[[0;32m  OK  [0m] Finished [0;1;39mColdplug All udev Devices[0m.
[[0;32m  OK  [0m] Started [0;1;39mDispatch Password …ts to Console Directory Watch[0m.
[[0;32m  OK  [0m] Reached target [0;1;39mLocal Encrypted Volumes[0m.
[[0;32m  OK  [0m] Found device [0;1;39m/dev/ttyAMA0[0m.
[[0;32m  OK  [0m] Listening on [0;1;39mLoad/Save RF …itch Status /dev/rfkill Watch[0m.
[[0;32m  OK  [0m] Found device [0;1;39m/dev/disk/by-label/UEFI[0m.
         Starting [0;1;39mFile System Check on /dev/disk/by-label/UEFI[0m...
[[0;32m  OK  [0m] Started [0;1;39mFile System Check Daemon to report status[0m.
[[0;32m  OK  [0m] Finished [0;1;39mFile System Check on /dev/disk/by-label/UEFI[0m.
         Mounting [0;1;39m/boot/efi[0m...
[[0;32m  OK  [0m] Mounted [0;1;39m/boot/efi[0m.
[[0;32m  OK  [0m] Reached target [0;1;39mLocal File Systems[0m.
         Starting [0;1;39mLoad AppArmor profiles[0m...
         Starting [0;1;39mSet console font and keymap[0m...
         Starting [0;1;39mCreate final runt…dir for shutdown pivot root[0m...
         Starting [0;1;39mTell Plymouth To Write Out Runtime Data[0m...
         Starting [0;1;39mSet Up Additional Binary Formats[0m...
         Starting [0;1;39mCommit a transient machine-id on disk[0m...
         Starting [0;1;39mCreate Volatile Files and Directories[0m...
         Starting [0;1;39mUncomplicated firewall[0m...
[[0;32m  OK  [0m] Finished [0;1;39mSet console font and keymap[0m.
[[0;32m  OK  [0m] Finished [0;1;39mCreate final runt…e dir for shutdown pivot root[0m.
[[0;32m  OK  [0m] Finished [0;1;39mTell Plymouth To Write Out Runtime Data[0m.
[[0;32m  OK  [0m] Finished [0;1;39mUncomplicated firewall[0m.
[[0;32m  OK  [0m] Finished [0;1;39mCommit a transient machine-id on disk[0m.
         Mounting [0;1;39mArbitrary Executable File Formats File System[0m...
[[0;32m  OK  [0m] Mounted [0;1;39mArbitrary Executable File Formats File System[0m.
[[0;32m  OK  [0m] Finished [0;1;39mSet Up Additional Binary Formats[0m.
[[0;32m  OK  [0m] Finished [0;1;39mCreate Volatile Files and Directories[0m.
         Starting [0;1;39mNetwork Time Synchronization[0m...
         Starting [0;1;39mRecord System Boot/Shutdown in UTMP[0m...
[[0;32m  OK  [0m] Finished [0;1;39mRecord System Boot/Shutdown in UTMP[0m.
[[0;32m  OK  [0m] Started [0;1;39mNetwork Time Synchronization[0m.
[[0;32m  OK  [0m] Reached target [0;1;39mSystem Time Set[0m.
[[0;32m  OK  [0m] Finished [0;1;39mLoad AppArmor profiles[0m.
         Starting [0;1;39mLoad AppArmor pro…managed internally by snapd[0m...
         Starting [0;1;39mCloud-init: Local Stage (pre-network)[0m...
[  117.198295] cloud-init[541]: Cloud-init v. 26.1-0ubuntu1~22.04.1 running 'init-local' at Sat, 10 Oct 2026 06:47:52 +0000. Up 116.50 seconds.
[[0;32m  OK  [0m] Finished [0;1;39mCloud-init: Local Stage (pre-network)[0m.
[[0;32m  OK  [0m] Reached target [0;1;39mPreparation for Network[0m.
         Starting [0;1;39mNetwork Configuration[0m...
[  [0;31m*[0;1;31m*[0m[0;31m* [0m] (2 of 2) A start job is running for…lly by snapd (1min 25s / no limit)
M[K[[0;32m  OK  [0m] Started [0;1;39mNetwork Configuration[0m.
[K         Starting [0;1;39mWait for Network to be Configured[0m...
         Starting [0;1;39mNetwork Name Resolution[0m...
[[0;32m  OK  [0m] Finished [0;1;39mWait for Network to be Configured[0m.
         Starting [0;1;39mCloud-init: Network Stage[0m...
[[0;32m  OK  [0m] Started [0;1;39mNetwork Name Resolution[0m.
[[0;32m  OK  [0m] Reached target [0;1;39mNetwork[0m.
[[0;32m  OK  [0m] Reached target [0;1;39mHost and Network Name Lookups[0m.
[[0;32m  OK  [0m] Finished [0;1;39mLoad AppArmor pro…s managed internally by snapd[0m.
[  142.372671] cloud-init[582]: Cloud-init v. 26.1-0ubuntu1~22.04.1 running 'init' at Sat, 10 Oct 2026 06:48:17 +0000. Up 141.83 seconds.
[  142.787990] cloud-init[582]: ci-info: ++++++++++++++++++++++++++++++++++++++Net device info++++++++++++++++++++++++++++++++++++++
[  142.794148] cloud-init[582]: ci-info: +--------+------+----------------------------+---------------+--------+-------------------+
[  142.799544] cloud-init[582]: ci-info: | Device |  Up  |          Address           |      Mask     | Scope  |     Hw-Address    |
[  142.806059] cloud-init[582]: ci-info: +--------+------+----------------------------+---------------+--------+-------------------+
[  142.811118] cloud-init[582]: ci-info: | enp0s1 | True |         10.0.2.15          | 255.255.255.0 | global | 52:54:00:12:34:56 |
[  142.818297] cloud-init[582]: ci-info: | enp0s1 | True | fec0::5054:ff:fe12:3456/64 |       .       |  site  | 52:54:00:12:34:56 |
[  142.823440] cloud-init[582]: ci-info: | enp0s1 | True | fe80::5054:ff:fe12:3456/64 |       .       |  link  | 52:54:00:12:34:56 |
[  142.828937] cloud-init[582]: ci-info: |   lo   | True |         127.0.0.1          |   255.0.0.0   |  host  |         .         |
[  142.833563] cloud-init[582]: ci-info: |   lo   | True |          ::1/128           |       .       |  host  |         .         |
[  142.839058] cloud-init[582]: ci-info: +--------+------+----------------------------+---------------+--------+-------------------+
[  142.843677] cloud-init[582]: ci-info: ++++++++++++++++++++++++++++Route IPv4 info+++++++++++++++++++++++++++++
[  142.850804] cloud-init[582]: ci-info: +-------+-------------+----------+-----------------+-----------+-------+
[  142.856922] cloud-init[582]: ci-info: | Route | Destination | Gateway  |     Genmask     | Interface | Flags |
[  142.862335] cloud-init[582]: ci-info: +-------+-------------+----------+-----------------+-----------+-------+
[  142.867898] cloud-init[582]: ci-info: |   0   |   0.0.0.0   | 10.0.2.2 |     0.0.0.0     |   enp0s1  |   UG  |
[  142.873588] cloud-init[582]: ci-info: |   1   |   10.0.2.0  | 0.0.0.0  |  255.255.255.0  |   enp0s1  |   U   |
[  142.879611] cloud-init[582]: ci-info: |   2   |   10.0.2.2  | 0.0.0.0  | 255.255.255.255 |   enp0s1  |   UH  |
[  142.887295] cloud-init[582]: ci-info: |   3   |   10.0.2.3  | 0.0.0.0  | 255.255.255.255 |   enp0s1  |   UH  |
[  142.893785] cloud-init[582]: ci-info: +-------+-------------+----------+-----------------+-----------+-------+
[  142.898196] cloud-init[582]: ci-info: +++++++++++++++++++Route IPv6 info+++++++++++++++++++
[  142.902454] cloud-init[582]: ci-info: +-------+-------------+---------+-----------+-------+
[  142.906678] cloud-init[582]: ci-info: | Route | Destination | Gateway | Interface | Flags |
[  142.910988] cloud-init[582]: ci-info: +-------+-------------+---------+-----------+-------+
[  142.916969] cloud-init[582]: ci-info: |   1   |  fe80::/64  |    ::   |   enp0s1  |   U   |
[  142.921702] cloud-init[582]: ci-info: |   2   |  fec0::/64  |    ::   |   enp0s1  |   Ue  |
[  142.926477] cloud-init[582]: ci-info: |   3   |     ::/0    | fe80::2 |   enp0s1  |  UGe  |
[  142.931008] cloud-init[582]: ci-info: |   5   |    local    |    ::   |   enp0s1  |   U   |
[  142.935926] cloud-init[582]: ci-info: |   6   |    local    |    ::   |   enp0s1  |   U   |
[  142.939859] cloud-init[582]: ci-info: |   7   |  multicast  |    ::   |   enp0s1  |   U   |
[  142.945398] cloud-init[582]: ci-info: +-------+-------------+---------+-----------+-------+
[  158.238237] cloud-init[582]: Generating public/private rsa key pair.
[  158.248673] cloud-init[582]: Your identification has been saved in /etc/ssh/ssh_host_rsa_key
[  158.255914] cloud-init[582]: Your public key has been saved in /etc/ssh/ssh_host_rsa_key.pub
[  158.263597] cloud-init[582]: The key fingerprint is:
[  158.278337] cloud-init[582]: SHA256:iTespT/y2Ddkphmx5txQPNSBXXAdQEvd8/DXYqjYW+Q root@probe
[  158.284006] cloud-init[582]: The key's randomart image is:
[  158.289446] cloud-init[582]: +---[RSA 3072]----+
[  158.293730] cloud-init[582]: |           ++B=oo|
[  158.298355] cloud-init[582]: |          o +.ooo|
[  158.302622] cloud-init[582]: |         o   o o+|
[  158.306883] cloud-init[582]: |       o..+ o o =|
[  158.311638] cloud-init[582]: |      . S* = . ..|
[  158.315442] cloud-init[582]: |       =*.* E    |
[  158.319517] cloud-init[582]: |      o+ X o     |
[  158.323843] cloud-init[582]: |      .+* =      |
[  158.327873] cloud-init[582]: |      .o+o .     |
[  158.333339] cloud-init[582]: +----[SHA256]-----+
[  158.337952] cloud-init[582]: Generating public/private ecdsa key pair.
[  158.341796] cloud-init[582]: Your identification has been saved in /etc/ssh/ssh_host_ecdsa_key
[  158.346160] cloud-init[582]: Your public key has been saved in /etc/ssh/ssh_host_ecdsa_key.pub
[  158.350174] cloud-init[582]: The key fingerprint is:
[  158.353686] cloud-init[582]: SHA256:5uWBatmmQtk5G7os/5du8TXlWIkDZvVEw6+CCXiIeyQ root@probe
[  158.358178] cloud-init[582]: The key's randomart image is:
[  158.361979] cloud-init[582]: +---[ECDSA 256]---+
[  158.366017] cloud-init[582]: |           ..o+  |
[  158.370389] cloud-init[582]: |          +  o.. |
[  158.373926] cloud-init[582]: |     . o o . ..o |
[  158.377679] cloud-init[582]: |    E + o.  o + .|
[  158.381587] cloud-init[582]: |     * oS.oo * . |
[  158.386219] cloud-init[582]: |    + **.oo.= o  |
[  158.390257] cloud-init[582]: |   . o++++.. o   |
[  158.394662] cloud-init[582]: |  ..o..o+ .      |
[  158.399029] cloud-init[582]: |   o++o+.        |
[  158.404655] cloud-init[582]: +----[SHA256]-----+
[  158.410530] cloud-init[582]: Generating public/private ed25519 key pair.
[  158.415304] cloud-init[582]: Your identification has been saved in /etc/ssh/ssh_host_ed25519_key
[  158.421299] cloud-init[582]: Your public key has been saved in /etc/ssh/ssh_host_ed25519_key.pub
[  158.426355] cloud-init[582]: The key fingerprint is:
[  158.430807] cloud-init[582]: SHA256:6NkFJysEcbzBxQpYmn8DXGNeEd93i5m+X+9DQzKhpJg root@probe
[  158.436912] cloud-init[582]: The key's randomart image is:
[  158.441594] cloud-init[582]: +--[ED25519 256]--+
[  158.446869] cloud-init[582]: |   o++=o=o       |
[  158.451277] cloud-init[582]: |  .+.*+o.. o .   |
[  158.457294] cloud-init[582]: |  o o.o+= = o o .|
[  158.462455] cloud-init[582]: |   . ooE * . ++o.|
[  158.469008] cloud-init[582]: |    . = S .  ++. |
[  158.473864] cloud-init[582]: |     o = .  .  o |
[  158.479065] cloud-init[582]: |      o .    .. o|
[  158.485138] cloud-init[582]: |              ..o|
[  158.490307] cloud-init[582]: |             ..o+|
[  158.495401] cloud-init[582]: +----[SHA256]-----+
[[0;32m  OK  [0m] Finished [0;1;39mCloud-init: Network Stage[0m.
[[0;32m  OK  [0m] Reached target [0;1;39mCloud-config availability[0m.
[[0;32m  OK  [0m] Reached target [0;1;39mNetwork is Online[0m.
[[0;32m  OK  [0m] Reached target [0;1;39mSystem Initialization[0m.
[[0;32m  OK  [0m] Started [0;1;39mDaily apt download activities[0m.
[[0;32m  OK  [0m] Started [0;1;39mDaily apt upgrade and clean activities[0m.
[[0;32m  OK  [0m] Started [0;1;39mDaily dpkg database backup timer[0m.
[[0;32m  OK  [0m] Started [0;1;39mPeriodic ext4 Onli…ata Check for All Filesystems[0m.
[[0;32m  OK  [0m] Started [0;1;39mDiscard unused blocks once a week[0m.
[[0;32m  OK  [0m] Started [0;1;39mDaily rotation of log files[0m.
[[0;32m  OK  [0m] Started [0;1;39mDaily man-db regeneration[0m.
[[0;32m  OK  [0m] Started [0;1;39mMessage of the Day[0m.
[[0;32m  OK  [0m] Started [0;1;39mDaily Cleanup of Temporary Directories[0m.
[[0;32m  OK  [0m] Started [0;1;39mDownload data for …ailed at package install time[0m.
[[0;32m  OK  [0m] Started [0;1;39mCheck to see wheth…w version of Ubuntu available[0m.
[[0;32m  OK  [0m] Reached target [0;1;39mPath Units[0m.
[[0;32m  OK  [0m] Reached target [0;1;39mTimer Units[0m.
[[0;32m  OK  [0m] Listening on [0;1;39mcloud-init hotplug hook socket[0m.
[[0;32m  OK  [0m] Listening on [0;1;39mD-Bus System Message Bus Socket[0m.
[[0;32m  OK  [0m] Listening on [0;1;39mOpen-iSCSI iscsid Socket[0m.
         Starting [0;1;39mSocket activation for snappy daemon[0m...
[[0;32m  OK  [0m] Listening on [0;1;39mUUID daemon activation socket[0m.
[[0;32m  OK  [0m] Reached target [0;1;39mPreparation for Remote File Systems[0m.
[[0;32m  OK  [0m] Reached target [0;1;39mRemote File Systems[0m.
[[0;32m  OK  [0m] Finished [0;1;39mAvailability of block devices[0m.
[[0;32m  OK  [0m] Listening on [0;1;39mSocket activation for snappy daemon[0m.
[[0;32m  OK  [0m] Reached target [0;1;39mSocket Units[0m.
[[0;32m  OK  [0m] Reached target [0;1;39mBasic System[0m.
         Starting [0;1;39mLSB: automatic crash report generation[0m...
[[0;32m  OK  [0m] Started [0;1;39mRegular background program processing daemon[0m.
[[0;32m  OK  [0m] Started [0;1;39mD-Bus System Message Bus[0m.
[[0;32m  OK  [0m] Started [0;1;39mSave initial kernel messages after boot[0m.
         Starting [0;1;39mRemove Stale Onli…t4 Metadata Check Snapshots[0m...
         Starting [0;1;39mRecord successful boot for GRUB[0m...
[[0;32m  OK  [0m] Started [0;1;39mirqbalance daemon[0m.
         Starting [0;1;39mDispatcher daemon for systemd-networkd[0m...
         Starting [0;1;39mPollinate to seed…udo random number generator[0m...
         Starting [0;1;39mSystem Logging Service[0m...
[[0;32m  OK  [0m] Reached target [0;1;39mPreparation for Logins[0m.
         Starting [0;1;39mWait until snapd is fully seeded[0m...
         Starting [0;1;39mSnap Daemon[0m...
         Starting [0;1;39mUser Login Management[0m...
         Starting [0;1;39mPermit User Sessions[0m...
[[0;32m  OK  [0m] Finished [0;1;39mRemove Stale Onli…ext4 Metadata Check Snapshots[0m.
[[0;32m  OK  [0m] Finished [0;1;39mPermit User Sessions[0m.
[[0;32m  OK  [0m] Started [0;1;39mSystem Logging Service[0m.
         Starting [0;1;39mHold until boot process finishes up[0m...
         Starting [0;1;39mTerminate Plymouth Boot Screen[0m...
[[0;32m  OK  [0m] Finished [0;1;39mHold until boot process finishes up[0m.
[[0;32m  OK  [0m] Started [0;1;39mSerial Getty on ttyAMA0[0m.
         Starting [0;1;39mSet console scheme[0m...
[[0;32m  OK  [0m] Finished [0;1;39mRecord successful boot for GRUB[0m.
[[0;32m  OK  [0m] Started [0;1;39mLSB: automatic crash report generation[0m.
[[0;32m  OK  [0m] Finished [0;1;39mTerminate Plymouth Boot Screen[0m.
[[0;32m  OK  [0m] Finished [0;1;39mSet console scheme[0m.

Ubuntu 22.04.5 LTS probe ttyAMA0

probe login: [[0;32m  OK  [0m] Created slice [0;1;39mSlice /system/getty[0m.
[[0;32m  OK  [0m] Started [0;1;39mGetty on tty1[0m.
[[0;32m  OK  [0m] Reached target [0;1;39mLogin Prompts[0m.
         Starting [0;1;39mGRUB failed boot detection[0m...
[[0;32m  OK  [0m] Finished [0;1;39mGRUB failed boot detection[0m.
[[0;32m  OK  [0m] Started [0;1;39mUser Login Management[0m.
[[0;32m  OK  [0m] Started [0;1;39mUnattended Upgrades Shutdown[0m.
[[0;32m  OK  [0m] Started [0;1;39mDispatcher daemon for systemd-networkd[0m.
[[0;32m  OK  [0m] Finished [0;1;39mPollinate to seed…seudo random number generator[0m.
         Starting [0;1;39mOpenBSD Secure Shell server[0m...
[[0;32m  OK  [0m] Started [0;1;39mOpenBSD Secure Shell server[0m.
[[0;1;31mFAILED[0m] Failed to start [0;1;39mSnap Daemon[0m.
See 'systemctl status snapd.service' for details.
[[0;32m  OK  [0m] Stopped [0;1;39mSnap Daemon[0m.
         Starting [0;1;39mSnap Daemon[0m...
[[0;32m  OK  [0m] Started [0;1;39mSnap Daemon[0m.
[[0;32m  OK  [0m] Started [0;1;39msnap.lxd.hook.inst…-4860-ab7d-8816d2768f51.scope[0m.
[[0;32m  OK  [0m] Listening on [0;1;39mSocket unix f…p application lxd.user-daemon[0m.
[[0;32m  OK  [0m] Listening on [0;1;39mSocket unix for snap application lxd.daemon[0m.
         Starting [0;1;39mService for snap application lxd.activate[0m...
         Starting [0;1;39mDownload data for…led at package install time[0m...
[[0;32m  OK  [0m] Finished [0;1;39mDownload data for…ailed at package install time[0m.
[[0;32m  OK  [0m] Finished [0;1;39mService for snap application lxd.activate[0m.
[[0;32m  OK  [0m] Started [0;1;39msnap.lxd.hook.conf…-43c6-a08d-368e3164875b.scope[0m.
         Starting [0;1;39mTime & Date Service[0m...
[[0;32m  OK  [0m] Started [0;1;39mTime & Date Service[0m.
[[0;32m  OK  [0m] Finished [0;1;39mWait until snapd is fully seeded[0m.
         Starting [0;1;39mCloud-init: Config Stage[0m...
[[0;32m  OK  [0m] Reached target [0;1;39mMulti-User System[0m.
[[0;32m  OK  [0m] Reached target [0;1;39mGraphical Interface[0m.
         Starting [0;1;39mRecord Runlevel Change in UTMP[0m...
[[0;32m  OK  [0m] Finished [0;1;39mRecord Runlevel Change in UTMP[0m.
[  379.092745] cloud-init[1577]: Cloud-init v. 26.1-0ubuntu1~22.04.1 running 'modules:config' at Sat, 10 Oct 2026 06:52:14 +0000. Up 378.21 seconds.
[[0;32m  OK  [0m] Finished [0;1;39mCloud-init: Config Stage[0m.
         Starting [0;1;39mCloud-init: Final Stage[0m...
[  392.362507] cloud-init[1589]: Cloud-init v. 26.1-0ubuntu1~22.04.1 running 'modules:final' at Sat, 10 Oct 2026 06:52:27 +0000. Up 391.52 seconds.
vm-inner: start
         Stopping [0;1;39mUnattended Upgrades Shutdown[0m...
[[0;32m  OK  [0m] Stopped [0;1;39mUnattended Upgrades Shutdown[0m.
         Starting [0;1;39mUpdate APT News[0m...
         Starting [0;1;39mUpdate the local ESM caches[0m...
[[0;32m  OK  [0m] Finished [0;1;39mUpdate APT News[0m.
[[0;32m  OK  [0m] Finished [0;1;39mUpdate the local ESM caches[0m.
         Starting [0;1;39mPackageKit Daemon[0m...
         Starting [0;1;39mAuthorization Manager[0m...
[[0;32m  OK  [0m] Started [0;1;39mAuthorization Manager[0m.
[[0;32m  OK  [0m] Started [0;1;39mPackageKit Daemon[0m.
vm-inner: packages exit 0
vm-inner: measure exit 0
vm-inner: done
[[0;32m  OK  [0m] Removed slice [0;1;39mSlice /system/modprobe[0m.
[[0;32m  OK  [0m] Stopped target [0;1;39mGraphical Interface[0m.
[[0;32m  OK  [0m] Stopped target [0;1;39mHost and Network Name Lookups[0m.
[[0;32m  OK  [0m] Stopped target [0;1;39mTimer Units[0m.
[[0;32m  OK  [0m] Stopped [0;1;39mDaily apt upgrade and clean activities[0m.
[[0;32m  OK  [0m] Stopped [0;1;39mDaily apt download activities[0m.
[[0;32m  OK  [0m] Stopped [0;1;39mDaily dpkg database backup timer[0m.
[[0;32m  OK  [0m] Stopped [0;1;39mPeriodic ext4 Onli…ata Check for All Filesystems[0m.
[[0;32m  OK  [0m] Stopped [0;1;39mDiscard unused blocks once a week[0m.
[[0;32m  OK  [0m] Stopped [0;1;39mDaily rotation of log files[0m.
[[0;32m  OK  [0m] Stopped [0;1;39mDaily man-db regeneration[0m.
[[0;32m  OK  [0m] Stopped [0;1;39mMessage of the Day[0m.
[[0;32m  OK  [0m] Stopped [0;1;39mDaily Cleanup of Temporary Directories[0m.
[[0;32m  OK  [0m] Stopped [0;1;39mDownload data for …ailed at package install time[0m.
[[0;32m  OK  [0m] Stopped [0;1;39mCheck to see wheth…w version of Ubuntu available[0m.
[[0;32m  OK  [0m] Closed [0;1;39mcloud-init hotplug hook socket[0m.
[[0;32m  OK  [0m] Closed [0;1;39mLVM2 poll daemon socket[0m.
[[0;32m  OK  [0m] Closed [0;1;39mLoad/Save RF Kill Switch Status /dev/rfkill Watch[0m.
         Stopping [0;1;39mAvailability of block devices[0m...
         Stopping [0;1;39mCreate final runt…dir for shutdown pivot root[0m...
         Stopping [0;1;39mPackageKit Daemon[0m...
         Stopping [0;1;39mAuthorization Manager[0m...
[[0;32m  OK  [0m] Stopped [0;1;39mCommit a transient machine-id on disk[0m.
         Stopping [0;1;39mLoad/Save Random Seed[0m...
[[0;32m  OK  [0m] Stopped [0;1;39mAuthorization Manager[0m.
[[0;32m  OK  [0m] Stopped [0;1;39mPackageKit Daemon[0m.
[[0;32m  OK  [0m] Stopped [0;1;39mLoad/Save Random Seed[0m.
Received signal 15 resulting in exit. Cause:
  Filename: /usr/lib/python3.10/subprocess.py
  Function: _try_wait
  Line number: 1917
    Filename: /usr/lib/python3.10/subprocess.py
    Function: _wait
    Line number: 1959
      Filename: /usr/lib/python3.10/subprocess.py
      Function: wait
      Line number: 1209
[  663.921084] cloud-init[1589]: Received signal 15 resulting in exit. Cause:
[  663.932937] cloud-init[1589]:   Filename: /usr/lib/python3.10/subprocess.py
[  663.944918] cloud-init[1589]:   Function: _try_wait
[  663.951131] cloud-init[1589]:   Line number: 1917
[  663.964862] cloud-init[1589]:     Filename: /usr/lib/python3.10/subprocess.py
[  663.970493] cloud-init[1589]:     Function: _wait
[  663.980836] cloud-init[1589]:     Line number: 1959
[  663.992897] cloud-init[1589]:       Filename: /usr/lib/python3.10/subprocess.py
[  664.004950] cloud-init[1589]:       Function: wait
[  664.011449] cloud-init[1589]:       Line number: 1209
[[0;32m  OK  [0m] Stopped [0;1;39mAvailability of block devices[0m.
[[0;32m  OK  [0m] Stopped [0;1;39mCloud-init: Final Stage[0m.
[[0;32m  OK  [0m] Stopped target [0;1;39mMulti-User System[0m.
[[0;32m  OK  [0m] Stopped target [0;1;39mLogin Prompts[0m.
         Stopping [0;1;39mLSB: automatic crash report generation[0m...
[[0;32m  OK  [0m] Stopped [0;1;39mCloud-init: Config Stage[0m.
[[0;32m  OK  [0m] Stopped target [0;1;39mCloud-config availability[0m.
[[0;32m  OK  [0m] Stopped target [0;1;39mNetwork is Online[0m.
         Stopping [0;1;39mRegular background program processing daemon[0m...
         Stopping [0;1;39mGetty on tty1[0m...
         Stopping [0;1;39mirqbalance daemon[0m...
         Stopping [0;1;39mDispatcher daemon for systemd-networkd[0m...
[[0;32m  OK  [0m] Stopped [0;1;39mTerminate Plymouth Boot Screen[0m.
         Stopping [0;1;39mSystem Logging Service[0m...
         Stopping [0;1;39mSerial Getty on ttyAMA0[0m...
[[0;32m  OK  [0m] Stopped [0;1;39mWait until snapd is fully seeded[0m.
         Stopping [0;1;39mSnap Daemon[0m...
         Stopping [0;1;39mOpenBSD Secure Shell server[0m...
         Stopping [0;1;39mUser Login Management[0m...
[[0;32m  OK  [0m] Stopped [0;1;39mRegular background program processing daemon[0m.
[[0;32m  OK  [0m] Stopped [0;1;39mSerial Getty on ttyAMA0[0m.
[[0;32m  OK  [0m] Stopped [0;1;39mGetty on tty1[0m.
[[0;32m  OK  [0m] Stopped [0;1;39mirqbalance daemon[0m.
[[0;32m  OK  [0m] Removed slice [0;1;39mSlice /system/getty[0m.
[[0;32m  OK  [0m] Removed slice [0;1;39mSlice /system/serial-getty[0m.
[[0;32m  OK  [0m] Stopped target [0;1;39mPreparation for Logins[0m.
[[0;32m  OK  [0m] Stopped [0;1;39mHold until boot process finishes up[0m.
         Stopping [0;1;39mPermit User Sessions[0m...
[[0;32m  OK  [0m] Stopped [0;1;39mSystem Logging Service[0m.
[[0;32m  OK  [0m] Stopped [0;1;39mDispatcher daemon for systemd-networkd[0m.
[[0;32m  OK  [0m] Stopped [0;1;39mUser Login Management[0m.
[[0;32m  OK  [0m] Stopped [0;1;39mOpenBSD Secure Shell server[0m.
[[0;32m  OK  [0m] Stopped [0;1;39mPermit User Sessions[0m.
[[0;32m  OK  [0m] Stopped target [0;1;39mNetwork[0m.
         Stopping [0;1;39mNetwork Name Resolution[0m...
[[0;32m  OK  [0m] Stopped [0;1;39mNetwork Name Resolution[0m.
[[0;32m  OK  [0m] Stopped [0;1;39mLSB: automatic crash report generation[0m.
[[0;32m  OK  [0m] Stopped target [0;1;39mRemote File Systems[0m.
[[0;32m  OK  [0m] Stopped target [0;1;39mPreparation for Remote File Systems[0m.
[[0;32m  OK  [0m] Stopped [0;1;39mSnap Daemon[0m.
[[0;32m  OK  [0m] Stopped target [0;1;39mBasic System[0m.
[[0;32m  OK  [0m] Stopped target [0;1;39mPath Units[0m.
[[0;32m  OK  [0m] Stopped target [0;1;39mSlice Units[0m.
[[0;32m  OK  [0m] Removed slice [0;1;39mUser and Session Slice[0m.
[[0;32m  OK  [0m] Stopped target [0;1;39mSocket Units[0m.
[[0;32m  OK  [0m] Stopped target [0;1;39mSystem Time Set[0m.
[[0;32m  OK  [0m] Closed [0;1;39mOpen-iSCSI iscsid Socket[0m.
[[0;32m  OK  [0m] Closed [0;1;39mSocket unix for snap application lxd.daemon[0m.
[[0;32m  OK  [0m] Closed [0;1;39mSocket unix for snap application lxd.user-daemon[0m.
[[0;32m  OK  [0m] Closed [0;1;39mSocket activation for snappy daemon[0m.
[[0;32m  OK  [0m] Closed [0;1;39mSyslog Socket[0m.
[[0;32m  OK  [0m] Closed [0;1;39mUUID daemon activation socket[0m.
[[0;32m  OK  [0m] Stopped target [0;1;39mSystem Initialization[0m.
[[0;32m  OK  [0m] Stopped target [0;1;39mLocal Encrypted Volumes[0m.
[[0;32m  OK  [0m] Stopped [0;1;39mDispatch Password …ts to Console Directory Watch[0m.
[[0;32m  OK  [0m] Stopped [0;1;39mForward Password R…uests to Wall Directory Watch[0m.
[[0;32m  OK  [0m] Stopped target [0;1;39mLocal Verity Protected Volumes[0m.
[[0;32m  OK  [0m] Stopped [0;1;39mCloud-init: Network Stage[0m.
         Stopping [0;1;39mSet Up Additional Binary Formats[0m...
[[0;32m  OK  [0m] Stopped [0;1;39mWait for Network to be Configured[0m.
         Stopping [0;1;39mNetwork Configuration[0m...
         Stopping [0;1;39mNetwork Time Synchronization[0m...
         Stopping [0;1;39mRecord System Boot/Shutdown in UTMP[0m...
[[0;32m  OK  [0m] Stopped [0;1;39mNetwork Time Synchronization[0m.
[[0;32m  OK  [0m] Stopped [0;1;39mNetwork Configuration[0m.
[[0;32m  OK  [0m] Stopped target [0;1;39mPreparation for Network[0m.
[[0;32m  OK  [0m] Closed [0;1;39mNetwork Service Netlink Socket[0m.
[[0;32m  OK  [0m] Stopped [0;1;39mCloud-init: Local Stage (pre-network)[0m.
[[0;32m  OK  [0m] Stopped [0;1;39mApply Kernel Variables[0m.
[[0;32m  OK  [0m] Stopped [0;1;39mLoad Kernel Modules[0m.
[[0;32m  OK  [0m] Stopped [0;1;39mSet Up Additional Binary Formats[0m.
[[0;32m  OK  [0m] Stopped [0;1;39mRecord System Boot/Shutdown in UTMP[0m.
[[0;32m  OK  [0m] Unset automount [0;1;39mArbitrary …s File System Automount Point[0m.
[[0;32m  OK  [0m] Stopped [0;1;39mCreate Volatile Files and Directories[0m.
[[0;31m*[0;1;31m*[0m[0;31m*   [0m] A stop job is running for Create fi…utdown pivot root (12s / 1min 30s)
M[K[[0;1;31m*[0m[0;31m*    [0m] A stop job is running for Create fi…utdown pivot root (12s / 1min 30s)
M[K[[0m[0;31m*     [0m] A stop job is running for Create fi…utdown pivot root (13s / 1min 30s)
M[K[[0;1;31m*[0m[0;31m*    [0m] A stop job is running for Create fi…utdown pivot root (13s / 1min 30s)
M[K[[0;31m*[0;1;31m*[0m[0;31m*   [0m] A stop job is running for Create fi…utdown pivot root (14s / 1min 30s)
M[K[ [0;31m*[0;1;31m*[0m[0;31m*  [0m] A stop job is running for Create fi…utdown pivot root (14s / 1min 30s)
M[K[  [0;31m*[0;1;31m*[0m[0;31m* [0m] A stop job is running for Create fi…utdown pivot root (15s / 1min 30s)
M[K[   [0;31m*[0;1;31m*[0m[0;31m*[0m] A stop job is running for Create fi…utdown pivot root (15s / 1min 30s)
M[K[    [0;31m*[0;1;31m*[0m] A stop job is running for Create fi…utdown pivot root (16s / 1min 30s)
M[K[     [0;31m*[0m] A stop job is running for Create fi…utdown pivot root (16s / 1min 30s)
M[K[    [0;31m*[0;1;31m*[0m] A stop job is running for Create fi…utdown pivot root (17s / 1min 30s)
M[K[   [0;31m*[0;1;31m*[0m[0;31m*[0m] A stop job is running for Create fi…utdown pivot root (17s / 1min 30s)
M[K[  [0;31m*[0;1;31m*[0m[0;31m* [0m] A stop job is running for Create fi…utdown pivot root (18s / 1min 30s)
M[K[ [0;31m*[0;1;31m*[0m[0;31m*  [0m] A stop job is running for Create fi…utdown pivot root (18s / 1min 30s)
M[K[[0;31m*[0;1;31m*[0m[0;31m*   [0m] A stop job is running for Create fi…utdown pivot root (19s / 1min 30s)
M[K[[0;1;31m*[0m[0;31m*    [0m] A stop job is running for Create fi…utdown pivot root (19s / 1min 30s)
M[K[[0m[0;31m*     [0m] A stop job is running for Create fi…utdown pivot root (20s / 1min 30s)
M[K[[0;1;31m*[0m[0;31m*    [0m] A stop job is running for Create fi…utdown pivot root (20s / 1min 30s)
M[K[[0;31m*[0;1;31m*[0m[0;31m*   [0m] A stop job is running for Create fi…utdown pivot root (21s / 1min 30s)
M[K[ [0;31m*[0;1;31m*[0m[0;31m*  [0m] A stop job is running for Create fi…utdown pivot root (21s / 1min 30s)
M[K[  [0;31m*[0;1;31m*[0m[0;31m* [0m] A stop job is running for Create fi…utdown pivot root (22s / 1min 30s)
M[K[   [0;31m*[0;1;31m*[0m[0;31m*[0m] A stop job is running for Create fi…utdown pivot root (22s / 1min 30s)
M[K[    [0;31m*[0;1;31m*[0m] A stop job is running for Create fi…utdown pivot root (23s / 1min 30s)
M[K[     [0;31m*[0m] A stop job is running for Create fi…utdown pivot root (23s / 1min 30s)
M[K[    [0;31m*[0;1;31m*[0m] A stop job is running for Create fi…utdown pivot root (24s / 1min 30s)
M[K[   [0;31m*[0;1;31m*[0m[0;31m*[0m] A stop job is running for Create fi…utdown pivot root (24s / 1min 30s)
M[K[  [0;31m*[0;1;31m*[0m[0;31m* [0m] A stop job is running for Create fi…utdown pivot root (25s / 1min 30s)
M[K[ [0;31m*[0;1;31m*[0m[0;31m*  [0m] A stop job is running for Create fi…utdown pivot root (25s / 1min 30s)
M[K[[0;31m*[0;1;31m*[0m[0;31m*   [0m] A stop job is running for Create fi…utdown pivot root (26s / 1min 30s)
M[K[[0;1;31m*[0m[0;31m*    [0m] A stop job is running for Create fi…utdown pivot root (26s / 1min 30s)
M[K[[0m[0;31m*     [0m] A stop job is running for Create fi…utdown pivot root (27s / 1min 30s)
M[K[[0;1;31m*[0m[0;31m*    [0m] A stop job is running for Create fi…utdown pivot root (27s / 1min 30s)
M[K[[0;31m*[0;1;31m*[0m[0;31m*   [0m] A stop job is running for Create fi…utdown pivot root (28s / 1min 30s)
M[K[ [0;31m*[0;1;31m*[0m[0;31m*  [0m] A stop job is running for Create fi…utdown pivot root (28s / 1min 30s)
M[K[  [0;31m*[0;1;31m*[0m[0;31m* [0m] A stop job is running for Create fi…utdown pivot root (29s / 1min 30s)
M[K[   [0;31m*[0;1;31m*[0m[0;31m*[0m] A stop job is running for Create fi…utdown pivot root (29s / 1min 30s)
M[K[    [0;31m*[0;1;31m*[0m] A stop job is running for Create fi…utdown pivot root (30s / 1min 30s)
M[K[     [0;31m*[0m] A stop job is running for Create fi…utdown pivot root (30s / 1min 30s)
M[K[    [0;31m*[0;1;31m*[0m] A stop job is running for Create fi…utdown pivot root (31s / 1min 30s)
M[K[   [0;31m*[0;1;31m*[0m[0;31m*[0m] A stop job is running for Create fi…utdown pivot root (31s / 1min 30s)
M[K[  [0;31m*[0;1;31m*[0m[0;31m* [0m] A stop job is running for Create fi…utdown pivot root (32s / 1min 30s)
M[K[ [0;31m*[0;1;31m*[0m[0;31m*  [0m] A stop job is running for Create fi…utdown pivot root (32s / 1min 30s)
M[K[[0;31m*[0;1;31m*[0m[0;31m*   [0m] A stop job is running for Create fi…utdown pivot root (33s / 1min 30s)
M[K[[0;1;31m*[0m[0;31m*    [0m] A stop job is running for Create fi…utdown pivot root (33s / 1min 30s)
M[K[[0m[0;31m*     [0m] A stop job is running for Create fi…utdown pivot root (34s / 1min 30s)
M[K[[0;1;31m*[0m[0;31m*    [0m] A stop job is running for Create fi…utdown pivot root (34s / 1min 30s)
M[K[[0;31m*[0;1;31m*[0m[0;31m*   [0m] A stop job is running for Create fi…utdown pivot root (35s / 1min 30s)
M[K[[0;32m  OK  [0m] Stopped [0;1;39mCreate final runtime dir for shutdown pivot root[0m.
[K[[0;32m  OK  [0m] Stopped target [0;1;39mLocal File Systems[0m.
[[0;32m  OK  [0m] Stopped target [0;1;39mMounted snaps[0m.
         Unmounting [0;1;39m/boot/efi[0m...
         Unmounting [0;1;39m/run/credentials/systemd-sysusers.service[0m...
         Unmounting [0;1;39m/run/snapd/ns/lxd.mnt[0m...
         Unmounting [0;1;39mMount unit for core22, revision 2956[0m...
         Unmounting [0;1;39mMount unit for lxd, revision 40912[0m...
         Unmounting [0;1;39mMount unit for snapd, revision 28255[0m...
[[0;32m  OK  [0m] Unmounted [0;1;39m/boot/efi[0m.
[[0;32m  OK  [0m] Stopped [0;1;39mFile System Check on /dev/disk/by-label/UEFI[0m.
[[0;32m  OK  [0m] Removed slice [0;1;39mSlice /system/systemd-fsck[0m.
[[0;32m  OK  [0m] Unmounted [0;1;39mMount unit for snapd, revision 28255[0m.
[[0;32m  OK  [0m] Unmounted [0;1;39m/run/credentials/systemd-sysusers.service[0m.
[[0;32m  OK  [0m] Unmounted [0;1;39mMount unit for lxd, revision 40912[0m.
[[0;32m  OK  [0m] Unmounted [0;1;39mMount unit for core22, revision 2956[0m.
[[0;32m  OK  [0m] Stopped target [0;1;39mMounting snaps[0m.
[[0;32m  OK  [0m] Unmounted [0;1;39m/run/snapd/ns/lxd.mnt[0m.
         Unmounting [0;1;39m/run/snapd/ns[0m...
[[0;32m  OK  [0m] Unmounted [0;1;39m/run/snapd/ns[0m.
[[0;32m  OK  [0m] Stopped target [0;1;39mPreparation for Local File Systems[0m.
[[0;32m  OK  [0m] Stopped target [0;1;39mSwaps[0m.
[[0;32m  OK  [0m] Reached target [0;1;39mUnmount All Filesystems[0m.
         Stopping [0;1;39mMonitoring of LVM…meventd or progress polling[0m...
         Stopping [0;1;39mDevice-Mapper Multipath Device Controller[0m...
[[0;32m  OK  [0m] Stopped [0;1;39mCreate Static Device Nodes in /dev[0m.
[[0;32m  OK  [0m] Stopped [0;1;39mCreate System Users[0m.
[[0;32m  OK  [0m] Stopped [0;1;39mDevice-Mapper Multipath Device Controller[0m.
[[0;32m  OK  [0m] Stopped [0;1;39mRemount Root and Kernel File Systems[0m.
[[0;32m  OK  [0m] Stopped [0;1;39mFile System Check on Root Device[0m.
[[0;32m  OK  [0m] Stopped [0;1;39mMonitoring of LVM2… dmeventd or progress polling[0m.
[[0;32m  OK  [0m] Reached target [0;1;39mSystem Shutdown[0m.
[[0;32m  OK  [0m] Reached target [0;1;39mLate Shutdown Services[0m.
[[0;32m  OK  [0m] Finished [0;1;39mSystem Power Off[0m.
[[0;32m  OK  [0m] Reached target [0;1;39mSystem Power Off[0m.
[  715.970255] reboot: Power down
