UEFI firmware (version 2024.02-2ubuntu0.10 built at 15:40:28 on Sep 23 2026)
[2J[01;01H[=3h[2J[01;01H[2J[01;01H[=3h[2J[01;01HBdsDxe: loading Boot0001 "UEFI Misc Device" from PciRoot(0x0)/Pci(0x2,0x0)
BdsDxe: starting Boot0001 "UEFI Misc Device" from PciRoot(0x0)/Pci(0x2,0x0)
error: ../../grub-core/video/video.c:761:no suitable video mode found.
[0m[30m[40m[2J[01;01H[0m[37m[40m[02;32HGRUB version 2.06

[04;02H/----------------------------------------------------------------------------\[05;02H|[05;79H|[06;02H|[06;79H|[07;02H|[07;79H|[08;02H|[08;79H|[09;02H|[09;79H|[10;02H|[10;79H|[11;02H|[11;79H|[12;02H|[12;79H|[13;02H|[13;79H|[14;02H|[14;79H|[15;02H|[15;79H|[16;02H|[16;79H|[17;02H|[17;79H|[18;02H|[18;79H|[19;02H|[19;79H|[20;02H|[20;79H|[21;02H|[21;79H|[22;02H|[22;79H|[23;02H|[23;79H|[24;02H|[24;79H|[25;02H|[25;79H|[26;02H|[26;79H|[27;02H|[27;79H|[28;02H|[28;79H|[29;02H|[29;79H|[30;02H|[30;79H|[31;02H|[31;79H|[32;02H|[32;79H|[33;02H|[33;79H|[34;02H|[34;79H|[35;02H|[35;79H|[36;02H|[36;79H|[37;02H|[37;79H|[38;02H|[38;79H|[39;02H|[39;79H|[40;02H|[40;79H|[41;02H|[41;79H|[42;02H\----------------------------------------------------------------------------/[43;02H[44;02H     Use the ^ and v keys to select which entry is highlighted.          
      Press enter to boot the selected OS, `e' to edit the commands       
      before booting or `c' for a command-line. ESC to return previous    
      menu.                                                               [05;80H [0m[30m[47m[05;03H*Rocky Linux (5.14.0-687.10.1.el9_8.0.1.aarch64) 9.8 (Blue Onyx)            [0m[37m[40m[05;78H[06;03H Rocky Linux (0-rescue-c6e46b99c6e24b29bd40c81100d53594) 9.8 (Blue Onyx)    [06;78H[07;03H UEFI Firmware Settings                                                     [07;78H[08;03H                                                                            [08;78H[09;03H                                                                            [09;78H[10;03H                                                                            [10;78H[11;03H                                                                            [11;78H[12;03H                                                                            [12;78H[13;03H                                                                            [13;78H[14;03H                                                                            [14;78H[15;03H                                                                            [15;78H[16;03H                                                                            [16;78H[17;03H                                                                            [17;78H[18;03H                                                                            [18;78H[19;03H                                                                            [19;78H[20;03H                                                                            [20;78H[21;03H                                                                            [21;78H[22;03H                                                                            [22;78H[23;03H                                                                            [23;78H[24;03H                                                                            [24;78H[25;03H                                                                            [25;78H[26;03H                                                                            [26;78H[27;03H                                                                            [27;78H[28;03H                                                                            [28;78H[29;03H                                                                            [29;78H[30;03H                                                                            [30;78H[31;03H                                                                            [31;78H[32;03H                                                                            [32;78H[33;03H                                                                            [33;78H[34;03H                                                                            [34;78H[35;03H                                                                            [35;78H[36;03H                                                                            [36;78H[37;03H                                                                            [37;78H[38;03H                                                                            [38;78H[39;03H                                                                            [39;78H[40;03H                                                                            [40;78H[41;03H                                                                            [41;78H[41;80H [05;78H[48;01H   The highlighted entry will be executed automatically in 1s.                 [05;78H[48;01H   The highlighted entry will be executed automatically in 0s.                 [05;78H[0m[30m[40m[2J[01;01H[0m[37m[40m[0m[30m[40m[2J[01;01H[0m[37m[40m  Booting `Rocky Linux (5.14.0-687.10.1.el9_8.0.1.aarch64) 9.8 (Blue Onyx)'

EFI stub: Decompressing Linux Kernel...
EFI stub: EFI_RNG_PROTOCOL unavailable
EFI stub: Using DTB from configuration table
EFI stub: Exiting boot services...
[    0.000000] Booting Linux on physical CPU 0x0000000000 [0x000f0510]
[    0.000000] Linux version 5.14.0-687.10.1.el9_8.0.1.aarch64 (mockbuild@iad1-prod-build-aarch001.bld.equ.rockylinux.org) (gcc (GCC) 11.5.0 20240719 (Red Hat 11.5.0-14), GNU ld version 2.35.2-72.el9) #1 SMP PREEMPT_DYNAMIC Sun May 24 13:01:44 UTC 2026
[    0.000000] The list of certified hardware and cloud instances for Enterprise Linux 9 can be viewed at the Red Hat Ecosystem Catalog, https://catalog.redhat.com.
[    0.000000] KASLR enabled
[    0.000000] efi: EFI v2.7 by Ubuntu distribution of EDK II
[    0.000000] efi: SMBIOS 3.0=0xbfed0000 MEMATTR=0xbdf10018 ACPI 2.0=0xbc3e0018 MOKvar=0xbfdb0000 MEMRESERVE=0xbc2f6618 
[    0.000000] secureboot: Secure boot disabled
[    0.000000] ACPI: Early table checksum verification disabled
[    0.000000] ACPI: RSDP 0x00000000BC3E0018 000024 (v02 BOCHS )
[    0.000000] ACPI: XSDT 0x00000000BC3EFE98 000064 (v01 BOCHS  BXPC     00000001      01000013)
[    0.000000] ACPI: FACP 0x00000000BC3EFA98 000114 (v06 BOCHS  BXPC     00000001 BXPC 00000001)
[    0.000000] ACPI: DSDT 0x00000000BC3E7518 001468 (v02 BOCHS  BXPC     00000001 BXPC 00000001)
[    0.000000] ACPI: APIC 0x00000000BC3EFC18 0000FC (v04 BOCHS  BXPC     00000001 BXPC 00000001)
[    0.000000] ACPI: PPTT 0x00000000BC3EFD98 000060 (v02 BOCHS  BXPC     00000001 BXPC 00000001)
[    0.000000] ACPI: GTDT 0x00000000BC3ED898 000060 (v02 BOCHS  BXPC     00000001 BXPC 00000001)
[    0.000000] ACPI: MCFG 0x00000000BC3EFF98 00003C (v01 BOCHS  BXPC     00000001 BXPC 00000001)
[    0.000000] ACPI: SPCR 0x00000000BC3EE818 000050 (v02 BOCHS  BXPC     00000001 BXPC 00000001)
[    0.000000] ACPI: DBG2 0x00000000BC3EE898 000057 (v00 BOCHS  BXPC     00000001 BXPC 00000001)
[    0.000000] ACPI: IORT 0x00000000BC3EE418 000080 (v03 BOCHS  BXPC     00000001 BXPC 00000001)
[    0.000000] ACPI: SPCR: console: pl011,mmio32,0x9000000,9600
[    0.000000] NUMA: Failed to initialise from firmware
[    0.000000] NUMA: Faking a node at [mem 0x0000000040000000-0x00000000bfffffff]
[    0.000000] NUMA: NODE_DATA [mem 0xbf60ef00-0xbf61bfff]
[    0.000000] Zone ranges:
[    0.000000]   DMA      [mem 0x0000000040000000-0x00000000bfffffff]
[    0.000000]   DMA32    empty
[    0.000000]   Normal   empty
[    0.000000]   Device   empty
[    0.000000] Movable zone start for each node
[    0.000000] Early memory node ranges
[    0.000000]   node   0: [mem 0x0000000040000000-0x00000000bc3effff]
[    0.000000]   node   0: [mem 0x00000000bc3f0000-0x00000000bc72ffff]
[    0.000000]   node   0: [mem 0x00000000bc730000-0x00000000bfbfffff]
[    0.000000]   node   0: [mem 0x00000000bfc00000-0x00000000bffdffff]
[    0.000000]   node   0: [mem 0x00000000bffe0000-0x00000000bfffffff]
[    0.000000] Initmem setup node 0 [mem 0x0000000040000000-0x00000000bfffffff]
[    0.000000] crashkernel reserved: 0x00000000a5a00000 - 0x00000000b1a00000 (192 MB)
[    0.000000] psci: probing for conduit method from ACPI.
[    0.000000] psci: PSCIv1.1 detected in firmware.
[    0.000000] psci: Using standard PSCI v0.2 function IDs
[    0.000000] psci: Trusted OS migration not required
[    0.000000] psci: SMC Calling Convention v1.0
[    0.000000] percpu: Embedded 33 pages/cpu s98216 r8192 d28760 u135168
[    0.000000] Detected PIPT I-cache on CPU0
[    0.000000] CPU features: detected: HCRX_EL2 register
[    0.000000] CPU features: detected: Spectre-v4
[    0.000000] CPU features: detected: Spectre-BHB
[    0.000000] alternatives: applying boot alternatives
[    0.000000] Kernel command line: BOOT_IMAGE=(hd0,gpt2)/vmlinuz-5.14.0-687.10.1.el9_8.0.1.aarch64 console=ttyS0,115200n8 no_timer_check crashkernel=1G-4G:192M,4G-64G:256M,64G-:512M net.ifnames=0 root=UUID=f87198e0-c67d-44fb-b44e-9714f2c7fb00
[    0.000000] Unknown kernel command line parameters "no_timer_check BOOT_IMAGE=(hd0,gpt2)/vmlinuz-5.14.0-687.10.1.el9_8.0.1.aarch64", will be passed to user space.
[    0.000000] random: crng init done
[    0.000000] Dentry cache hash table entries: 262144 (order: 9, 2097152 bytes, linear)
[    0.000000] Inode-cache hash table entries: 131072 (order: 8, 1048576 bytes, linear)
[    0.000000] Fallback order for Node 0: 0 
[    0.000000] Built 1 zonelists, mobility grouping on.  Total pages: 516096
[    0.000000] Policy zone: DMA
[    0.000000] mem auto-init: stack:off, heap alloc:off, heap free:off
[    0.000000] software IO TLB: SWIOTLB bounce buffer size adjusted to 2MB
[    0.000000] software IO TLB: area num 2.
[    0.000000] software IO TLB: mapped [mem 0x00000000bf05d000-0x00000000bf25d000] (2MB)
[    0.000000] SLUB: HWalign=64, Order=0-3, MinObjects=0, CPUs=2, Nodes=1
[    0.000000] ftrace: allocating 50427 entries in 197 pages
[    0.000000] ftrace: allocated 197 pages with 4 groups
[    0.000000] trace event string verifier disabled
[    0.000000] Dynamic Preempt: voluntary
[    0.000000] rcu: Preemptible hierarchical RCU implementation.
[    0.000000] rcu: 	RCU event tracing is enabled.
[    0.000000] rcu: 	RCU restricting CPUs from NR_CPUS=4096 to nr_cpu_ids=2.
[    0.000000] 	Trampoline variant of Tasks RCU enabled.
[    0.000000] 	Rude variant of Tasks RCU enabled.
[    0.000000] 	Tracing variant of Tasks RCU enabled.
[    0.000000] rcu: RCU calculated value of scheduler-enlistment delay is 10 jiffies.
[    0.000000] rcu: Adjusting geometry for rcu_fanout_leaf=16, nr_cpu_ids=2
[    0.000000] RCU Tasks: Setting shift to 1 and lim to 1 rcu_task_cb_adjust=1 rcu_task_cpu_ids=2.
[    0.000000] RCU Tasks Rude: Setting shift to 1 and lim to 1 rcu_task_cb_adjust=1 rcu_task_cpu_ids=2.
[    0.000000] RCU Tasks Trace: Setting shift to 1 and lim to 1 rcu_task_cb_adjust=1 rcu_task_cpu_ids=2.
[    0.000000] NR_IRQS: 64, nr_irqs: 64, preallocated irqs: 0
[    0.000000] Root IRQ handler: gic_handle_irq
[    0.000000] GICv2m: ACPI overriding V2M MSI_TYPER (base:80, num:64)
[    0.000000] GICv2m: range[mem 0x08020000-0x08020fff], SPI[80:143]
[    0.000000] rcu: srcu_init: Setting srcu_struct sizes based on contention.
[    0.000000] arch_timer: cp15 timer(s) running at 62.50MHz (virt).
[    0.000000] clocksource: arch_sys_counter: mask: 0x1ffffffffffffff max_cycles: 0x1cd42e208c, max_idle_ns: 881590405314 ns
[    0.000061] sched_clock: 57 bits at 63MHz, resolution 16ns, wraps every 4398046511096ns
[    0.003416] kfence: initialized - using 2097152 bytes for 255 objects at 0x(____ptrval____)-0x(____ptrval____)
[    0.006498] Console: colour dummy device 80x25
[    0.008401] ACPI: Core revision 20230331
[    0.013735] Calibrating delay loop (skipped), value calculated using timer frequency.. 125.00 BogoMIPS (lpj=625000)
[    0.013896] pid_max: default: 32768 minimum: 301
[    0.015228] LSM: initializing lsm=lockdown,capability,landlock,yama,integrity,selinux,bpf
[    0.016140] landlock: Up and running.
[    0.016166] Yama: becoming mindful.
[    0.016597] SELinux:  Initializing.
[    0.021816] LSM support for eBPF active
[    0.024586] Mount-cache hash table entries: 4096 (order: 3, 32768 bytes, linear)
[    0.024644] Mountpoint-cache hash table entries: 4096 (order: 3, 32768 bytes, linear)
[    0.060093] rcu: Hierarchical SRCU implementation.
[    0.060137] rcu: 	Max phase no-delay instances is 1000.
[    0.067564] Remapping and enabling EFI services.
[    0.070656] smp: Bringing up secondary CPUs ...
[    0.075745] Detected PIPT I-cache on CPU1
[    0.076734] CPU1: Booted secondary processor 0x0000000001 [0x000f0510]
[    0.079985] smp: Brought up 1 node, 2 CPUs
[    0.080020] SMP: Total of 2 processors activated.
[    0.080044] CPU: All CPU(s) started at EL1
[    0.080221] CPU features: detected: 32-bit EL0 Support
[    0.080234] CPU features: detected: 32-bit EL1 Support
[    0.080241] CPU features: detected: ARMv8.4 Translation Table Level
[    0.080262] CPU features: detected: Data cache clean to the PoU not required for I/D coherence
[    0.080294] CPU features: detected: Common not Private translations
[    0.080301] CPU features: detected: CRC32 instructions
[    0.080306] CPU features: detected: Data cache clean to Point of Deep Persistence
[    0.080312] CPU features: detected: Data cache clean to Point of Persistence
[    0.080317] CPU features: detected: Data independent timing control (DIT)
[    0.080322] CPU features: detected: E0PD
[    0.080328] CPU features: detected: Enhanced Privileged Access Never
[    0.080334] CPU features: detected: Enhanced Virtualization Traps
[    0.080339] CPU features: detected: Fine Grained Traps
[    0.080443] CPU features: detected: RCpc load-acquire (LDAPR)
[    0.080480] CPU features: detected: 52-bit Virtual Addressing for KVM (LPA2)
[    0.080487] CPU features: detected: LSE atomic instructions
[    0.080492] CPU features: detected: Memory Copy and Memory Set instructions
[    0.080498] CPU features: detected: Privileged Access Never
[    0.080505] CPU features: detected: RAS Extension Support
[    0.080510] CPU features: detected: Random Number Generator
[    0.080516] CPU features: detected: Speculation barrier (SB)
[    0.080521] CPU features: detected: Stage-2 Force Write-Back
[    0.080526] CPU features: detected: Trap EL0 IMPLEMENTATION DEFINED functionality
[    0.080532] CPU features: detected: TLB range maintenance instructions
[    0.080594] CPU features: detected: Speculative Store Bypassing Safe (SSBS)
[    0.080599] CPU features: detected: Scalable Vector Extension
[    0.088834] alternatives: applying system-wide alternatives
[    0.099033] CPU features: detected: Hardware dirty bit management on CPU0-1
[    0.099866] SVE: maximum available vector length 256 bytes per vector
[    0.100007] SVE: default vector length 64 bytes per vector
[    0.113438] Memory: 1733928K/2097152K available (14528K kernel code, 5630K rwdata, 13192K rodata, 7488K init, 11184K bss, 359104K reserved, 0K cma-reserved)
[    0.136556] devtmpfs: initialized
[    0.155634] clocksource: jiffies: mask: 0xffffffff max_cycles: 0xffffffff, max_idle_ns: 19112604462750000 ns
[    0.156154] futex hash table entries: 512 (32768 bytes on 1 NUMA nodes, total 32 KiB, linear).
[    0.159950] pinctrl core: initialized pinctrl subsystem
[    0.166514] SMBIOS 3.0.0 present.
[    0.166700] DMI: QEMU QEMU Virtual Machine, BIOS 2024.02-2ubuntu0.10 09/23/2026
[    0.185835] NET: Registered PF_NETLINK/PF_ROUTE protocol family
[    0.190766] DMA: preallocated 256 KiB GFP_KERNEL pool for atomic allocations
[    0.191094] DMA: preallocated 256 KiB GFP_KERNEL|GFP_DMA pool for atomic allocations
[    0.191230] DMA: preallocated 256 KiB GFP_KERNEL|GFP_DMA32 pool for atomic allocations
[    0.191566] audit: initializing netlink subsys (disabled)
[    0.193646] audit: type=2000 audit(0.180:1): state=initialized audit_enabled=0 res=1
[    0.198811] thermal_sys: Registered thermal governor 'fair_share'
[    0.198873] thermal_sys: Registered thermal governor 'step_wise'
[    0.198896] thermal_sys: Registered thermal governor 'user_space'
[    0.200426] cpuidle: using governor menu
[    0.201528] hw-breakpoint: found 6 breakpoint and 4 watchpoint registers.
[    0.202120] ASID allocator initialised with 65536 entries
[    0.202968] acpiphp: ACPI Hot Plug PCI Controller Driver version: 0.5
[    0.203918] Serial: AMBA PL011 UART driver
[    0.206893] Modules: 2G module region forced by RANDOMIZE_MODULE_REGION_FULL
[    0.206947] Modules: 0 pages in range for non-PLT usage
[    0.206962] Modules: 511216 pages in range for PLT usage
[    0.241982] HugeTLB: registered 1.00 GiB page size, pre-allocated 0 pages
[    0.242014] HugeTLB: 0 KiB vmemmap can be freed for a 1.00 GiB page
[    0.242036] HugeTLB: registered 32.0 MiB page size, pre-allocated 0 pages
[    0.242042] HugeTLB: 0 KiB vmemmap can be freed for a 32.0 MiB page
[    0.242050] HugeTLB: registered 2.00 MiB page size, pre-allocated 0 pages
[    0.242056] HugeTLB: 0 KiB vmemmap can be freed for a 2.00 MiB page
[    0.242064] HugeTLB: registered 64.0 KiB page size, pre-allocated 0 pages
[    0.242069] HugeTLB: 0 KiB vmemmap can be freed for a 64.0 KiB page
[    0.246106] Demotion targets for Node 0: null
[    0.250828] cryptd: max_cpu_qlen set to 1000
[    0.258664] ACPI: Added _OSI(Module Device)
[    0.258713] ACPI: Added _OSI(Processor Device)
[    0.258721] ACPI: Added _OSI(Processor Aggregator Device)
[    0.271985] ACPI: 1 ACPI AML tables successfully acquired and loaded
[    0.279641] ACPI: Interpreter enabled
[    0.279676] ACPI: Using GIC for interrupt routing
[    0.281175] ACPI: MCFG table detected, 1 entries
[    0.320424] ARMH0011:00: ttyAMA0 at MMIO 0x9000000 (irq = 12, base_baud = 0) is a SBSA
[    0.321770] printk: legacy console [ttyAMA0] enabled
[    0.364756] ACPI: PCI Root Bridge [PCI0] (domain 0000 [bus 00-ff])
[    0.366216] acpi PNP0A08:00: _OSC: OS supports [ExtendedConfig ASPM ClockPM Segments MSI EDR HPX-Type3]
[    0.370732] acpi PNP0A08:00: _OSC: platform does not support [LTR DPC]
[    0.372215] acpi PNP0A08:00: _OSC: OS now controls [PCIeHotplug PME AER PCIeCapability]
[    0.374925] acpi PNP0A08:00: ECAM area [mem 0x4010000000-0x401fffffff] reserved by PNP0C02:00
[    0.375533] acpi PNP0A08:00: ECAM at [mem 0x4010000000-0x401fffffff] for [bus 00-ff]
[    0.376288] ACPI: Remapped I/O 0x000000003eff0000 to [io  0x0000-0xffff window]
[    0.378910] PCI host bridge to bus 0000:00
[    0.379494] pci_bus 0000:00: root bus resource [mem 0x10000000-0x3efeffff window]
[    0.379697] pci_bus 0000:00: root bus resource [io  0x0000-0xffff window]
[    0.379833] pci_bus 0000:00: root bus resource [mem 0x8000000000-0xffffffffff window]
[    0.380059] pci_bus 0000:00: root bus resource [bus 00-ff]
[    0.381401] pci 0000:00:00.0: [1b36:0008] type 00 class 0x060000 conventional PCI endpoint
[    0.385324] pci 0000:00:01.0: [1af4:1000] type 00 class 0x020000 conventional PCI endpoint
[    0.386124] pci 0000:00:01.0: BAR 0 [io  0x0180-0x019f]
[    0.386315] pci 0000:00:01.0: BAR 1 [mem 0x10083000-0x10083fff]
[    0.386508] pci 0000:00:01.0: BAR 4 [mem 0x8000000000-0x8000003fff 64bit pref]
[    0.386748] pci 0000:00:01.0: ROM [mem 0xfff80000-0xffffffff pref]
[    0.387613] pci 0000:00:02.0: [1af4:1001] type 00 class 0x010000 conventional PCI endpoint
[    0.388089] pci 0000:00:02.0: BAR 0 [io  0x0100-0x017f]
[    0.388244] pci 0000:00:02.0: BAR 1 [mem 0x10082000-0x10082fff]
[    0.388382] pci 0000:00:02.0: BAR 4 [mem 0x8000004000-0x8000007fff 64bit pref]
[    0.389146] pci 0000:00:03.0: [1af4:1001] type 00 class 0x010000 conventional PCI endpoint
[    0.389644] pci 0000:00:03.0: BAR 0 [io  0x0080-0x00ff]
[    0.389803] pci 0000:00:03.0: BAR 1 [mem 0x10081000-0x10081fff]
[    0.389926] pci 0000:00:03.0: BAR 4 [mem 0x8000008000-0x800000bfff 64bit pref]
[    0.390732] pci 0000:00:04.0: [1af4:1001] type 00 class 0x010000 conventional PCI endpoint
[    0.391215] pci 0000:00:04.0: BAR 0 [io  0x0000-0x007f]
[    0.391388] pci 0000:00:04.0: BAR 1 [mem 0x10080000-0x10080fff]
[    0.391649] pci 0000:00:04.0: BAR 4 [mem 0x800000c000-0x800000ffff 64bit pref]
[    0.393683] pci 0000:00:01.0: ROM [mem 0x10000000-0x1007ffff pref]: assigned
[    0.394032] pci 0000:00:01.0: BAR 4 [mem 0x8000000000-0x8000003fff 64bit pref]: assigned
[    0.394303] pci 0000:00:02.0: BAR 4 [mem 0x8000004000-0x8000007fff 64bit pref]: assigned
[    0.394545] pci 0000:00:03.0: BAR 4 [mem 0x8000008000-0x800000bfff 64bit pref]: assigned
[    0.394724] pci 0000:00:04.0: BAR 4 [mem 0x800000c000-0x800000ffff 64bit pref]: assigned
[    0.394883] pci 0000:00:01.0: BAR 1 [mem 0x10080000-0x10080fff]: assigned
[    0.395029] pci 0000:00:02.0: BAR 1 [mem 0x10081000-0x10081fff]: assigned
[    0.395163] pci 0000:00:03.0: BAR 1 [mem 0x10082000-0x10082fff]: assigned
[    0.395294] pci 0000:00:04.0: BAR 1 [mem 0x10083000-0x10083fff]: assigned
[    0.395461] pci 0000:00:02.0: BAR 0 [io  0x1000-0x107f]: assigned
[    0.395868] pci 0000:00:03.0: BAR 0 [io  0x1080-0x10ff]: assigned
[    0.396287] pci 0000:00:04.0: BAR 0 [io  0x1100-0x117f]: assigned
[    0.396720] pci 0000:00:01.0: BAR 0 [io  0x1180-0x119f]: assigned
[    0.397334] pci_bus 0000:00: resource 4 [mem 0x10000000-0x3efeffff window]
[    0.397557] pci_bus 0000:00: resource 5 [io  0x0000-0xffff window]
[    0.397678] pci_bus 0000:00: resource 6 [mem 0x8000000000-0xffffffffff window]
[    0.398811] ACPI: PCI: Interrupt link GSI0 configured for IRQ 35
[    0.399090] ACPI: PCI: Interrupt link GSI1 configured for IRQ 36
[    0.399274] ACPI: PCI: Interrupt link GSI2 configured for IRQ 37
[    0.399484] ACPI: PCI: Interrupt link GSI3 configured for IRQ 38
[    0.403410] iommu: Default domain type: Translated
[    0.403585] iommu: DMA domain TLB invalidation policy: lazy mode
[    0.406524] SCSI subsystem initialized
[    0.409389] ACPI: bus type USB registered
[    0.410049] usbcore: registered new interface driver usbfs
[    0.410500] usbcore: registered new interface driver hub
[    0.410846] usbcore: registered new device driver usb
[    0.411723] pps_core: LinuxPPS API ver. 1 registered
[    0.411931] pps_core: Software ver. 5.3.6 - Copyright 2005-2007 Rodolfo Giometti <giometti@linux.it>
[    0.412409] PTP clock support registered
[    0.414168] EDAC MC: Ver: 3.0.0
[    0.416007] scmi_core: SCMI protocol bus registered
[    0.418436] Registered efivars operations
[    0.429255] NetLabel: Initializing
[    0.429425] NetLabel:  domain hash size = 128
[    0.429519] NetLabel:  protocols = UNLABELED CIPSOv4 CALIPSO
[    0.430337] NetLabel:  unlabeled traffic allowed by default
[    0.431430] vgaarb: loaded
[    0.435166] clocksource: Switched to clocksource arch_sys_counter
[    0.438346] VFS: Disk quotas dquot_6.6.0
[    0.438688] VFS: Dquot-cache hash table entries: 512 (order 0, 4096 bytes)
[    0.441092] pnp: PnP ACPI init
[    0.443521] system 00:00: [mem 0x4010000000-0x401fffffff window] could not be reserved
[    0.444141] pnp: PnP ACPI: found 1 devices
[    0.470042] NET: Registered PF_INET protocol family
[    0.471658] IP idents hash table entries: 32768 (order: 6, 262144 bytes, linear)
[    0.479002] tcp_listen_portaddr_hash hash table entries: 1024 (order: 2, 16384 bytes, linear)
[    0.479309] Table-perturb hash table entries: 65536 (order: 6, 262144 bytes, linear)
[    0.479611] TCP established hash table entries: 16384 (order: 5, 131072 bytes, linear)
[    0.480031] TCP bind hash table entries: 16384 (order: 6, 262144 bytes, linear)
[    0.480419] TCP: Hash tables configured (established 16384 bind 16384)
[    0.482574] MPTCP token hash table entries: 2048 (order: 3, 49152 bytes, linear)
[    0.483045] UDP hash table entries: 1024 (order: 3, 32768 bytes, linear)
[    0.483419] UDP-Lite hash table entries: 1024 (order: 3, 32768 bytes, linear)
[    0.485496] NET: Registered PF_UNIX/PF_LOCAL protocol family
[    0.485993] NET: Registered PF_XDP protocol family
[    0.486421] PCI: CLS 0 bytes, default 64
[    0.487233] ACPI: bus type thunderbolt registered
[    0.492168] Trying to unpack rootfs image as initramfs...
[    0.495337] kvm [1]: HYP mode not available
[    0.551125] Initialise system trusted keyrings
[    0.552819] Key type blacklist registered
[    0.553963] workingset: timestamp_bits=38 max_order=19 bucket_order=0
[    0.554405] zbud: loaded
[    0.561347] integrity: Platform Keyring initialized
[    0.561918] integrity: Machine keyring initialized
[    2.288879] Freeing initrd memory: 58004K
[    2.613376] NET: Registered PF_ALG protocol family
[    2.613802] xor: measuring software checksum speed
[    2.616917]    8regs           :  3694 MB/sec
[    2.619857]    32regs          :  3671 MB/sec
[    2.623575]    arm64_neon      :  2839 MB/sec
[    2.623722] xor: using function: 8regs (3694 MB/sec)
[    2.623885] Key type asymmetric registered
[    2.624044] Asymmetric key parser 'x509' registered
[    2.624582] Block layer SCSI generic (bsg) driver version 0.4 loaded (major 246)
[    2.625974] io scheduler mq-deadline registered
[    2.626147] io scheduler kyber registered
[    2.626516] io scheduler bfq registered
[    2.642249] atomic64_test: passed
[    2.653204] input: Power Button as /devices/LNXSYSTM:00/LNXSYBUS:00/PNP0C0C:00/input/input0
[    2.654401] ACPI: button: Power Button [PWRB]
[    2.664298] ACPI: \_SB_.PCI0.GSI1: Enabled at IRQ 36
[    2.665387] virtio-pci 0000:00:01.0: enabling device (0005 -> 0007)
[    2.669309] ACPI: \_SB_.PCI0.GSI2: Enabled at IRQ 37
[    2.669541] virtio-pci 0000:00:02.0: enabling device (0005 -> 0007)
[    2.671948] ACPI: \_SB_.PCI0.GSI3: Enabled at IRQ 38
[    2.672156] virtio-pci 0000:00:03.0: enabling device (0005 -> 0007)
[    2.674608] ACPI: \_SB_.PCI0.GSI0: Enabled at IRQ 35
[    2.674814] virtio-pci 0000:00:04.0: enabling device (0005 -> 0007)
[    2.677858] Serial: 8250/16550 driver, 4 ports, IRQ sharing enabled
[    2.689524] rdac: device handler registered
[    2.690399] hp_sw: device handler registered
[    2.690562] emc: device handler registered
[    2.691215] alua: device handler registered
[    2.698045] usbcore: registered new interface driver usbserial_generic
[    2.698459] usbserial: USB Serial support registered for generic
[    2.699811] mousedev: PS/2 mouse device common for all mice
[    2.705376] rtc-efi rtc-efi.0: registered as rtc0
[    2.706328] rtc-efi rtc-efi.0: setting system clock to 2026-10-10T09:44:05 UTC (1791625445)
[    2.712497] hid: raw HID events driver (C) Jiri Kosina
[    2.713401] usbcore: registered new interface driver usbhid
[    2.713554] usbhid: USB HID core driver
[    2.717506] hw perfevents: enabled with armv8_pmuv3_0 PMU driver, 7 (0,8000003f) counters available
[    2.719909] drop_monitor: Initializing network drop monitor service
[    2.788378] Initializing XFRM netlink socket
[    2.789290] NET: Registered PF_INET6 protocol family
[    2.880347] Segment Routing with IPv6
[    2.881044] NET: Registered PF_PACKET protocol family
[    2.882190] mpls_gso: MPLS GSO support
[    2.885774] registered taskstats version 1
[    2.889764] Loading compiled-in X.509 certificates
[    2.900616] Loaded X.509 cert 'Rocky Enterprise Software Foundation: Rocky Linux kernel signing key: 2cc44271b4923934717aef96c0486060bbf01907'
[    2.901209] Loaded X.509 cert 'Rocky Enterprise Software Foundation: Rocky Linux Driver Signing Cert 101 (aarch64): 27049f986744cc3d6a729d084fea189a8a4162ae'
[    2.901703] Loaded X.509 cert 'Rocky Enterprise Software Foundation: Rocky Linux Kpatch Signing Cert 101 (aarch64): 9d746705f9b736d045fbb886d66a3f97bf844cc0'
[    2.902100] Loaded X.509 cert 'Rocky Enterprise Software Foundation: Rocky Linux IMA Intermediate CA: 01'
[    2.902464] Loaded X.509 cert 'Rocky Enterprise Software Foundation: Nvidia GPU OOT Signing 101 (aarch64): c99fe8b5cb81a9180209c8023a359b009a5cdcf6'
[    2.936681] Demotion targets for Node 0: null
[    2.936966] page_owner is disabled
[    2.938486] Key type .fscrypt registered
[    2.938646] Key type fscrypt-provisioning registered
[    2.940071] Key type big_key registered
[    2.944208] Key type encrypted registered
[    2.947777] integrity: Loading X.509 certificate: UEFI:MokListRT (MOKvar table)
[    2.951225] integrity: Loading X.509 certificate: UEFI:MokListRT (MOKvar table)
[    2.952183] integrity: Loaded X.509 cert 'Rocky Enterprise Software Foundation: Rocky Linux Secure Boot Root CA: 4c2c6bd7d64ee81581cab8e986661f65e2166fc4'
[    2.953246] ima: secureboot mode disabled
[    2.953758] ima: No TPM chip found, activating TPM-bypass!
[    2.953966] Loading compiled-in module X.509 certificates
[    2.955655] Loaded X.509 cert 'Rocky Enterprise Software Foundation: Rocky Linux kernel signing key: 2cc44271b4923934717aef96c0486060bbf01907'
[    2.955977] ima: Allocated hash algorithm: sha256
[    2.957488] ima: No architecture policies found
[    2.958183] evm: Initialising EVM extended attributes:
[    2.958326] evm: security.selinux
[    2.958458] evm: security.SMACK64 (disabled)
[    2.958549] evm: security.SMACK64EXEC (disabled)
[    2.958636] evm: security.SMACK64TRANSMUTE (disabled)
[    2.958727] evm: security.SMACK64MMAP (disabled)
[    2.958813] evm: security.apparmor (disabled)
[    2.958895] evm: security.ima
[    2.958958] evm: security.capability
[    2.959041] evm: HMAC attrs: 0x1
[    3.520422] Running certificate verification RSA selftest
[    3.522698] Loaded X.509 cert 'Certificate verification self-testing key: f58703bb33ce1b73ee02eccdee5b8817518fe3db'
[    3.526095] Running certificate verification ECDSA selftest
[    3.533435] Loaded X.509 cert 'Certificate verification ECDSA self-testing key: 2900bcea1deb7bc8479a84a23d758efdfdd2b2d3'
[    3.577891] clk: Disabling unused clocks
[    3.646150] Freeing unused kernel memory: 7488K
[    3.693636] Checked W+X mappings: passed, no W+X pages found
[    3.694309] Run /init as init process
[    3.891457] systemd[1]: systemd 252-67.el9.rocky.0.1 running in system mode (+PAM +AUDIT +SELINUX -APPARMOR +IMA +SMACK +SECCOMP +GCRYPT +GNUTLS +OPENSSL +ACL +BLKID +CURL +ELFUTILS +FIDO2 +IDN2 -IDN -IPTC +KMOD +LIBCRYPTSETUP +LIBFDISK +PCRE2 -PWQUALITY +P11KIT -QRENCODE +TPM2 +BZIP2 +LZ4 +XZ +ZLIB +ZSTD -BPF_FRAMEWORK +XKBCOMMON +UTMP +SYSVINIT default-hierarchy=unified)
[    3.894341] systemd[1]: Detected virtualization qemu.
[    3.894760] systemd[1]: Detected architecture arm64.
[    3.895260] systemd[1]: Running in initrd.

Welcome to [0;32mRocky Linux 9.8 (Blue Onyx) dracut-057-110.git20260130.el9 (Initramfs)[0m!

[    3.903616] systemd[1]: No hostname configured, using default hostname.
[    3.905373] systemd[1]: Hostname set to <localhost>.
[    3.910901] systemd[1]: Initializing machine ID from random generator.
[    5.474596] systemd[1]: Queued start job for default target Initrd Default Target.
[    5.534239] systemd[1]: Started Dispatch Password Requests to Console Directory Watch.
[[0;32m  OK  [0m] Started [0;1;39mDispatch Password Requests to Console Directory Watch[0m.
[    5.538858] systemd[1]: Reached target Local Encrypted Volumes.
[[0;32m  OK  [0m] Reached target [0;1;39mLocal Encrypted Volumes[0m.
[    5.540266] systemd[1]: Reached target Initrd /usr File System.
[[0;32m  OK  [0m] Reached target [0;1;39mInitrd /usr File System[0m.
[    5.541343] systemd[1]: Reached target Local File Systems.
[[0;32m  OK  [0m] Reached target [0;1;39mLocal File Systems[0m.
[    5.542344] systemd[1]: Reached target Path Units.
[[0;32m  OK  [0m] Reached target [0;1;39mPath Units[0m.
[    5.543387] systemd[1]: Reached target Slice Units.
[[0;32m  OK  [0m] Reached target [0;1;39mSlice Units[0m.
[    5.544371] systemd[1]: Reached target Swaps.
[[0;32m  OK  [0m] Reached target [0;1;39mSwaps[0m.
[    5.545510] systemd[1]: Reached target Timer Units.
[[0;32m  OK  [0m] Reached target [0;1;39mTimer Units[0m.
[    5.550501] systemd[1]: Listening on D-Bus System Message Bus Socket.
[[0;32m  OK  [0m] Listening on [0;1;39mD-Bus System Message Bus Socket[0m.
[    5.553693] systemd[1]: Listening on Journal Socket (/dev/log).
[[0;32m  OK  [0m] Listening on [0;1;39mJournal Socket (/dev/log)[0m.
[    5.556692] systemd[1]: Listening on Journal Socket.
[[0;32m  OK  [0m] Listening on [0;1;39mJournal Socket[0m.
[    5.559663] systemd[1]: Listening on udev Control Socket.
[[0;32m  OK  [0m] Listening on [0;1;39mudev Control Socket[0m.
[    5.561928] systemd[1]: Listening on udev Kernel Socket.
[[0;32m  OK  [0m] Listening on [0;1;39mudev Kernel Socket[0m.
[    5.562942] systemd[1]: Reached target Socket Units.
[[0;32m  OK  [0m] Reached target [0;1;39mSocket Units[0m.
[    5.588410] systemd[1]: Starting Create List of Static Device Nodes...
         Starting [0;1;39mCreate List of Static Device Nodes[0m...
[    5.622730] systemd[1]: Starting Journal Service...
         Starting [0;1;39mJournal Service[0m...
[    5.642693] systemd[1]: Starting Load Kernel Modules...
         Starting [0;1;39mLoad Kernel Modules[0m...
[    5.677475] systemd[1]: Starting Create System Users...
         Starting [0;1;39mCreate System Users[0m...
[    5.719737] systemd[1]: Starting Setup Virtual Console...
         Starting [0;1;39mSetup Virtual Console[0m...
[    5.826001] systemd[1]: Finished Create List of Static Device Nodes.
[[0;32m  OK  [0m] Finished [0;1;39mCreate List of Static Device Nodes[0m.
[    5.931153] systemd[1]: Finished Setup Virtual Console.
[[0;32m  OK  [0m] Finished [0;1;39mSetup Virtual Console[0m.
[    5.947565] systemd[1]: dracut ask for additional cmdline parameters was skipped because no trigger condition checks were met.
[    5.974290] i2c_dev: i2c /dev entries driver
[    6.028215] systemd[1]: Starting dracut cmdline hook...
         Starting [0;1;39mdracut cmdline hook[0m...
[    6.041829] systemd[1]: Finished Load Kernel Modules.
[[0;32m  OK  [0m] Finished [0;1;39mLoad Kernel Modules[0m.
[    6.087603] systemd[1]: Starting Apply Kernel Variables...
         Starting [0;1;39mApply Kernel Variables[0m...
[    6.260660] systemd[1]: Finished Create System Users.
[[0;32m  OK  [0m] Finished [0;1;39mCreate System Users[0m.
[    6.318022] systemd[1]: Starting Create Static Device Nodes in /dev...
         Starting [0;1;39mCreate Static Device Nodes in /dev[0m...
[    6.322094] systemd[1]: Started Journal Service.
[[0;32m  OK  [0m] Started [0;1;39mJournal Service[0m.
         Starting [0;1;39mCreate Volatile Files and Directories[0m...
[[0;32m  OK  [0m] Finished [0;1;39mApply Kernel Variables[0m.
[[0;32m  OK  [0m] Finished [0;1;39mCreate Static Device Nodes in /dev[0m.
[[0;32m  OK  [0m] Finished [0;1;39mCreate Volatile Files and Directories[0m.
[[0;32m  OK  [0m] Finished [0;1;39mdracut cmdline hook[0m.
         Starting [0;1;39mdracut pre-udev hook[0m...
[    8.679276] device-mapper: core: CONFIG_IMA_DISABLE_HTABLE is disabled. Duplicate IMA measurements will not be recorded in the IMA log.
[    8.680036] device-mapper: uevent: version 1.0.3
[    8.681853] device-mapper: ioctl: 4.50.0-ioctl (2025-04-28) initialised: dm-devel@lists.linux.dev
[    9.141327] RPC: Registered named UNIX socket transport module.
[    9.141619] RPC: Registered udp transport module.
[    9.141725] RPC: Registered tcp transport module.
[    9.141821] RPC: Registered tcp-with-tls transport module.
[    9.141924] RPC: Registered tcp NFSv4.1 backchannel transport module.
[[0;32m  OK  [0m] Finished [0;1;39mdracut pre-udev hook[0m.
         Starting [0;1;39mRule-based Manager for Device Events and Files[0m...
[[0;32m  OK  [0m] Started [0;1;39mRule-based Manager for Device Events and Files[0m.
         Starting [0;1;39mdracut pre-trigger hook[0m...
[[0;32m  OK  [0m] Finished [0;1;39mdracut pre-trigger hook[0m.
         Starting [0;1;39mColdplug All udev Devices[0m...
[[0;32m  OK  [0m] Created slice [0;1;39mSlice /system/modprobe[0m.
         Starting [0;1;39mLoad Kernel Module configfs[0m...
[[0;32m  OK  [0m] Finished [0;1;39mLoad Kernel Module configfs[0m.
[[0;32m  OK  [0m] Finished [0;1;39mColdplug All udev Devices[0m.
         Mounting [0;1;39mKernel Configuration File System[0m...
[[0;32m  OK  [0m] Reached target [0;1;39mNetwork[0m.
         Starting [0;1;39mdracut initqueue hook[0m...
[[0;32m  OK  [0m] Mounted [0;1;39mKernel Configuration File System[0m.
[[0;32m  OK  [0m] Reached target [0;1;39mSystem Initialization[0m.
[[0;32m  OK  [0m] Reached target [0;1;39mBasic System[0m.
[[0;32m  OK  [0m] Started [0;1;39mHardware RNG Entropy Gatherer Daemon[0m.
[   15.011596] virtio_blk virtio1: 2/0/0 default/read/poll queues
[   15.063065] virtio_blk virtio1: [vda] 33554432 512-byte logical blocks (17.2 GB/16.0 GiB)
[   15.164196] GPT:Primary header thinks Alt. header is not at the end of the disk.
[   15.164530] GPT:20971519 != 33554431
[   15.164673] GPT:Alternate GPT header not at the end of the disk.
[   15.164808] GPT:20971519 != 33554431
[   15.164892] GPT: Use GNU Parted to correct GPT errors.
[   15.165706]  vda: vda1 vda2 vda3
[   15.178588] virtio_blk virtio2: 2/0/0 default/read/poll queues
[   15.181094] virtio_blk virtio2: [vdb] 732 512-byte logical blocks (375 kB/366 KiB)
[   15.201653] virtio_blk virtio3: 2/0/0 default/read/poll queues
[   15.203976] virtio_blk virtio3: [vdc] 1048576 512-byte logical blocks (537 MB/512 MiB)
[   15.233318]  vdc:
[[0;32m  OK  [0m] Found device [0;1;39m/dev/disk/by-uuid/f87198e0-c67d-44fb-b44e-9714f2c7fb00[0m.
[[0;32m  OK  [0m] Reached target [0;1;39mInitrd Root Device[0m.
[[0;32m  OK  [0m] Finished [0;1;39mdracut initqueue hook[0m.
[[0;32m  OK  [0m] Reached target [0;1;39mPreparation for Remote File Systems[0m.
[[0;32m  OK  [0m] Reached target [0;1;39mRemote Encrypted Volumes[0m.
[[0;32m  OK  [0m] Reached target [0;1;39mRemote File Systems[0m.
         Starting [0;1;39mdracut pre-mount hook[0m...
[[0;32m  OK  [0m] Finished [0;1;39mdracut pre-mount hook[0m.
         Starting [0;1;39mFile System Check on /dev…98e0-c67d-44fb-b44e-9714f2c7fb00[0m...
[[0;32m  OK  [0m] Finished [0;1;39mFile System Check on /dev…7198e0-c67d-44fb-b44e-9714f2c7fb00[0m.
         Mounting [0;1;39m/sysroot[0m...
[   19.026433] SGI XFS with ACLs, security attributes, scrub, quota, no debug enabled
[   19.061061] XFS (vda3): Mounting V5 Filesystem f87198e0-c67d-44fb-b44e-9714f2c7fb00
[   19.097406] XFS (vda3): Ending clean mount
[[0;32m  OK  [0m] Mounted [0;1;39m/sysroot[0m.
[[0;32m  OK  [0m] Reached target [0;1;39mInitrd Root File System[0m.
         Starting [0;1;39mMountpoints Configured in the Real Root[0m...
[[0;32m  OK  [0m] Finished [0;1;39mMountpoints Configured in the Real Root[0m.
[[0;32m  OK  [0m] Reached target [0;1;39mInitrd File Systems[0m.
[[0;32m  OK  [0m] Reached target [0;1;39mInitrd Default Target[0m.
         Starting [0;1;39mdracut pre-pivot and cleanup hook[0m...
[[0;32m  OK  [0m] Finished [0;1;39mdracut pre-pivot and cleanup hook[0m.
         Starting [0;1;39mCleaning Up and Shutting Down Daemons[0m...
[[0;32m  OK  [0m] Stopped target [0;1;39mNetwork[0m.
[[0;32m  OK  [0m] Stopped target [0;1;39mRemote Encrypted Volumes[0m.
[[0;32m  OK  [0m] Stopped target [0;1;39mTimer Units[0m.
[[0;32m  OK  [0m] Closed [0;1;39mD-Bus System Message Bus Socket[0m.
[[0;32m  OK  [0m] Stopped [0;1;39mdracut pre-pivot and cleanup hook[0m.
[[0;32m  OK  [0m] Stopped target [0;1;39mInitrd Default Target[0m.
[[0;32m  OK  [0m] Stopped target [0;1;39mInitrd Root Device[0m.
[[0;32m  OK  [0m] Stopped target [0;1;39mInitrd /usr File System[0m.
[[0;32m  OK  [0m] Stopped target [0;1;39mRemote File Systems[0m.
[[0;32m  OK  [0m] Stopped target [0;1;39mPreparation for Remote File Systems[0m.
[[0;32m  OK  [0m] Stopped [0;1;39mdracut pre-mount hook[0m.
[[0;32m  OK  [0m] Stopped [0;1;39mdracut initqueue hook[0m.
         Stopping [0;1;39mHardware RNG Entropy Gatherer Daemon[0m...
[[0;32m  OK  [0m] Stopped [0;1;39mSetup Virtual Console[0m.
[[0;32m  OK  [0m] Stopped [0;1;39mHardware RNG Entropy Gatherer Daemon[0m.
[[0;32m  OK  [0m] Stopped target [0;1;39mBasic System[0m.
[[0;32m  OK  [0m] Stopped target [0;1;39mPath Units[0m.
[[0;32m  OK  [0m] Stopped target [0;1;39mSlice Units[0m.
[[0;32m  OK  [0m] Stopped target [0;1;39mSocket Units[0m.
[[0;32m  OK  [0m] Stopped target [0;1;39mSystem Initialization[0m.
[[0;32m  OK  [0m] Stopped target [0;1;39mLocal Encrypted Volumes[0m.
[[0;32m  OK  [0m] Stopped [0;1;39mDispatch Password Requests to Console Directory Watch[0m.
[[0;32m  OK  [0m] Stopped target [0;1;39mLocal File Systems[0m.
[[0;32m  OK  [0m] Stopped target [0;1;39mSwaps[0m.
[[0;32m  OK  [0m] Stopped [0;1;39mApply Kernel Variables[0m.
[[0;32m  OK  [0m] Stopped [0;1;39mLoad Kernel Modules[0m.
[[0;32m  OK  [0m] Stopped [0;1;39mCreate Volatile Files and Directories[0m.
[[0;32m  OK  [0m] Stopped [0;1;39mColdplug All udev Devices[0m.
[[0;32m  OK  [0m] Stopped [0;1;39mdracut pre-trigger hook[0m.
         Stopping [0;1;39mRule-based Manager for Device Events and Files[0m...
[[0;32m  OK  [0m] Finished [0;1;39mCleaning Up and Shutting Down Daemons[0m.
[[0;32m  OK  [0m] Stopped [0;1;39mRule-based Manager for Device Events and Files[0m.
[[0;32m  OK  [0m] Closed [0;1;39mudev Control Socket[0m.
[[0;32m  OK  [0m] Closed [0;1;39mudev Kernel Socket[0m.
[[0;32m  OK  [0m] Stopped [0;1;39mdracut pre-udev hook[0m.
[[0;32m  OK  [0m] Stopped [0;1;39mdracut cmdline hook[0m.
         Starting [0;1;39mCleanup udev Database[0m...
[[0;32m  OK  [0m] Stopped [0;1;39mCreate Static Device Nodes in /dev[0m.
[[0;32m  OK  [0m] Stopped [0;1;39mCreate List of Static Device Nodes[0m.
[[0;32m  OK  [0m] Stopped [0;1;39mCreate System Users[0m.
[[0;32m  OK  [0m] Finished [0;1;39mCleanup udev Database[0m.
[[0;32m  OK  [0m] Reached target [0;1;39mSwitch Root[0m.
         Starting [0;1;39mSwitch Root[0m...
[   21.859567] systemd-journald[199]: Received SIGTERM from PID 1 (systemd).
[   22.547656] audit: type=1404 audit(1791625465.330:2): enforcing=1 old_enforcing=0 auid=4294967295 ses=4294967295 enabled=1 old-enabled=1 lsm=selinux res=1
[   22.916762] SELinux:  policy capability network_peer_controls=1
[   22.917025] SELinux:  policy capability open_perms=1
[   22.917126] SELinux:  policy capability extended_socket_class=1
[   22.917238] SELinux:  policy capability always_check_network=0
[   22.917344] SELinux:  policy capability cgroup_seclabel=1
[   22.917461] SELinux:  policy capability nnp_nosuid_transition=1
[   22.917567] SELinux:  policy capability genfs_seclabel_symlinks=1
[   23.446376] audit: type=1403 audit(1791625466.230:3): auid=4294967295 ses=4294967295 lsm=selinux res=1
[   23.468011] systemd[1]: Successfully loaded SELinux policy in 925.655ms.
[   23.851125] systemd[1]: Relabelled /dev, /dev/shm, /run, /sys/fs/cgroup in 305.963ms.
[   23.896004] systemd[1]: systemd 252-67.el9.rocky.0.1 running in system mode (+PAM +AUDIT +SELINUX -APPARMOR +IMA +SMACK +SECCOMP +GCRYPT +GNUTLS +OPENSSL +ACL +BLKID +CURL +ELFUTILS +FIDO2 +IDN2 -IDN -IPTC +KMOD +LIBCRYPTSETUP +LIBFDISK +PCRE2 -PWQUALITY +P11KIT -QRENCODE +TPM2 +BZIP2 +LZ4 +XZ +ZLIB +ZSTD -BPF_FRAMEWORK +XKBCOMMON +UTMP +SYSVINIT default-hierarchy=unified)
[   23.898108] systemd[1]: Detected virtualization qemu.
[   23.898659] systemd[1]: Detected architecture arm64.

Welcome to [0;32mRocky Linux 9.8 (Blue Onyx)[0m!

[   23.916090] systemd[1]: Initializing machine ID from random generator.
[   23.918138] systemd[1]: Installed transient /etc/machine-id file.
[   25.051636] systemd-rc-local-generator[513]: /etc/rc.d/rc.local is not marked executable, skipping.
[   27.552405] systemd[1]: initrd-switch-root.service: Deactivated successfully.
[   27.555796] systemd[1]: Stopped Switch Root.
[[0;32m  OK  [0m] Stopped [0;1;39mSwitch Root[0m.
[   27.566882] systemd[1]: systemd-journald.service: Scheduled restart job, restart counter is at 1.
[   27.577857] systemd[1]: Created slice Slice /system/getty.
[[0;32m  OK  [0m] Created slice [0;1;39mSlice /system/getty[0m.
[   27.585666] systemd[1]: Created slice Slice /system/serial-getty.
[[0;32m  OK  [0m] Created slice [0;1;39mSlice /system/serial-getty[0m.
[   27.592484] systemd[1]: Created slice Slice /system/sshd-keygen.
[[0;32m  OK  [0m] Created slice [0;1;39mSlice /system/sshd-keygen[0m.
[   27.600216] systemd[1]: Created slice User and Session Slice.
[[0;32m  OK  [0m] Created slice [0;1;39mUser and Session Slice[0m.
[   27.604344] systemd[1]: Started Dispatch Password Requests to Console Directory Watch.
[[0;32m  OK  [0m] Started [0;1;39mDispatch Password Requests to Console Directory Watch[0m.
[   27.607507] systemd[1]: Started Forward Password Requests to Wall Directory Watch.
[[0;32m  OK  [0m] Started [0;1;39mForward Password Requests to Wall Directory Watch[0m.
[   27.616106] systemd[1]: Set up automount Arbitrary Executable File Formats File System Automount Point.
[[0;32m  OK  [0m] Set up automount [0;1;39mArbitrary Executa…ormats File System Automount Point[0m.
[   27.618219] systemd[1]: Reached target Local Encrypted Volumes.
[[0;32m  OK  [0m] Reached target [0;1;39mLocal Encrypted Volumes[0m.
[   27.619472] systemd[1]: Stopped target Switch Root.
[[0;32m  OK  [0m] Stopped target [0;1;39mSwitch Root[0m.
[   27.620533] systemd[1]: Stopped target Initrd File Systems.
[[0;32m  OK  [0m] Stopped target [0;1;39mInitrd File Systems[0m.
[   27.621469] systemd[1]: Stopped target Initrd Root File System.
[[0;32m  OK  [0m] Stopped target [0;1;39mInitrd Root File System[0m.
[   27.622479] systemd[1]: Reached target Local Integrity Protected Volumes.
[[0;32m  OK  [0m] Reached target [0;1;39mLocal Integrity Protected Volumes[0m.
[   27.623699] systemd[1]: Reached target Path Units.
[[0;32m  OK  [0m] Reached target [0;1;39mPath Units[0m.
[   27.624763] systemd[1]: Reached target rpc_pipefs.target.
[[0;32m  OK  [0m] Reached target [0;1;39mrpc_pipefs.target[0m.
[   27.626074] systemd[1]: Reached target Slice Units.
[[0;32m  OK  [0m] Reached target [0;1;39mSlice Units[0m.
[   27.627097] systemd[1]: Reached target Swaps.
[[0;32m  OK  [0m] Reached target [0;1;39mSwaps[0m.
[   27.628084] systemd[1]: Reached target Local Verity Protected Volumes.
[[0;32m  OK  [0m] Reached target [0;1;39mLocal Verity Protected Volumes[0m.
[   27.728613] systemd[1]: Listening on RPCbind Server Activation Socket.
[[0;32m  OK  [0m] Listening on [0;1;39mRPCbind Server Activation Socket[0m.
[   27.730828] systemd[1]: Reached target RPC Port Mapper.
[[0;32m  OK  [0m] Reached target [0;1;39mRPC Port Mapper[0m.
[   27.753549] systemd[1]: Listening on Process Core Dump Socket.
[[0;32m  OK  [0m] Listening on [0;1;39mProcess Core Dump Socket[0m.
[   27.757636] systemd[1]: Listening on initctl Compatibility Named Pipe.
[[0;32m  OK  [0m] Listening on [0;1;39minitctl Compatibility Named Pipe[0m.
[   27.768718] systemd[1]: Listening on udev Control Socket.
[[0;32m  OK  [0m] Listening on [0;1;39mudev Control Socket[0m.
[   27.772945] systemd[1]: Listening on udev Kernel Socket.
[[0;32m  OK  [0m] Listening on [0;1;39mudev Kernel Socket[0m.
[   27.837166] systemd[1]: Mounting Huge Pages File System...
         Mounting [0;1;39mHuge Pages File System[0m...
[   27.860482] systemd[1]: Mounting POSIX Message Queue File System...
         Mounting [0;1;39mPOSIX Message Queue File System[0m...
[   27.903455] systemd[1]: Mounting Kernel Debug File System...
         Mounting [0;1;39mKernel Debug File System[0m...
[   27.956559] systemd[1]: Mounting Kernel Trace File System...
         Mounting [0;1;39mKernel Trace File System[0m...
[   27.959862] systemd[1]: Kernel Module supporting RPCSEC_GSS was skipped because of an unmet condition check (ConditionPathExists=/etc/krb5.keytab).
[   27.997098] systemd[1]: Starting Create List of Static Device Nodes...
         Starting [0;1;39mCreate List of Static Device Nodes[0m...
[   28.047064] systemd[1]: Starting Load Kernel Module configfs...
         Starting [0;1;39mLoad Kernel Module configfs[0m...
[   28.094717] systemd[1]: Starting Load Kernel Module drm...
         Starting [0;1;39mLoad Kernel Module drm[0m...
[   28.119879] systemd[1]: Starting Load Kernel Module efi_pstore...
         Starting [0;1;39mLoad Kernel Module efi_pstore[0m...
[   28.157799] systemd[1]: Starting Load Kernel Module fuse...
         Starting [0;1;39mLoad Kernel Module fuse[0m...
[   28.217576] systemd[1]: Starting Read and set NIS domainname from /etc/sysconfig/network...
         Starting [0;1;39mRead and set NIS domainname from /etc/sysconfig/network[0m...
[   28.247305] systemd[1]: Stopped Journal Service.
[[0;32m  OK  [0m] Stopped [0;1;39mJournal Service[0m.
[   28.358085] systemd[1]: Starting Journal Service...
         Starting [0;1;39mJournal Service[0m...
[   28.393041] fuse: init (API version 7.37)
[   28.477930] systemd[1]: Starting Load Kernel Modules...
         Starting [0;1;39mLoad Kernel Modules[0m...
[   28.520042] systemd[1]: Starting Generate network units from Kernel command line...
         Starting [0;1;39mGenerate network units from Kernel command line[0m...
[   28.540750] systemd[1]: TPM2 PCR Machine ID Measurement was skipped because of an unmet condition check (ConditionPathExists=/sys/firmware/efi/efivars/StubPcrKernelImage-4a67b082-0a4c-41cf-b6c7-440b29bb8c4f).
[   28.657056] systemd[1]: Starting Remount Root and Kernel File Systems...
         Starting [0;1;39mRemount Root and Kernel File Systems[0m...
[   28.676885] systemd[1]: Repartition Root Disk was skipped because no trigger condition checks were met.
[   28.727748] systemd[1]: Starting Coldplug All udev Devices...
         Starting [0;1;39mColdplug All udev Devices[0m...
[   28.758628] ACPI: bus type drm_connector registered
[   28.862555] systemd[1]: Mounted Huge Pages File System.
[[0;32m  OK  [0m] Mounted [0;1;39mHuge Pages File System[0m.
[   28.878164] systemd[1]: Mounted POSIX Message Queue File System.
[[0;32m  OK  [0m] Mounted [0;1;39mPOSIX Message Queue File System[0m.
[   28.881113] systemd[1]: Mounted Kernel Debug File System.
[[0;32m  OK  [0m] Mounted [0;1;39mKernel Debug File System[0m.
[   28.883693] systemd[1]: Mounted Kernel Trace File System.
[[0;32m  OK  [0m] Mounted [0;1;39mKernel Trace File System[0m.
[   28.901208] systemd[1]: Finished Create List of Static Device Nodes.
[[0;32m  OK  [0m] Finished [0;1;39mCreate List of Static Device Nodes[0m.
[   28.909424] systemd[1]: modprobe@configfs.service: Deactivated successfully.
[   28.923325] systemd[1]: Finished Load Kernel Module configfs.
[[0;32m  OK  [0m] Finished [0;1;39mLoad Kernel Module configfs[0m.
[   28.943661] systemd[1]: modprobe@drm.service: Deactivated successfully.
[   28.947044] systemd[1]: Finished Load Kernel Module drm.
[[0;32m  OK  [0m] Finished [0;1;39mLoad Kernel Module drm[0m.
[   28.962093] systemd[1]: modprobe@efi_pstore.service: Deactivated successfully.
[   28.976243] systemd[1]: Finished Load Kernel Module efi_pstore.
[[0;32m  OK  [0m] Finished [0;1;39mLoad Kernel Module efi_pstore[0m.
[   28.983119] systemd[1]: modprobe@fuse.service: Deactivated successfully.
[   28.996953] systemd[1]: Finished Load Kernel Module fuse.
[[0;32m  OK  [0m] Finished [0;1;39mLoad Kernel Module fuse[0m.
[   29.022718] systemd[1]: Finished Read and set NIS domainname from /etc/sysconfig/network.
[[0;32m  OK  [0m] Finished [0;1;39mRead and set NIS domainname from /etc/sysconfig/network[0m.
[   29.036392] systemd[1]: Finished Load Kernel Modules.
[[0;32m  OK  [0m] Finished [0;1;39mLoad Kernel Modules[0m.
[   29.041837] systemd[1]: Started Journal Service.
[[0;32m  OK  [0m] Started [0;1;39mJournal Service[0m.
[[0;32m  OK  [0m] Finished [0;1;39mGenerate network units from Kernel command line[0m.
[[0;32m  OK  [0m] Finished [0;1;39mRemount Root and Kernel File Systems[0m.
         Mounting [0;1;39mFUSE Control File System[0m...
         Starting [0;1;39mRebuild Hardware Database[0m...
         Starting [0;1;39mFlush Journal to Persistent Storage[0m...
         Starting [0;1;39mLoad/Save OS Random Seed[0m...
         Starting [0;1;39mApply Kernel Variables[0m...
[   29.482508] systemd-journald[559]: Received client request to flush runtime journal.
         Starting [0;1;39mCreate System Users[0m...
[[0;32m  OK  [0m] Mounted [0;1;39mFUSE Control File System[0m.
[[0;32m  OK  [0m] Finished [0;1;39mLoad/Save OS Random Seed[0m.
[[0;32m  OK  [0m] Finished [0;1;39mApply Kernel Variables[0m.
[[0;32m  OK  [0m] Finished [0;1;39mFlush Journal to Persistent Storage[0m.
[[0;32m  OK  [0m] Finished [0;1;39mCreate System Users[0m.
         Starting [0;1;39mCreate Static Device Nodes in /dev[0m...
[[0;32m  OK  [0m] Finished [0;1;39mColdplug All udev Devices[0m.
[[0;32m  OK  [0m] Finished [0;1;39mCreate Static Device Nodes in /dev[0m.
[[0;32m  OK  [0m] Reached target [0;1;39mPreparation for Local File Systems[0m.
[[0m[0;31m*     [0m] (1 of 4) A start job is running for /dev/ttyAMA0 (5s / no limit)
M[K[[0;1;31m*[0m[0;31m*    [0m] (1 of 4) A start job is running for /dev/ttyAMA0 (6s / no limit)
M[K[[0;31m*[0;1;31m*[0m[0;31m*   [0m] (1 of 4) A start job is running for /dev/ttyAMA0 (7s / no limit)
M[K[ [0;31m*[0;1;31m*[0m[0;31m*  [0m] (2 of 4) A start job is running for…/by-uuid/54A0-C405 (7s / no limit)
M[K[  [0;31m*[0;1;31m*[0m[0;31m* [0m] (2 of 4) A start job is running for…/by-uuid/54A0-C405 (8s / no limit)
M[K[[0;32m  OK  [0m] Finished [0;1;39mRebuild Hardware Database[0m.
[K         Starting [0;1;39mRule-based Manager for Device Events and Files[0m...
[[0;32m  OK  [0m] Started [0;1;39mRule-based Manager for Device Events and Files[0m.
         Starting [0;1;39mLoad Kernel Module configfs[0m...
[[0;32m  OK  [0m] Finished [0;1;39mLoad Kernel Module configfs[0m.
         Mounting [0;1;39m/boot[0m...
[   38.077975] XFS (vda2): Mounting V5 Filesystem 68327dac-0671-4250-a358-733d4bf12a3c
[   38.109243] XFS (vda2): Ending clean mount
[[0;32m  OK  [0m] Mounted [0;1;39m/boot[0m.
         Mounting [0;1;39m/boot/efi[0m...
[[0;32m  OK  [0m] Mounted [0;1;39m/boot/efi[0m.
[[0;32m  OK  [0m] Reached target [0;1;39mLocal File Systems[0m.
         Starting [0;1;39mRebuild Dynamic Linker Cache[0m...
         Starting [0;1;39mAutomatic Boot Loader Update[0m...
         Starting [0;1;39mCommit a transient machine-id on disk[0m...
         Starting [0;1;39mCreate Volatile Files and Directories[0m...
[[0;32m  OK  [0m] Finished [0;1;39mAutomatic Boot Loader Update[0m.
[[0;32m  OK  [0m] Finished [0;1;39mCommit a transient machine-id on disk[0m.
[[0;32m  OK  [0m] Finished [0;1;39mCreate Volatile Files and Directories[0m.
[[0;32m  OK  [0m] Finished [0;1;39mRebuild Dynamic Linker Cache[0m.
         Starting [0;1;39mSecurity Auditing Service[0m...
         Starting [0;1;39mRPC Bind[0m...
         Starting [0;1;39mRebuild Journal Catalog[0m...
[[0;32m  OK  [0m] Started [0;1;39mRPC Bind[0m.
[[0;32m  OK  [0m] Finished [0;1;39mRebuild Journal Catalog[0m.
         Starting [0;1;39mUpdate is Completed[0m...
[[0;32m  OK  [0m] Finished [0;1;39mUpdate is Completed[0m.
[[0;32m  OK  [0m] Started [0;1;39mSecurity Auditing Service[0m.
         Starting [0;1;39mRecord System Boot/Shutdown in UTMP[0m...
[[0;32m  OK  [0m] Finished [0;1;39mRecord System Boot/Shutdown in UTMP[0m.
[[0;32m  OK  [0m] Reached target [0;1;39mSystem Initialization[0m.
[[0;32m  OK  [0m] Started [0;1;39mdnf makecache --timer[0m.
[[0;32m  OK  [0m] Started [0;1;39mDaily rotation of log files[0m.
[[0;32m  OK  [0m] Started [0;1;39mWeekly RAID setup health check[0m.
[[0;32m  OK  [0m] Started [0;1;39mDaily Cleanup of Temporary Directories[0m.
[[0;32m  OK  [0m] Reached target [0;1;39mTimer Units[0m.
[[0;32m  OK  [0m] Listening on [0;1;39mD-Bus System Message Bus Socket[0m.
[[0;32m  OK  [0m] Listening on [0;1;39mSSSD Kerberos Cache Manager responder socket[0m.
[[0;32m  OK  [0m] Reached target [0;1;39mSocket Units[0m.
         Starting [0;1;39mD-Bus System Message Bus[0m...
[[0;32m  OK  [0m] Started [0;1;39mD-Bus System Message Bus[0m.
[[0;32m  OK  [0m] Reached target [0;1;39mBasic System[0m.
         Starting [0;1;39mNTP client/server[0m...
         Starting [0;1;39mCloud-init: Local Stage (pre-network)[0m...
         Starting [0;1;39mRestore /run/initramfs on shutdown[0m...
[[0;32m  OK  [0m] Started [0;1;39mirqbalance daemon[0m.
[[0;32m  OK  [0m] Started [0;1;39mHardware RNG Entropy Gatherer Daemon[0m.
[[0;32m  OK  [0m] Reached target [0;1;39msshd-keygen.target[0m.
[[0;32m  OK  [0m] Reached target [0;1;39mUser and Group Name Lookups[0m.
         Starting [0;1;39mUser Login Management[0m...
[[0;32m  OK  [0m] Finished [0;1;39mRestore /run/initramfs on shutdown[0m.
[[0;32m  OK  [0m] Started [0;1;39mNTP client/server[0m.
[[0;32m  OK  [0m] Started [0;1;39mUser Login Management[0m.
[   49.892617] cloud-init[693]: Cloud-init v. 24.4-8.el9.rocky.0.1 running 'init-local' at Sat, 10 Oct 2026 09:44:52 +0000. Up 49.55 seconds.
         Starting [0;1;39mHostname Service[0m...
[[0;32m  OK  [0m] Started [0;1;39mHostname Service[0m.
[[0;32m  OK  [0m] Finished [0;1;39mCloud-init: Local Stage (pre-network)[0m.
[[0;32m  OK  [0m] Reached target [0;1;39mPreparation for Network[0m.
         Starting [0;1;39mNetwork Manager[0m...
         Starting [0;1;39mNetwork Manager Script Dispatcher Service[0m...
[[0;32m  OK  [0m] Listening on [0;1;39mLoad/Save RF Kill Switch Status /dev/rfkill Watch[0m.
[[0;32m  OK  [0m] Started [0;1;39mNetwork Manager Script Dispatcher Service[0m.
[[0;32m  OK  [0m] Started [0;1;39mNetwork Manager[0m.
[[0;32m  OK  [0m] Reached target [0;1;39mNetwork[0m.
         Starting [0;1;39mNetwork Manager Wait Online[0m...
         Starting [0;1;39mGSSAPI Proxy Daemon[0m...
[[0;32m  OK  [0m] Started [0;1;39mGSSAPI Proxy Daemon[0m.
[[0;32m  OK  [0m] Reached target [0;1;39mNFS client services[0m.
[[0;32m  OK  [0m] Reached target [0;1;39mPreparation for Remote File Systems[0m.
[[0;32m  OK  [0m] Reached target [0;1;39mRemote File Systems[0m.
[[0;32m  OK  [0m] Finished [0;1;39mNetwork Manager Wait Online[0m.
         Starting [0;1;39mCloud-init: Network Stage[0m...
[   61.334013] cloud-init[774]: Cloud-init v. 24.4-8.el9.rocky.0.1 running 'init' at Sat, 10 Oct 2026 09:45:03 +0000. Up 61.00 seconds.
[   61.645277] cloud-init[774]: ci-info: ++++++++++++++++++++++++++++++++++++++Net device info++++++++++++++++++++++++++++++++++++++
[   61.649285] cloud-init[774]: ci-info: +--------+------+----------------------------+---------------+--------+-------------------+
[   61.652648] cloud-init[774]: ci-info: | Device |  Up  |          Address           |      Mask     | Scope  |     Hw-Address    |
[   61.654249] cloud-init[774]: ci-info: +--------+------+----------------------------+---------------+--------+-------------------+
[   61.656115] cloud-init[774]: ci-info: |  eth0  | True |         10.0.2.15          | 255.255.255.0 | global | 52:54:00:12:34:56 |
[   61.658377] cloud-init[774]: ci-info: |  eth0  | True | fec0::5054:ff:fe12:3456/64 |       .       |  site  | 52:54:00:12:34:56 |
[   61.662211] cloud-init[774]: ci-info: |  eth0  | True | fe80::5054:ff:fe12:3456/64 |       .       |  link  | 52:54:00:12:34:56 |
[   61.664198] cloud-init[774]: ci-info: |   lo   | True |         127.0.0.1          |   255.0.0.0   |  host  |         .         |
[   61.666840] cloud-init[774]: ci-info: |   lo   | True |          ::1/128           |       .       |  host  |         .         |
[   61.668587] cloud-init[774]: ci-info: +--------+------+----------------------------+---------------+--------+-------------------+
[   61.669756] cloud-init[774]: ci-info: +++++++++++++++++++++++++++Route IPv4 info++++++++++++++++++++++++++++
[   61.672085] cloud-init[774]: ci-info: +-------+-------------+----------+---------------+-----------+-------+
[   61.673384] cloud-init[774]: ci-info: | Route | Destination | Gateway  |    Genmask    | Interface | Flags |
[   61.674724] cloud-init[774]: ci-info: +-------+-------------+----------+---------------+-----------+-------+
[   61.675906] cloud-init[774]: ci-info: |   0   |   0.0.0.0   | 10.0.2.2 |    0.0.0.0    |    eth0   |   UG  |
[   61.677710] cloud-init[774]: ci-info: |   1   |   10.0.2.0  | 0.0.0.0  | 255.255.255.0 |    eth0   |   U   |
[   61.678755] cloud-init[774]: ci-info: +-------+-------------+----------+---------------+-----------+-------+
[   61.679990] cloud-init[774]: ci-info: +++++++++++++++++++Route IPv6 info+++++++++++++++++++
[   61.681327] cloud-init[774]: ci-info: +-------+-------------+---------+-----------+-------+
[   61.682962] cloud-init[774]: ci-info: | Route | Destination | Gateway | Interface | Flags |
[   61.684834] cloud-init[774]: ci-info: +-------+-------------+---------+-----------+-------+
[   61.686180] cloud-init[774]: ci-info: |   1   |  fe80::/64  |    ::   |    eth0   |   U   |
[   61.687778] cloud-init[774]: ci-info: |   2   |  fec0::/64  |    ::   |    eth0   |   U   |
[   61.688785] cloud-init[774]: ci-info: |   3   |     ::/0    | fe80::2 |    eth0   |   UG  |
[   61.690632] cloud-init[774]: ci-info: |   5   |    local    |    ::   |    eth0   |   U   |
[   61.691669] cloud-init[774]: ci-info: |   6   |    local    |    ::   |    eth0   |   U   |
[   61.692699] cloud-init[774]: ci-info: |   7   |  multicast  |    ::   |    eth0   |   U   |
[   61.694826] cloud-init[774]: ci-info: +-------+-------------+---------+-----------+-------+
[   70.741046] cloud-init[774]: Generating public/private rsa key pair.
[   70.747156] cloud-init[774]: Your identification has been saved in /etc/ssh/ssh_host_rsa_key
[   70.752069] cloud-init[774]: Your public key has been saved in /etc/ssh/ssh_host_rsa_key.pub
[   70.755753] cloud-init[774]: The key fingerprint is:
[   70.758119] cloud-init[774]: SHA256:T+nu4thqeUdCAgCTxpmDYPKTh6byD0EZg3M2RNSkufE root@probe
[   70.761646] cloud-init[774]: The key's randomart image is:
[   70.764472] cloud-init[774]: +---[RSA 3072]----+
[   70.766989] cloud-init[774]: |OOX+.            |
[   70.769543] cloud-init[774]: |BO+Oo            |
[   70.772722] cloud-init[774]: |.+&...           |
[   70.775425] cloud-init[774]: | + *  . .  .     |
[   70.778101] cloud-init[774]: |o o E  oS o      |
[   70.781637] cloud-init[774]: |.. .    .+.      |
[   70.784255] cloud-init[774]: |  o    . oo      |
[   70.786459] cloud-init[774]: |   o  ooo..      |
[   70.787522] cloud-init[774]: |    ..o+o+o      |
[   70.788591] cloud-init[774]: +----[SHA256]-----+
[   70.789596] cloud-init[774]: Generating public/private ecdsa key pair.
[   70.791298] cloud-init[774]: Your identification has been saved in /etc/ssh/ssh_host_ecdsa_key
[   70.792357] cloud-init[774]: Your public key has been saved in /etc/ssh/ssh_host_ecdsa_key.pub
[   70.793408] cloud-init[774]: The key fingerprint is:
[   70.794304] cloud-init[774]: SHA256:F8/Bcc/y0kX37pcv/41X2283PdPowHCA6BIgUPGZsCw root@probe
[   70.795349] cloud-init[774]: The key's randomart image is:
[   70.796237] cloud-init[774]: +---[ECDSA 256]---+
[   70.797086] cloud-init[774]: |+.=.        . . o|
[   70.798053] cloud-init[774]: | o = o . . . o +o|
[   70.799062] cloud-init[774]: |E o = . . o o . =|
[   70.800345] cloud-init[774]: | .   o     = . =.|
[   70.801554] cloud-init[774]: |    . . S o + . +|
[   70.802537] cloud-init[774]: |     .   . +   oo|
[   70.803536] cloud-init[774]: |            o  oO|
[   70.804510] cloud-init[774]: |             .o*@|
[   70.805494] cloud-init[774]: |             .o=&|
[   70.806530] cloud-init[774]: +----[SHA256]-----+
[   70.807403] cloud-init[774]: Generating public/private ed25519 key pair.
[   70.808370] cloud-init[774]: Your identification has been saved in /etc/ssh/ssh_host_ed25519_key
[   70.809382] cloud-init[774]: Your public key has been saved in /etc/ssh/ssh_host_ed25519_key.pub
[   70.810606] cloud-init[774]: The key fingerprint is:
[   70.811494] cloud-init[774]: SHA256:wKwNImP0tQ3t4jCMnDpYAZ7mRmsdXaudQp0mWAnUGT4 root@probe
[   70.812654] cloud-init[774]: The key's randomart image is:
[   70.813552] cloud-init[774]: +--[ED25519 256]--+
[   70.814469] cloud-init[774]: |.o.oo==.         |
[   70.815423] cloud-init[774]: |o + ***.o        |
[   70.816440] cloud-init[774]: |+*==.E=*         |
[   70.817408] cloud-init[774]: |=*+=o=*o.        |
[   70.818432] cloud-init[774]: |o* .=oooS        |
[   70.819623] cloud-init[774]: |*    ..          |
[   70.821603] cloud-init[774]: | .               |
[   70.823346] cloud-init[774]: |                 |
[   70.825449] cloud-init[774]: |                 |
[   70.826951] cloud-init[774]: +----[SHA256]-----+
[[0;32m  OK  [0m] Finished [0;1;39mCloud-init: Network Stage[0m.
[[0;32m  OK  [0m] Reached target [0;1;39mCloud-config availability[0m.
[[0;32m  OK  [0m] Reached target [0;1;39mNetwork is Online[0m.
         Starting [0;1;39mCloud-init: Config Stage[0m...
         Starting [0;1;39mCrash recovery kernel arming[0m...
         Starting [0;1;39mNotify NFS peers of a restart[0m...
         Starting [0;1;39mSystem Logging Service[0m...
         Starting [0;1;39mOpenSSH server daemon[0m...
         Starting [0;1;39mPermit User Sessions[0m...
[[0;32m  OK  [0m] Started [0;1;39mNotify NFS peers of a restart[0m.
[[0;32m  OK  [0m] Finished [0;1;39mPermit User Sessions[0m.
[[0;32m  OK  [0m] Started [0;1;39mCommand Scheduler[0m.
[[0;32m  OK  [0m] Started [0;1;39mGetty on tty1[0m.
[[0;32m  OK  [0m] Started [0;1;39mSerial Getty on ttyAMA0[0m.
[[0;32m  OK  [0m] Reached target [0;1;39mLogin Prompts[0m.
[[0;32m  OK  [0m] Started [0;1;39mOpenSSH server daemon[0m.
[[0;32m  OK  [0m] Started [0;1;39mSystem Logging Service[0m.
[[0;32m  OK  [0m] Reached target [0;1;39mMulti-User System[0m.
         Starting [0;1;39mRecord Runlevel Change in UTMP[0m...
[[0;32m  OK  [0m] Finished [0;1;39mRecord Runlevel Change in UTMP[0m.
[   77.777006] cloud-init[1010]: Cloud-init v. 24.4-8.el9.rocky.0.1 running 'modules:config' at Sat, 10 Oct 2026 09:45:19 +0000. Up 77.03 seconds.

Rocky Linux 9.8 (Blue Onyx)
Kernel 5.14.0-687.10.1.el9_8.0.1.aarch64 on aarch64

Activate the web console with: systemctl enable --now cockpit.socket

probe login: [   83.888712] cloud-init[1199]: Cloud-init v. 24.4-8.el9.rocky.0.1 running 'modules:final' at Sat, 10 Oct 2026 09:45:26 +0000. Up 83.20 seconds.
vm-inner: start
[  129.729089] block vda: the capability attribute has been deprecated.
vm-inner: packages exit 0
vm-inner: measure exit 0
vm-inner: done
[[0;32m  OK  [0m] Stopped [0;1;39m/usr/bin/systemctl start man-db-cache-update[0m.
[[0;32m  OK  [0m] Removed slice [0;1;39mSlice /system/modprobe[0m.
[[0;32m  OK  [0m] Removed slice [0;1;39mSlice /system/sshd-keygen[0m.
[[0;32m  OK  [0m] Stopped target [0;1;39mrpc_pipefs.target[0m.
[[0;32m  OK  [0m] Stopped target [0;1;39mRPC Port Mapper[0m.
[[0;32m  OK  [0m] Stopped target [0;1;39mTimer Units[0m.
[[0;32m  OK  [0m] Stopped [0;1;39mdnf makecache --timer[0m.
[[0;32m  OK  [0m] Stopped [0;1;39mDaily rotation of log files[0m.
[[0;32m  OK  [0m] Stopped [0;1;39mWeekly RAID setup health check[0m.
[[0;32m  OK  [0m] Stopped [0;1;39mDaily Cleanup of Temporary Directories[0m.
[[0;32m  OK  [0m] Closed [0;1;39mProcess Core Dump Socket[0m.
[[0;32m  OK  [0m] Closed [0;1;39mLoad/Save RF Kill Switch Status /dev/rfkill Watch[0m.
         Unmounting [0;1;39mRPC Pipe File System[0m...
         Stopping [0;1;39mRestore /run/initramfs on shutdown[0m...
[[0;32m  OK  [0m] Stopped [0;1;39mCommit a transient machine-id on disk[0m.
         Stopping [0;1;39mLoad/Save OS Random Seed[0m...
[[0;32m  OK  [0m] Unmounted [0;1;39mRPC Pipe File System[0m.
[[0;32m  OK  [0m] Stopped [0;1;39mRestore /run/initramfs on shutdown[0m.
[[0;32m  OK  [0m] Stopped [0;1;39mLoad/Save OS Random Seed[0m.
Cloud-init 24.4-8.el9.rocky.0.1 received SIGTERM, exiting...
  Filename: /usr/lib64/python3.9/site-packages/selinux/__init__.py
  Function: selinux_restorecon_parallel
  Line number: 462
    Filename: /usr/lib64/python3.9/site-packages/selinux/__init__.py
    Function: restorecon
    Line number: 96
      Filename: /usr/lib/python3.9/site-packages/cloudinit/util.py
      Function: __exit__
      Line number: 223
[  243.329213] cloud-init[1199]: Cloud-init 24.4-8.el9.rocky.0.1 received SIGTERM, exiting...
[  243.347075] cloud-init[1199]:   Filename: /usr/lib64/python3.9/site-packages/selinux/__init__.py
[  243.348067] cloud-init[1199]:   Function: selinux_restorecon_parallel
[  243.348978] cloud-init[1199]:   Line number: 462
[  243.350006] cloud-init[1199]:     Filename: /usr/lib64/python3.9/site-packages/selinux/__init__.py
[  243.361905] cloud-init[1199]:     Function: restorecon
[  243.362822] cloud-init[1199]:     Line number: 96
[  243.363629] cloud-init[1199]:       Filename: /usr/lib/python3.9/site-packages/cloudinit/util.py
[  243.364633] cloud-init[1199]:       Function: __exit__
[  243.365619] cloud-init[1199]:       Line number: 223
[  243.366759] cloud-init[1199]: 2026-10-10 09:48:06,160 - log_util.py[ERROR]: Cloud-init 24.4-8.el9.rocky.0.1 received SIGTERM, exiting...
[  243.367800] cloud-init[1199]:   Filename: /usr/lib64/python3.9/site-packages/selinux/__init__.py
[  243.368652] cloud-init[1199]:   Function: selinux_restorecon_parallel
[  243.369490] cloud-init[1199]:   Line number: 462
[  243.373771] cloud-init[1199]:     Filename: /usr/lib64/python3.9/site-packages/selinux/__init__.py
[  243.374903] cloud-init[1199]:     Function: restorecon
[  243.375581] cloud-init[1199]:     Line number: 96
[  243.376247] cloud-init[1199]:       Filename: /usr/lib/python3.9/site-packages/cloudinit/util.py
[  243.376955] cloud-init[1199]:       Function: __exit__
[  243.377680] cloud-init[1199]:       Line number: 223
[  243.423037] cloud-init[1199]: 2026-10-10 09:48:06,166 - main.py[ERROR]: failed stage modules-final
[  243.424282] cloud-init[1199]: Traceback (most recent call last):
[  243.425094] cloud-init[1199]:   File "/usr/lib/python3.9/site-packages/cloudinit/cmd/main.py", line 922, in status_wrapper
[  243.425993] cloud-init[1199]:     ret = functor(name, args)
[  243.426825] cloud-init[1199]:   File "/usr/lib/python3.9/site-packages/cloudinit/cmd/main.py", line 762, in main_modules
[  243.427701] cloud-init[1199]:     return run_module_section(mods, name, name)
[  243.428512] cloud-init[1199]:   File "/usr/lib/python3.9/site-packages/cloudinit/cmd/main.py", line 140, in run_module_section
[  243.429250] cloud-init[1199]:     (which_ran, failures) = mods.run_section(full_section_name)
[  243.440481] cloud-init[1199]:   File "/usr/lib/python3.9/site-packages/cloudinit/config/modules.py", line 379, in run_section
[  243.441777] cloud-init[1199]:     return self._run_modules(active_mods)
[  243.442620] cloud-init[1199]:   File "/usr/lib/python3.9/site-packages/cloudinit/config/modules.py", line 295, in _run_modules
[  243.443520] cloud-init[1199]:     ran, _r = cc.run(
[  243.444296] cloud-init[1199]:   File "/usr/lib/python3.9/site-packages/cloudinit/cloud.py", line 71, in run
[  243.445218] cloud-init[1199]:     return self._runners.run(name, functor, args, freq, clear_on_fail)
[  243.446093] cloud-init[1199]:   File "/usr/lib/python3.9/site-packages/cloudinit/helpers.py", line 156, in run
[  243.447064] cloud-init[1199]:     results = functor(**args)
[  243.447856] cloud-init[1199]:   File "/usr/lib/python3.9/site-packages/cloudinit/config/cc_ssh_authkey_fingerprints.py", line 125, in handle
[  243.448817] cloud-init[1199]:     (key_fn, key_entries) = ssh_util.extract_authorized_keys(user_name)
[  243.449717] cloud-init[1199]:   File "/usr/lib/python3.9/site-packages/cloudinit/ssh_util.py", line 425, in extract_authorized_keys
[  243.461563] cloud-init[1199]:     util.logexc(
[  243.462284] cloud-init[1199]:   File "/usr/lib/python3.9/site-packages/cloudinit/util.py", line 223, in __exit__
[  243.463161] cloud-init[1199]:     self.selinux.restorecon(path, recursive=self.recursive)
[  243.464137] cloud-init[1199]:   File "/usr/lib64/python3.9/site-packages/selinux/__init__.py", line 96, in restorecon
[  243.465162] cloud-init[1199]:     selinux_restorecon_parallel(os.path.expanduser(path), restorecon_flags, nthreads)
[  243.466005] cloud-init[1199]:   File "/usr/lib64/python3.9/site-packages/selinux/__init__.py", line 462, in selinux_restorecon_parallel
[  243.466899] cloud-init[1199]:     return _selinux.selinux_restorecon_parallel(pathname, restorecon_flags, nthreads)
[  243.467824] cloud-init[1199]:   File "/usr/lib/python3.9/site-packages/cloudinit/signal_handler.py", line 48, in _handle_exit
[  243.468766] cloud-init[1199]:     sys.exit(rc)
[  243.469566] cloud-init[1199]: SystemExit: 1
[  243.481853] cloud-init[1199]: failed run of stage modules-final
[  243.483115] cloud-init[1199]: ------------------------------------------------------------
[  243.483962] cloud-init[1199]: Traceback (most recent call last):
[  243.484762] cloud-init[1199]:   File "/usr/lib/python3.9/site-packages/cloudinit/cmd/main.py", line 922, in status_wrapper
[  243.485644] cloud-init[1199]:     ret = functor(name, args)
[  243.486264] cloud-init[1199]:   File "/usr/lib/python3.9/site-packages/cloudinit/cmd/main.py", line 762, in main_modules
[  243.487008] cloud-init[1199]:     return run_module_section(mods, name, name)
[  243.487666] cloud-init[1199]:   File "/usr/lib/python3.9/site-packages/cloudinit/cmd/main.py", line 140, in run_module_section
[  243.488402] cloud-init[1199]:     (which_ran, failures) = mods.run_section(full_section_name)
[  243.489065] cloud-init[1199]:   File "/usr/lib/python3.9/site-packages/cloudinit/config/modules.py", line 379, in run_section
[  243.489799] cloud-init[1199]:     return self._run_modules(active_mods)
[  243.501042] cloud-init[1199]:   File "/usr/lib/python3.9/site-packages/cloudinit/config/modules.py", line 295, in _run_modules
[  243.502058] cloud-init[1199]:     ran, _r = cc.run(
[  243.511196] cloud-init[1199]:   File "/usr/lib/python3.9/site-packages/cloudinit/cloud.py", line 71, in run
[  243.512448] cloud-init[1199]:     return self._runners.run(name, functor, args, freq, clear_on_fail)
[  243.513557] cloud-init[1199]:   File "/usr/lib/python3.9/site-packages/cloudinit/helpers.py", line 156, in run
[  243.514546] cloud-init[1199]:     results = functor(**args)
[  243.515469] cloud-init[1199]:   File "/usr/lib/python3.9/site-packages/cloudinit/config/cc_ssh_authkey_fingerprints.py", line 125, in handle
[  243.516444] cloud-init[1199]:     (key_fn, key_entries) = ssh_util.extract_authorized_keys(user_name)
[  243.517254] cloud-init[1199]:   File "/usr/lib/python3.9/site-packages/cloudinit/ssh_util.py", line 425, in extract_authorized_keys
[  243.518295] cloud-init[1199]:     util.logexc(
[  243.518987] cloud-init[1199]:   File "/usr/lib/python3.9/site-packages/cloudinit/util.py", line 223, in __exit__
[  243.519808] cloud-init[1199]:     self.selinux.restorecon(path, recursive=self.recursive)
[  243.531055] cloud-init[1199]:   File "/usr/lib64/python3.9/site-packages/selinux/__init__.py", line 96, in restorecon
[  243.532120] cloud-init[1199]:     selinux_restorecon_parallel(os.path.expanduser(path), restorecon_flags, nthreads)
[  243.533161] cloud-init[1199]:   File "/usr/lib64/python3.9/site-packages/selinux/__init__.py", line 462, in selinux_restorecon_parallel
[  243.534159] cloud-init[1199]:     return _selinux.selinux_restorecon_parallel(pathname, restorecon_flags, nthreads)
[  243.535072] cloud-init[1199]:   File "/usr/lib/python3.9/site-packages/cloudinit/signal_handler.py", line 48, in _handle_exit
[  243.535818] cloud-init[1199]:     sys.exit(rc)
[  243.536439] cloud-init[1199]: SystemExit: 1
[  243.537271] cloud-init[1199]: ------------------------------------------------------------
[  244.989046] systemd-rc-local-generator[5256]: /etc/rc.d/rc.local is not marked executable, skipping.
[[0;32m  OK  [0m] Stopped [0;1;39mCloud-init: Final Stage[0m.
[[0;32m  OK  [0m] Stopped [0;1;39mman-db-cache-update.service[0m.
[[0;32m  OK  [0m] Stopped target [0;1;39mMulti-User System[0m.
[[0;32m  OK  [0m] Stopped target [0;1;39mLogin Prompts[0m.
         Stopping [0;1;39mNTP client/server[0m...
[[0;32m  OK  [0m] Stopped [0;1;39mCloud-init: Config Stage[0m.
[[0;32m  OK  [0m] Stopped target [0;1;39mCloud-config availability[0m.
         Stopping [0;1;39mCommand Scheduler[0m...
         Stopping [0;1;39mGetty on tty1[0m...
         Stopping [0;1;39mirqbalance daemon[0m...
         Stopping [0;1;39mHardware RNG Entropy Gatherer Daemon[0m...
         Stopping [0;1;39mSystem Logging Service[0m...
         Stopping [0;1;39mSerial Getty on ttyAMA0[0m...
         Stopping [0;1;39mOpenSSH server daemon[0m...
         Stopping [0;1;39mUser Login Management[0m...
[[0;32m  OK  [0m] Stopped [0;1;39mirqbalance daemon[0m.
[[0;32m  OK  [0m] Stopped [0;1;39mHardware RNG Entropy Gatherer Daemon[0m.
[[0;32m  OK  [0m] Stopped [0;1;39mNTP client/server[0m.
[[0;32m  OK  [0m] Stopped [0;1;39mUser Login Management[0m.
[[0;32m  OK  [0m] Stopped [0;1;39mOpenSSH server daemon[0m.
[[0;32m  OK  [0m] Stopped [0;1;39mCommand Scheduler[0m.
[[0;32m  OK  [0m] Stopped [0;1;39mGetty on tty1[0m.
[[0;32m  OK  [0m] Stopped [0;1;39mSerial Getty on ttyAMA0[0m.
[[0;32m  OK  [0m] Stopped [0;1;39mSystem Logging Service[0m.
[[0;32m  OK  [0m] Removed slice [0;1;39mSlice /system/getty[0m.
[[0;32m  OK  [0m] Removed slice [0;1;39mSlice /system/serial-getty[0m.
[[0;32m  OK  [0m] Stopped target [0;1;39mNetwork is Online[0m.
[[0;32m  OK  [0m] Stopped target [0;1;39msshd-keygen.target[0m.
[[0;32m  OK  [0m] Stopped [0;1;39mNetwork Manager Wait Online[0m.
         Stopping [0;1;39mPermit User Sessions[0m...
[[0;32m  OK  [0m] Stopped [0;1;39mPermit User Sessions[0m.
[[0;32m  OK  [0m] Stopped target [0;1;39mUser and Group Name Lookups[0m.
[[0;32m  OK  [0m] Stopped target [0;1;39mRemote File Systems[0m.
[[0;32m  OK  [0m] Stopped target [0;1;39mPreparation for Remote File Systems[0m.
[[0;32m  OK  [0m] Stopped target [0;1;39mNFS client services[0m.
         Stopping [0;1;39mGSSAPI Proxy Daemon[0m...
[[0;32m  OK  [0m] Stopped [0;1;39mGSSAPI Proxy Daemon[0m.
[[0;32m  OK  [0m] Stopped target [0;1;39mNetwork[0m.
         Stopping [0;1;39mNetwork Manager[0m...
[[0;32m  OK  [0m] Stopped [0;1;39mNetwork Manager[0m.
[[0;32m  OK  [0m] Stopped target [0;1;39mPreparation for Network[0m.
[[0;32m  OK  [0m] Stopped [0;1;39mCloud-init: Local Stage (pre-network)[0m.
[[0;32m  OK  [0m] Stopped target [0;1;39mBasic System[0m.
[[0;32m  OK  [0m] Stopped target [0;1;39mPath Units[0m.
[[0;32m  OK  [0m] Stopped target [0;1;39mSlice Units[0m.
[[0;32m  OK  [0m] Removed slice [0;1;39mUser and Session Slice[0m.
[[0;32m  OK  [0m] Stopped target [0;1;39mSocket Units[0m.
[[0;32m  OK  [0m] Closed [0;1;39mSSSD Kerberos Cache Manager responder socket[0m.
         Stopping [0;1;39mD-Bus System Message Bus[0m...
[[0;32m  OK  [0m] Stopped [0;1;39mGenerate network units from Kernel command line[0m.
[[0;32m  OK  [0m] Stopped [0;1;39mD-Bus System Message Bus[0m.
[[0;32m  OK  [0m] Closed [0;1;39mD-Bus System Message Bus Socket[0m.
[[0;32m  OK  [0m] Stopped target [0;1;39mSystem Initialization[0m.
[[0;32m  OK  [0m] Unset automount [0;1;39mArbitrary Executab…ormats File System Automount Point[0m.
[[0;32m  OK  [0m] Stopped target [0;1;39mLocal Encrypted Volumes[0m.
[[0;32m  OK  [0m] Stopped [0;1;39mDispatch Password Requests to Console Directory Watch[0m.
[[0;32m  OK  [0m] Stopped [0;1;39mForward Password Requests to Wall Directory Watch[0m.
[[0;32m  OK  [0m] Stopped target [0;1;39mLocal Integrity Protected Volumes[0m.
[[0;32m  OK  [0m] Stopped target [0;1;39mSwaps[0m.
[[0;32m  OK  [0m] Stopped target [0;1;39mLocal Verity Protected Volumes[0m.
[[0;32m  OK  [0m] Stopped [0;1;39mRead and set NIS domainname from /etc/sysconfig/network[0m.
[[0;32m  OK  [0m] Stopped [0;1;39mApply Kernel Variables[0m.
[[0;32m  OK  [0m] Stopped [0;1;39mLoad Kernel Modules[0m.
[[0;32m  OK  [0m] Stopped [0;1;39mUpdate is Completed[0m.
[[0;32m  OK  [0m] Stopped [0;1;39mRebuild Dynamic Linker Cache[0m.
[[0;32m  OK  [0m] Stopped [0;1;39mAutomatic Boot Loader Update[0m.
[[0;32m  OK  [0m] Stopped [0;1;39mRebuild Hardware Database[0m.
[[0;32m  OK  [0m] Stopped [0;1;39mRebuild Journal Catalog[0m.
         Stopping [0;1;39mRecord System Boot/Shutdown in UTMP[0m...
[[0;32m  OK  [0m] Unmounted [0;1;39m/run/credentials/systemd-sysctl.service[0m.
[[0;32m  OK  [0m] Stopped [0;1;39mRecord System Boot/Shutdown in UTMP[0m.
         Stopping [0;1;39mSecurity Auditing Service[0m...
[  249.773414] audit: type=1305 audit(1791625692.835:121): op=set audit_pid=0 old=623 auid=4294967295 ses=4294967295 subj=system_u:system_r:auditd_t:s0 res=1
[[0;32m  OK  [0m] Stopped [0;1;39mSecurity Auditing Service[0m.
[  249.830169] audit: type=1131 audit(1791625692.895:122): pid=1 uid=0 auid=4294967295 ses=4294967295 subj=system_u:system_r:init_t:s0 msg='unit=auditd comm="systemd" exe="/usr/lib/systemd/systemd" hostname=? addr=? terminal=? res=success'
[[0;32m  OK  [0m] Stopped [0;1;39mCreate Volatile Files and Directories[0m.
[  249.834309] audit: type=1131 audit(1791625692.895:123): pid=1 uid=0 auid=4294967295 ses=4294967295 subj=system_u:system_r:init_t:s0 msg='unit=systemd-tmpfiles-setup comm="systemd" exe="/usr/lib/systemd/systemd" hostname=? addr=? terminal=? res=success'
[[0;32m  OK  [0m] Stopped target [0;1;39mLocal File Systems[0m.
         Unmounting [0;1;39m/boot/efi[0m...
         Unmounting [0;1;39m/run/credentials/systemd-sysusers.service[0m...
         Unmounting [0;1;39m/run/credentials/systemd-tmpfiles-setup.service[0m...
         Unmounting [0;1;39m/run/credentials/systemd-tmpfiles-setup-dev.service[0m...
[[0;32m  OK  [0m] Unmounted [0;1;39m/boot/efi[0m.
[[0;32m  OK  [0m] Unmounted [0;1;39m/run/credentials/systemd-sysusers.service[0m.
[[0;32m  OK  [0m] Unmounted [0;1;39m/run/credentials/systemd-tmpfiles-setup.service[0m.
[[0;32m  OK  [0m] Unmounted [0;1;39m/run/credentials/systemd-tmpfiles-setup-dev.service[0m.
         Unmounting [0;1;39m/boot[0m...
[  250.492036] XFS (vda2): Unmounting Filesystem 68327dac-0671-4250-a358-733d4bf12a3c
[[0;32m  OK  [0m] Unmounted [0;1;39m/boot[0m.
[[0;32m  OK  [0m] Stopped target [0;1;39mPreparation for Local File Systems[0m.
[[0;32m  OK  [0m] Reached target [0;1;39mUnmount All Filesystems[0m.
[[0;32m  OK  [0m] Stopped [0;1;39mCreate Static Device Nodes in /dev[0m.
[  250.534646] audit: type=1131 audit(1791625693.595:124): pid=1 uid=0 auid=4294967295 ses=4294967295 subj=system_u:system_r:init_t:s0 msg='unit=systemd-tmpfiles-setup-dev comm="systemd" exe="/usr/lib/systemd/systemd" hostname=? addr=? terminal=? res=success'
[[0;32m  OK  [0m] Stopped [0;1;39mCreate System Users[0m.
[  250.538414] audit: type=1131 audit(1791625693.595:125): pid=1 uid=0 auid=4294967295 ses=4294967295 subj=system_u:system_r:init_t:s0 msg='unit=systemd-sysusers comm="systemd" exe="/usr/lib/systemd/systemd" hostname=? addr=? terminal=? res=success'
[[0;32m  OK  [0m] Stopped [0;1;39mRemount Root and Kernel File Systems[0m.
[  250.542647] audit: type=1131 audit(1791625693.605:126): pid=1 uid=0 auid=4294967295 ses=4294967295 subj=system_u:system_r:init_t:s0 msg='unit=systemd-remount-fs comm="systemd" exe="/usr/lib/systemd/systemd" hostname=? addr=? terminal=? res=success'
[[0;32m  OK  [0m] Stopped [0;1;39mFile System Check on Root Device[0m.
[  250.546031] audit: type=1131 audit(1791625693.605:127): pid=1 uid=0 auid=4294967295 ses=4294967295 subj=system_u:system_r:init_t:s0 msg='unit=systemd-fsck-root comm="systemd" exe="/usr/lib/systemd/systemd" hostname=? addr=? terminal=? res=success'
[[0;32m  OK  [0m] Reached target [0;1;39mSystem Shutdown[0m.
[[0;32m  OK  [0m] Reached target [0;1;39mLate Shutdown Services[0m.
[[0;32m  OK  [0m] Finished [0;1;39mSystem Power Off[0m.
[  250.554708] audit: type=1130 audit(1791625693.615:128): pid=1 uid=0 auid=4294967295 ses=4294967295 subj=system_u:system_r:init_t:s0 msg='unit=systemd-poweroff comm="systemd" exe="/usr/lib/systemd/systemd" hostname=? addr=? terminal=? res=success'
[  250.555739] audit: type=1131 audit(1791625693.615:129): pid=1 uid=0 auid=4294967295 ses=4294967295 subj=system_u:system_r:init_t:s0 msg='unit=systemd-poweroff comm="systemd" exe="/usr/lib/systemd/systemd" hostname=? addr=? terminal=? res=success'
[[0;32m  OK  [0m] Reached target [0;1;39mSystem Power Off[0m.
[  250.584455] audit: type=1334 audit(1791625693.645:130): prog-id=29 op=UNLOAD
[  250.828760] systemd-shutdown[1]: Syncing filesystems and block devices.
[  250.870148] systemd-shutdown[1]: Sending SIGTERM to remaining processes...
[  250.922729] systemd-journald[559]: Received SIGTERM from PID 1 (systemd-shutdow).
[  251.237118] systemd-shutdown[1]: Sending SIGKILL to remaining processes...
[  251.270059] systemd-shutdown[1]: Unmounting file systems.
[  251.282791] [5341]: Remounting '/' read-only with options 'seclabel,attr2,inode64,logbufs=8,logbsize=32k,noquota'.
[  251.354649] systemd-shutdown[1]: All filesystems unmounted.
[  251.354955] systemd-shutdown[1]: Deactivating swaps.
[  251.356059] systemd-shutdown[1]: All swaps deactivated.
[  251.356268] systemd-shutdown[1]: Detaching loop devices.
[  251.360095] systemd-shutdown[1]: All loop devices detached.
[  251.360319] systemd-shutdown[1]: Stopping MD devices.
[  251.361442] systemd-shutdown[1]: All MD devices stopped.
[  251.361647] systemd-shutdown[1]: Detaching DM devices.
[  251.362568] systemd-shutdown[1]: All DM devices detached.
[  251.362787] systemd-shutdown[1]: All filesystems, swaps, loop devices, MD devices and DM devices detached.
[  251.487544] systemd-shutdown[1]: Syncing filesystems and block devices.
[  251.491308] systemd-shutdown[1]: Powering off.
[  251.496302] reboot: Power down
